Component: Arm Compiler for Embedded 6.19 Tool: armlink [5e73cb00]

==============================================================================

Section Cross References

    main.o(.text.RCC_Config) refers to gpio.o(.text.GPIO_PeriClockControl) for GPIO_PeriClockControl
    main.o(.text.RCC_Config) refers to adc.o(.text.ADC_PeripheralClockControl) for ADC_PeripheralClockControl
    main.o(.text.RCC_Config) refers to dma.o(.text.DMA_PeriClockControl) for DMA_PeriClockControl
    main.o(.ARM.exidx.text.RCC_Config) refers to main.o(.text.RCC_Config) for [Anonymous Symbol]
    main.o(.text.GPIO_Config) refers to gpio.o(.text.GPIO_Init) for GPIO_Init
    main.o(.ARM.exidx.text.GPIO_Config) refers to main.o(.text.GPIO_Config) for [Anonymous Symbol]
    main.o(.text.ADC_Config) refers to adc.o(.text.ADC_Init) for ADC_Init
    main.o(.text.ADC_Config) refers to adc.o(.text.ADC_RegularChannelConfig) for ADC_RegularChannelConfig
    main.o(.text.ADC_Config) refers to adc.o(.text.ADC_DMACmd) for ADC_DMACmd
    main.o(.text.ADC_Config) refers to adc.o(.text.ADC_Cmd) for ADC_Cmd
    main.o(.text.ADC_Config) refers to adc.o(.text.ADC_SoftwareStartConvCmd) for ADC_SoftwareStartConvCmd
    main.o(.ARM.exidx.text.ADC_Config) refers to main.o(.text.ADC_Config) for [Anonymous Symbol]
    main.o(.text.DMA_Config) refers to dma.o(.text.DMA_DeInit) for DMA_DeInit
    main.o(.text.DMA_Config) refers to main.o(.bss.adc_buffer) for adc_buffer
    main.o(.text.DMA_Config) refers to dma.o(.text.DMA_Init) for DMA_Init
    main.o(.text.DMA_Config) refers to dma.o(.text.DMA_Cmd) for DMA_Cmd
    main.o(.ARM.exidx.text.DMA_Config) refers to main.o(.text.DMA_Config) for [Anonymous Symbol]
    main.o(.text.Voltage_Sensor) refers to main.o(.bss.adc_buffer) for adc_buffer
    main.o(.text.Voltage_Sensor) refers to fflt_clz.o(x$fpl$ffltu) for __aeabi_ui2f
    main.o(.text.Voltage_Sensor) refers to kalman.o(.text.updateEstimate) for updateEstimate
    main.o(.text.Voltage_Sensor) refers to ffix.o(x$fpl$ffix) for __aeabi_f2iz
    main.o(.text.Voltage_Sensor) refers to main.o(.bss.kal_voltage) for kal_voltage
    main.o(.text.Voltage_Sensor) refers to dflt_clz.o(x$fpl$dfltu) for __aeabi_ui2d
    main.o(.text.Voltage_Sensor) refers to dmul.o(x$fpl$dmul) for __aeabi_dmul
    main.o(.text.Voltage_Sensor) refers to d2f.o(x$fpl$d2f) for __aeabi_d2f
    main.o(.text.Voltage_Sensor) refers to main.o(.data.r2) for r2
    main.o(.text.Voltage_Sensor) refers to main.o(.data.r1) for r1
    main.o(.text.Voltage_Sensor) refers to main.o(.bss.v1_out) for v1_out
    main.o(.text.Voltage_Sensor) refers to faddsub_clz.o(x$fpl$fadd) for __aeabi_fadd
    main.o(.text.Voltage_Sensor) refers to fmul.o(x$fpl$fmul) for __aeabi_fmul
    main.o(.text.Voltage_Sensor) refers to fdiv.o(x$fpl$fdiv) for __aeabi_fdiv
    main.o(.text.Voltage_Sensor) refers to main.o(.bss.v1_in) for v1_in
    main.o(.text.Voltage_Sensor) refers to f2d.o(x$fpl$f2d) for __aeabi_f2d
    main.o(.text.Voltage_Sensor) refers to ddiv.o(x$fpl$ddiv) for __aeabi_ddiv
    main.o(.text.Voltage_Sensor) refers to main.o(.bss.Vs) for Vs
    main.o(.ARM.exidx.text.Voltage_Sensor) refers to main.o(.text.Voltage_Sensor) for [Anonymous Symbol]
    main.o(.text.Current_Sensor) refers to main.o(.bss.adc_buffer) for adc_buffer
    main.o(.text.Current_Sensor) refers to fflt_clz.o(x$fpl$ffltu) for __aeabi_ui2f
    main.o(.text.Current_Sensor) refers to kalman.o(.text.updateEstimate) for updateEstimate
    main.o(.text.Current_Sensor) refers to ffix.o(x$fpl$ffix) for __aeabi_f2iz
    main.o(.text.Current_Sensor) refers to main.o(.bss.kal_current) for kal_current
    main.o(.text.Current_Sensor) refers to dflt_clz.o(x$fpl$dfltu) for __aeabi_ui2d
    main.o(.text.Current_Sensor) refers to dmul.o(x$fpl$dmul) for __aeabi_dmul
    main.o(.text.Current_Sensor) refers to d2f.o(x$fpl$d2f) for __aeabi_d2f
    main.o(.text.Current_Sensor) refers to fmul.o(x$fpl$fmul) for __aeabi_fmul
    main.o(.text.Current_Sensor) refers to main.o(.bss.v1_out) for v1_out
    main.o(.text.Current_Sensor) refers to main.o(.bss.v2_out) for v2_out
    main.o(.text.Current_Sensor) refers to fdiv.o(x$fpl$fdiv) for __aeabi_fdiv
    main.o(.text.Current_Sensor) refers to main.o(.bss.v2_in) for v2_in
    main.o(.text.Current_Sensor) refers to f2d.o(x$fpl$f2d) for __aeabi_f2d
    main.o(.text.Current_Sensor) refers to daddsub_clz.o(x$fpl$dadd) for __aeabi_dadd
    main.o(.text.Current_Sensor) refers to ddiv.o(x$fpl$ddiv) for __aeabi_ddiv
    main.o(.text.Current_Sensor) refers to main.o(.bss.current) for current
    main.o(.ARM.exidx.text.Current_Sensor) refers to main.o(.text.Current_Sensor) for [Anonymous Symbol]
    main.o(.text.Temperature_Sensor) refers to main.o(.bss.adc_buffer) for adc_buffer
    main.o(.text.Temperature_Sensor) refers to fflt_clz.o(x$fpl$ffltu) for __aeabi_ui2f
    main.o(.text.Temperature_Sensor) refers to kalman.o(.text.updateEstimate) for updateEstimate
[...]
    startup_stm32f10x_md.o(STACK) refers (Special) to heapauxi.o(.text) for __use_two_region_memory
    startup_stm32f10x_md.o(HEAP) refers (Special) to heapauxi.o(.text) for __use_two_region_memory
    startup_stm32f10x_md.o(RESET) refers (Special) to heapauxi.o(.text) for __use_two_region_memory
    startup_stm32f10x_md.o(RESET) refers to startup_stm32f10x_md.o(STACK) for __initial_sp
    startup_stm32f10x_md.o(RESET) refers to startup_stm32f10x_md.o(.text) for Reset_Handler
    startup_stm32f10x_md.o(RESET) refers to delay.o(.text.SysTick_Handler) for SysTick_Handler
    startup_stm32f10x_md.o(RESET) refers to main.o(.text.EXTI1_IRQHandler) for EXTI1_IRQHandler
    startup_stm32f10x_md.o(.text) refers (Special) to heapauxi.o(.text) for __use_two_region_memory
    startup_stm32f10x_md.o(.text) refers to system_stm32f10x.o(.text.SystemInit) for SystemInit
    startup_stm32f10x_md.o(.text) refers to __main.o(!!!main) for __main
    startup_stm32f10x_md.o(.text) refers to startup_stm32f10x_md.o(HEAP) for Heap_Mem
    startup_stm32f10x_md.o(.text) refers to startup_stm32f10x_md.o(STACK) for Stack_Mem
    system_stm32f10x.o(.ARM.exidx.text.SystemInit) refers to system_stm32f10x.o(.text.SystemInit) for [Anonymous Symbol]
    system_stm32f10x.o(.text.SystemCoreClockUpdate) refers to system_stm32f10x.o(.data.SystemCoreClock) for SystemCoreClock
    system_stm32f10x.o(.text.SystemCoreClockUpdate) refers to system_stm32f10x.o(.rodata.AHBPrescTable) for AHBPrescTable
    system_stm32f10x.o(.ARM.exidx.text.SystemCoreClockUpdate) refers to system_stm32f10x.o(.text.SystemCoreClockUpdate) for [Anonymous Symbol]
    __main.o(!!!main) refers to __rtentry.o(.ARM.Collect$$rtentry$$00000000) for __rt_entry
    d2f.o(x$fpl$d2f) refers (Special) to usenofp.o(x$fpl$usenofp) for __I$use$fp
    d2f.o(x$fpl$d2f) refers to fretinf.o(x$fpl$fretinf) for __fpl_fretinf
    d2f.o(x$fpl$d2f) refers to dnaninf.o(x$fpl$dnaninf) for __fpl_dnaninf
    daddsub_clz.o(x$fpl$dadd) refers (Special) to usenofp.o(x$fpl$usenofp) for __I$use$fp
    daddsub_clz.o(x$fpl$dadd) refers to daddsub_clz.o(x$fpl$dsub) for _dsub1
    daddsub_clz.o(x$fpl$dadd) refers to dretinf.o(x$fpl$dretinf) for __fpl_dretinf
    daddsub_clz.o(x$fpl$dadd) refers to dnaninf.o(x$fpl$dnaninf) for __fpl_dnaninf
    daddsub_clz.o(x$fpl$drsb) refers (Special) to usenofp.o(x$fpl$usenofp) for __I$use$fp
    daddsub_clz.o(x$fpl$drsb) refers to daddsub_clz.o(x$fpl$dadd) for _dadd1
    daddsub_clz.o(x$fpl$drsb) refers to daddsub_clz.o(x$fpl$dsub) for _dsub1
    daddsub_clz.o(x$fpl$dsub) refers (Special) to usenofp.o(x$fpl$usenofp) for __I$use$fp
    daddsub_clz.o(x$fpl$dsub) refers to daddsub_clz.o(x$fpl$dadd) for _dadd1
    daddsub_clz.o(x$fpl$dsub) refers to dnaninf.o(x$fpl$dnaninf) for __fpl_dnaninf
    ddiv.o(x$fpl$drdiv) refers (Special) to usenofp.o(x$fpl$usenofp) for __I$use$fp
    ddiv.o(x$fpl$drdiv) refers to ddiv.o(x$fpl$ddiv) for ddiv_entry
    ddiv.o(x$fpl$ddiv) refers (Special) to usenofp.o(x$fpl$usenofp) for __I$use$fp
    ddiv.o(x$fpl$ddiv) refers to dretinf.o(x$fpl$dretinf) for __fpl_dretinf
    ddiv.o(x$fpl$ddiv) refers to dnaninf.o(x$fpl$dnaninf) for __fpl_dnaninf
    dflt_clz.o(x$fpl$dfltu) refers (Special) to usenofp.o(x$fpl$usenofp) for __I$use$fp
    dflt_clz.o(x$fpl$dflt) refers (Special) to usenofp.o(x$fpl$usenofp) for __I$use$fp
    dflt_clz.o(x$fpl$dfltn) refers (Special) to usenofp.o(x$fpl$usenofp) for __I$use$fp
    dmul.o(x$fpl$dmul) refers (Special) to usenofp.o(x$fpl$usenofp) for __I$use$fp
    dmul.o(x$fpl$dmul) refers to dretinf.o(x$fpl$dretinf) for __fpl_dretinf
    dmul.o(x$fpl$dmul) refers to dnaninf.o(x$fpl$dnaninf) for __fpl_dnaninf
    f2d.o(x$fpl$f2d) refers (Special) to usenofp.o(x$fpl$usenofp) for __I$use$fp
    f2d.o(x$fpl$f2d) refers to fnaninf.o(x$fpl$fnaninf) for __fpl_fnaninf
    f2d.o(x$fpl$f2d) refers to dretinf.o(x$fpl$dretinf) for __fpl_dretinf
    faddsub_clz.o(x$fpl$fadd) refers (Special) to usenofp.o(x$fpl$usenofp) for __I$use$fp
    faddsub_clz.o(x$fpl$fadd) refers to faddsub_clz.o(x$fpl$fsub) for _fsub1
    faddsub_clz.o(x$fpl$fadd) refers to fretinf.o(x$fpl$fretinf) for __fpl_fretinf
    faddsub_clz.o(x$fpl$fadd) refers to fnaninf.o(x$fpl$fnaninf) for __fpl_fnaninf
    faddsub_clz.o(x$fpl$frsb) refers (Special) to usenofp.o(x$fpl$usenofp) for __I$use$fp
    faddsub_clz.o(x$fpl$frsb) refers to faddsub_clz.o(x$fpl$fadd) for _fadd1
    faddsub_clz.o(x$fpl$frsb) refers to faddsub_clz.o(x$fpl$fsub) for _fsub1
    faddsub_clz.o(x$fpl$fsub) refers (Special) to usenofp.o(x$fpl$usenofp) for __I$use$fp
    faddsub_clz.o(x$fpl$fsub) refers to faddsub_clz.o(x$fpl$fadd) for _fadd1
    faddsub_clz.o(x$fpl$fsub) refers to fnaninf.o(x$fpl$fnaninf) for __fpl_fnaninf
    fdiv.o(x$fpl$frdiv) refers (Special) to usenofp.o(x$fpl$usenofp) for __I$use$fp
    fdiv.o(x$fpl$frdiv) refers to fdiv.o(x$fpl$fdiv) for _fdiv1
    fdiv.o(x$fpl$fdiv) refers (Special) to usenofp.o(x$fpl$usenofp) for __I$use$fp
    fdiv.o(x$fpl$fdiv) refers to fretinf.o(x$fpl$fretinf) for __fpl_fretinf
    fdiv.o(x$fpl$fdiv) refers to fnaninf.o(x$fpl$fnaninf) for __fpl_fnaninf
    ffix.o(x$fpl$ffix) refers (Special) to usenofp.o(x$fpl$usenofp) for __I$use$fp
    ffix.o(x$fpl$ffix) refers to fnaninf.o(x$fpl$fnaninf) for __fpl_fnaninf
    ffix.o(x$fpl$ffixr) refers (Special) to usenofp.o(x$fpl$usenofp) for __I$use$fp
    ffix.o(x$fpl$ffixr) refers to fnaninf.o(x$fpl$fnaninf) for __fpl_fnaninf
    fflt_clz.o(x$fpl$ffltu) refers (Special) to usenofp.o(x$fpl$usenofp) for __I$use$fp
    fflt_clz.o(x$fpl$fflt) refers (Special) to usenofp.o(x$fpl$usenofp) for __I$use$fp
    fflt_clz.o(x$fpl$ffltn) refers (Special) to usenofp.o(x$fpl$usenofp) for __I$use$fp
    fmul.o(x$fpl$fmul) refers (Special) to usenofp.o(x$fpl$usenofp) for __I$use$fp
    fmul.o(x$fpl$fmul) refers to fretinf.o(x$fpl$fretinf) for __fpl_fretinf
    fmul.o(x$fpl$fmul) refers to fnaninf.o(x$fpl$fnaninf) for __fpl_fnaninf
    __rtentry.o(.ARM.Collect$$rtentry$$00000000) refers (Special) to __rtentry2.o(.ARM.Collect$$rtentry$$0000000A) for __rt_entry_li
    __rtentry.o(.ARM.Collect$$rtentry$$00000000) refers (Special) to __rtentry2.o(.ARM.Collect$$rtentry$$0000000D) for __rt_entry_main
    __rtentry.o(.ARM.Collect$$rtentry$$00000000) refers (Special) to __rtentry2.o(.ARM.Collect$$rtentry$$0000000C) for __rt_entry_postli_1
    __rtentry.o(.ARM.Collect$$rtentry$$00000000) refers (Special) to __rtentry2.o(.ARM.Collect$$rtentry$$00000009) for __rt_entry_postsh_1
    __rtentry.o(.ARM.Collect$$rtentry$$00000000) refers (Special) to __rtentry2.o(.ARM.Collect$$rtentry$$00000002) for __rt_entry_presh_1
    __rtentry.o(.ARM.Collect$$rtentry$$00000000) refers (Special) to __rtentry4.o(.ARM.Collect$$rtentry$$00000004) for __rt_entry_sh
    dnaninf.o(x$fpl$dnaninf) refers (Special) to usenofp.o(x$fpl$usenofp) for __I$use$fp
    dretinf.o(x$fpl$dretinf) refers (Special) to usenofp.o(x$fpl$usenofp) for __I$use$fp
    fnaninf.o(x$fpl$fnaninf) refers (Special) to usenofp.o(x$fpl$usenofp) for __I$use$fp
    fretinf.o(x$fpl$fretinf) refers (Special) to usenofp.o(x$fpl$usenofp) for __I$use$fp
    __rtentry2.o(.ARM.Collect$$rtentry$$00000008) refers to boardinit2.o(.text) for _platform_post_stackheap_init
    __rtentry2.o(.ARM.Collect$$rtentry$$0000000A) refers to libinit.o(.ARM.Collect$$libinit$$00000000) for __rt_lib_init
    __rtentry2.o(.ARM.Collect$$rtentry$$0000000B) refers to boardinit3.o(.text) for _platform_post_lib_init
    __rtentry2.o(.ARM.Collect$$rtentry$$0000000D) refers to main.o(.text.main) for main
    __rtentry2.o(.ARM.Collect$$rtentry$$0000000D) refers to exit.o(.text) for exit
    __rtentry2.o(.ARM.exidx) refers to __rtentry2.o(.ARM.Collect$$rtentry$$00000001) for .ARM.Collect$$rtentry$$00000001
    __rtentry2.o(.ARM.exidx) refers to __rtentry2.o(.ARM.Collect$$rtentry$$00000008) for .ARM.Collect$$rtentry$$00000008
    __rtentry2.o(.ARM.exidx) refers to __rtentry2.o(.ARM.Collect$$rtentry$$0000000A) for .ARM.Collect$$rtentry$$0000000A
    __rtentry2.o(.ARM.exidx) refers to __rtentry2.o(.ARM.Collect$$rtentry$$0000000B) for .ARM.Collect$$rtentry$$0000000B
    __rtentry2.o(.ARM.exidx) refers to __rtentry2.o(.ARM.Collect$$rtentry$$0000000D) for .ARM.Collect$$rtentry$$0000000D
    __rtentry4.o(.ARM.Collect$$rtentry$$00000004) refers to sys_stackheap_outer.o(.text) for __user_setup_stackheap
    __rtentry4.o(.ARM.exidx) refers to __rtentry4.o(.ARM.Collect$$rtentry$$00000004) for .ARM.Collect$$rtentry$$00000004
    sys_stackheap_outer.o(.text) refers to libspace.o(.text) for __user_perproc_libspace
    sys_stackheap_outer.o(.text) refers to startup_stm32f10x_md.o(.text) for __user_initial_stackheap
    exit.o(.text) refers to rtexit.o(.ARM.Collect$$rtexit$$00000000) for __rt_exit
    libinit.o(.ARM.Collect$$libinit$$00000000) refers (Special) to libinit2.o(.ARM.Collect$$libinit$$00000030) for __rt_lib_init_alloca_1
    libinit.o(.ARM.Collect$$libinit$$00000000) refers (Special) to libinit2.o(.ARM.Collect$$libinit$$0000002E) for __rt_lib_init_argv_1
    libinit.o(.ARM.Collect$$libinit$$00000000) refers (Special) to libinit2.o(.ARM.Collect$$libinit$$0000001D) for __rt_lib_init_atexit_1
    libinit.o(.ARM.Collect$$libinit$$00000000) refers (Special) to libinit2.o(.ARM.Collect$$libinit$$00000023) for __rt_lib_init_clock_1
    libinit.o(.ARM.Collect$$libinit$$00000000) refers (Special) to libinit2.o(.ARM.Collect$$libinit$$00000034) for __rt_lib_init_cpp_1
    libinit.o(.ARM.Collect$$libinit$$00000000) refers (Special) to libinit2.o(.ARM.Collect$$libinit$$00000032) for __rt_lib_init_exceptions_1
    libinit.o(.ARM.Collect$$libinit$$00000000) refers (Special) to libinit2.o(.ARM.Collect$$libinit$$00000002) for __rt_lib_init_fp_1
    libinit.o(.ARM.Collect$$libinit$$00000000) refers (Special) to libinit2.o(.ARM.Collect$$libinit$$00000021) for __rt_lib_init_fp_trap_1
    libinit.o(.ARM.Collect$$libinit$$00000000) refers (Special) to libinit2.o(.ARM.Collect$$libinit$$00000025) for __rt_lib_init_getenv_1
    libinit.o(.ARM.Collect$$libinit$$00000000) refers (Special) to libinit2.o(.ARM.Collect$$libinit$$0000000C) for __rt_lib_init_heap_1
    libinit.o(.ARM.Collect$$libinit$$00000000) refers (Special) to libinit2.o(.ARM.Collect$$libinit$$00000013) for __rt_lib_init_lc_collate_1
    libinit.o(.ARM.Collect$$libinit$$00000000) refers (Special) to libinit2.o(.ARM.Collect$$libinit$$00000015) for __rt_lib_init_lc_ctype_1
    libinit.o(.ARM.Collect$$libinit$$00000000) refers (Special) to libinit2.o(.ARM.Collect$$libinit$$00000017) for __rt_lib_init_lc_monetary_1
    libinit.o(.ARM.Collect$$libinit$$00000000) refers (Special) to libinit2.o(.ARM.Collect$$libinit$$00000019) for __rt_lib_init_lc_numeric_1
    libinit.o(.ARM.Collect$$libinit$$00000000) refers (Special) to libinit2.o(.ARM.Collect$$libinit$$0000001B) for __rt_lib_init_lc_time_1
    libinit.o(.ARM.Collect$$libinit$$00000000) refers (Special) to libinit2.o(.ARM.Collect$$libinit$$00000006) for __rt_lib_init_preinit_1
    libinit.o(.ARM.Collect$$libinit$$00000000) refers (Special) to libinit2.o(.ARM.Collect$$libinit$$00000010) for __rt_lib_init_rand_1
    libinit.o(.ARM.Collect$$libinit$$00000000) refers (Special) to libinit2.o(.ARM.Collect$$libinit$$00000004) for __rt_lib_init_relocate_pie_1
    libinit.o(.ARM.Collect$$libinit$$00000000) refers (Special) to libinit2.o(.ARM.Collect$$libinit$$00000035) for __rt_lib_init_return
    libinit.o(.ARM.Collect$$libinit$$00000000) refers (Special) to libinit2.o(.ARM.Collect$$libinit$$0000001F) for __rt_lib_init_signal_1
    libinit.o(.ARM.Collect$$libinit$$00000000) refers (Special) to libinit2.o(.ARM.Collect$$libinit$$00000027) for __rt_lib_init_stdio_1
    libinit.o(.ARM.Collect$$libinit$$00000000) refers (Special) to libinit2.o(.ARM.Collect$$libinit$$0000000E) for __rt_lib_init_user_alloc_1
    libspace.o(.text) refers to libspace.o(.bss) for __libspace_start
    rtexit.o(.ARM.Collect$$rtexit$$00000000) refers (Special) to rtexit2.o(.ARM.Collect$$rtexit$$00000004) for __rt_exit_exit
    rtexit.o(.ARM.Collect$$rtexit$$00000000) refers (Special) to rtexit2.o(.ARM.Collect$$rtexit$$00000003) for __rt_exit_ls
    rtexit.o(.ARM.Collect$$rtexit$$00000000) refers (Special) to rtexit2.o(.ARM.Collect$$rtexit$$00000002) for __rt_exit_prels_1
    rtexit.o(.ARM.exidx) refers (Special) to rtexit2.o(.ARM.Collect$$rtexit$$00000004) for __rt_exit_exit
    rtexit.o(.ARM.exidx) refers (Special) to rtexit2.o(.ARM.Collect$$rtexit$$00000003) for __rt_exit_ls
    rtexit.o(.ARM.exidx) refers (Special) to rtexit2.o(.ARM.Collect$$rtexit$$00000002) for __rt_exit_prels_1
    rtexit.o(.ARM.exidx) refers to rtexit.o(.ARM.Collect$$rtexit$$00000000) for .ARM.Collect$$rtexit$$00000000
    libinit2.o(.ARM.Collect$$libinit$$00000012) refers to libinit2.o(.ARM.Collect$$libinit$$00000011) for .ARM.Collect$$libinit$$00000011
    libinit2.o(.ARM.Collect$$libinit$$00000014) refers to libinit2.o(.ARM.Collect$$libinit$$00000011) for .ARM.Collect$$libinit$$00000011
    libinit2.o(.ARM.Collect$$libinit$$00000016) refers to libinit2.o(.ARM.Collect$$libinit$$00000011) for .ARM.Collect$$libinit$$00000011
    libinit2.o(.ARM.Collect$$libinit$$00000018) refers to libinit2.o(.ARM.Collect$$libinit$$00000011) for .ARM.Collect$$libinit$$00000011
    libinit2.o(.ARM.Collect$$libinit$$0000001A) refers to libinit2.o(.ARM.Collect$$libinit$$00000011) for .ARM.Collect$$libinit$$00000011
    libinit2.o(.ARM.Collect$$libinit$$00000028) refers to argv_veneer.o(.emb_text) for __ARM_argv_veneer
    libinit2.o(.ARM.Collect$$libinit$$00000029) refers to argv_veneer.o(.emb_text) for __ARM_argv_veneer
    rtexit2.o(.ARM.Collect$$rtexit$$00000003) refers to libshutdown.o(.ARM.Collect$$libshutdown$$00000000) for __rt_lib_shutdown
    rtexit2.o(.ARM.Collect$$rtexit$$00000004) refers to sys_exit.o(.text) for _sys_exit
    rtexit2.o(.ARM.exidx) refers to rtexit2.o(.ARM.Collect$$rtexit$$00000001) for .ARM.Collect$$rtexit$$00000001
    rtexit2.o(.ARM.exidx) refers to rtexit2.o(.ARM.Collect$$rtexit$$00000003) for .ARM.Collect$$rtexit$$00000003
    rtexit2.o(.ARM.exidx) refers to rtexit2.o(.ARM.Collect$$rtexit$$00000004) for .ARM.Collect$$rtexit$$00000004
    argv_veneer.o(.emb_text) refers to no_argv.o(.text) for __ARM_get_argv
    sys_exit.o(.text) refers (Special) to use_no_semi.o(.text) for __I$use$semihosting
    sys_exit.o(.text) refers (Special) to indicate_semi.o(.text) for __semihosting_library_function
    sys_exit_hlt.o(.text) refers (Special) to use_no_semi.o(.text) for __I$use$semihosting
    sys_exit_hlt.o(.text) refers (Special) to indicate_semi.o(.text) for __semihosting_library_function
    _get_argv_nomalloc.o(.text) refers (Special) to hrguard.o(.text) for __heap_region$guard
    _get_argv_nomalloc.o(.text) refers to defsig_rtmem_outer.o(.text) for __rt_SIGRTMEM
    _get_argv_nomalloc.o(.text) refers to sys_command.o(.text) for _sys_command_string
    libshutdown.o(.ARM.Collect$$libshutdown$$00000000) refers (Special) to libshutdown2.o(.ARM.Collect$$libshutdown$$00000002) for __rt_lib_shutdown_cpp_1
    libshutdown.o(.ARM.Collect$$libshutdown$$00000000) refers (Special) to libshutdown2.o(.ARM.Collect$$libshutdown$$00000007) for __rt_lib_shutdown_fp_trap_1
    libshutdown.o(.ARM.Collect$$libshutdown$$00000000) refers (Special) to libshutdown2.o(.ARM.Collect$$libshutdown$$0000000F) for __rt_lib_shutdown_heap_1
    libshutdown.o(.ARM.Collect$$libshutdown$$00000000) refers (Special) to libshutdown2.o(.ARM.Collect$$libshutdown$$00000010) for __rt_lib_shutdown_return
    libshutdown.o(.ARM.Collect$$libshutdown$$00000000) refers (Special) to libshutdown2.o(.ARM.Collect$$libshutdown$$0000000A) for __rt_lib_shutdown_signal_1
    libshutdown.o(.ARM.Collect$$libshutdown$$00000000) refers (Special) to libshutdown2.o(.ARM.Collect$$libshutdown$$00000004) for __rt_lib_shutdown_stdio_1
    libshutdown.o(.ARM.Collect$$libshutdown$$00000000) refers (Special) to libshutdown2.o(.ARM.Collect$$libshutdown$$0000000C) for __rt_lib_shutdown_user_alloc_1
    sys_command.o(.text) refers (Special) to use_no_semi.o(.text) for __I$use$semihosting
    sys_command.o(.text) refers (Special) to indicate_semi.o(.text) for __semihosting_library_function
    sys_command_hlt.o(.text) refers (Special) to use_no_semi.o(.text) for __I$use$semihosting
    sys_command_hlt.o(.text) refers (Special) to indicate_semi.o(.text) for __semihosting_library_function
    defsig_rtmem_outer.o(.text) refers to defsig_rtmem_inner.o(.text) for __rt_SIGRTMEM_inner
    defsig_rtmem_outer.o(.text) refers to defsig_exit.o(.text) for __sig_exit
    defsig_rtmem_formal.o(.text) refers to rt_raise.o(.text) for __rt_raise
    rt_raise.o(.text) refers to __raise.o(.text) for __raise
    rt_raise.o(.text) refers to sys_exit.o(.text) for _sys_exit
    defsig_exit.o(.text) refers to sys_exit.o(.text) for _sys_exit
    defsig_rtmem_inner.o(.text) refers to defsig_general.o(.text) for __default_signal_display
    __raise.o(.text) refers to defsig.o(CL$$defsig) for __default_signal_handler
    defsig_general.o(.text) refers to sys_wrch.o(.text) for _ttywrch
    sys_wrch.o(.text) refers (Special) to use_no_semi.o(.text) for __I$use$semihosting
    sys_wrch.o(.text) refers (Special) to indicate_semi.o(.text) for __semihosting_library_function
    sys_wrch_hlt.o(.text) refers (Special) to use_no_semi.o(.text) for __I$use$semihosting
    sys_wrch_hlt.o(.text) refers (Special) to indicate_semi.o(.text) for __semihosting_library_function
    defsig.o(CL$$defsig) refers to defsig_rtmem_inner.o(.text) for __rt_SIGRTMEM_inner
    defsig_abrt_inner.o(.text) refers to defsig_general.o(.text) for __default_signal_display
    defsig_fpe_inner.o(.text) refers to defsig_general.o(.text) for __default_signal_display
    defsig_rtred_inner.o(.text) refers to defsig_general.o(.text) for __default_signal_display
    defsig_stak_inner.o(.text) refers to defsig_general.o(.text) for __default_signal_display
    defsig_pvfn_inner.o(.text) refers to defsig_general.o(.text) for __default_signal_display
    defsig_cppl_inner.o(.text) refers to defsig_general.o(.text) for __default_signal_display
    defsig_segv_inner.o(.text) refers to defsig_general.o(.text) for __default_signal_display
    defsig_other.o(.text) refers to defsig_general.o(.text) for __default_signal_display


==============================================================================

Removing Unused input sections from the image.

    Removing main.o(.text), (0 bytes).
    Removing main.o(.text.RCC_Config), (52 bytes).
    Removing main.o(.ARM.exidx.text.RCC_Config), (8 bytes).
    Removing main.o(.text.GPIO_Config), (102 bytes).
    Removing main.o(.ARM.exidx.text.GPIO_Config), (8 bytes).
    Removing main.o(.text.ADC_Config), (110 bytes).
    Removing main.o(.ARM.exidx.text.ADC_Config), (8 bytes).
    Removing main.o(.text.DMA_Config), (94 bytes).
    Removing main.o(.ARM.exidx.text.DMA_Config), (8 bytes).
    Removing main.o(.ARM.exidx.text.Voltage_Sensor), (8 bytes).
    Removing main.o(.text.Current_Sensor), (180 bytes).
    Removing main.o(.ARM.exidx.text.Current_Sensor), (8 bytes).
    Removing main.o(.text.Temperature_Sensor), (104 bytes).
    Removing main.o(.ARM.exidx.text.Temperature_Sensor), (8 bytes).
    Removing main.o(.text.SPI2_GPIOInit), (58 bytes).
    Removing main.o(.ARM.exidx.text.SPI2_GPIOInit), (8 bytes).
    Removing main.o(.text.SPI2_Init), (50 bytes).
    Removing main.o(.ARM.exidx.text.SPI2_Init), (8 bytes).
    Removing main.o(.text.Flash_Erase), (42 bytes).
    Removing main.o(.ARM.exidx.text.Flash_Erase), (8 bytes).
    Removing main.o(.text.Flash_WriteInt), (50 bytes).
    Removing main.o(.ARM.exidx.text.Flash_WriteInt), (8 bytes).
    Removing main.o(.text.Flash_WriteNumByte), (90 bytes).
    Removing main.o(.ARM.exidx.text.Flash_WriteNumByte), (8 bytes).
    Removing main.o(.text.Flash_ReadData), (20 bytes).
    Removing main.o(.ARM.exidx.text.Flash_ReadData), (8 bytes).
    Removing main.o(.ARM.exidx.text.EXTI1_IRQHandler), (8 bytes).
    Removing main.o(.ARM.exidx.text.main), (8 bytes).
    Removing main.o(.bss.kal_current), (2 bytes).
    Removing main.o(.bss.current), (4 bytes).
    Removing main.o(.bss.v2_out), (4 bytes).
    Removing main.o(.bss.v2_in), (4 bytes).
    Removing main.o(.bss.RxBuf), (40 bytes).
    Removing main.o(.ARM.use_no_argv), (4 bytes).
    Removing adc.o(.text), (0 bytes).
    Removing adc.o(.ARM.exidx.text.ADC_PeripheralClockControl), (8 bytes).
    Removing adc.o(.ARM.exidx.text.ADC_Init), (8 bytes).
    Removing adc.o(.ARM.exidx.text.ADC_Cmd), (8 bytes).
    Removing adc.o(.ARM.exidx.text.ADC_SoftwareStartConvCmd), (8 bytes).
    Removing adc.o(.text.ADC_GetFlagStatus), (10 bytes).
    Removing adc.o(.ARM.exidx.text.ADC_GetFlagStatus), (8 bytes).
    Removing adc.o(.text.ADC_GetConversionValue), (6 bytes).
    Removing adc.o(.ARM.exidx.text.ADC_GetConversionValue), (8 bytes).
    Removing adc.o(.ARM.exidx.text.ADC_RegularChannelConfig), (8 bytes).
    Removing adc.o(.ARM.exidx.text.ADC_DMACmd), (8 bytes).
    Removing delay.o(.text), (0 bytes).
    Removing delay.o(.text.System_Clock_Cfg), (56 bytes).
    Removing delay.o(.ARM.exidx.text.System_Clock_Cfg), (8 bytes).
    Removing delay.o(.ARM.exidx.text.Systick_Initialize), (8 bytes).
    Removing delay.o(.ARM.exidx.text.SysTick_Handler), (8 bytes).
    Removing delay.o(.text.delay_us), (20 bytes).
    Removing delay.o(.ARM.exidx.text.delay_us), (8 bytes).
    Removing delay.o(.ARM.exidx.text.delay_ms), (8 bytes).
    Removing dma.o(.text), (0 bytes).
    Removing dma.o(.ARM.exidx.text.DMA_PeriClockControl), (8 bytes).
    Removing dma.o(.ARM.exidx.text.DMA_DeInit), (8 bytes).
    Removing dma.o(.ARM.exidx.text.DMA_Init), (8 bytes).
    Removing dma.o(.text.DMA_StructInit), (10 bytes).
    Removing dma.o(.ARM.exidx.text.DMA_StructInit), (8 bytes).
    Removing dma.o(.ARM.exidx.text.DMA_Cmd), (8 bytes).
    Removing flash.o(.text), (0 bytes).
    Removing flash.o(.text.FLASH_GetBank1Status), (42 bytes).
    Removing flash.o(.ARM.exidx.text.FLASH_GetBank1Status), (8 bytes).
    Removing flash.o(.text.FLASH_WaitForLastOperation), (120 bytes).
    Removing flash.o(.ARM.exidx.text.FLASH_WaitForLastOperation), (8 bytes).
    Removing flash.o(.ARM.exidx.text.FLASH_Unlock), (8 bytes).
    Removing flash.o(.ARM.exidx.text.FLASH_Lock), (8 bytes).
    Removing flash.o(.ARM.exidx.text.FLASH_ErasePage), (8 bytes).
    Removing flash.o(.text.FLASH_EraseAllPages), (246 bytes).
    Removing flash.o(.ARM.exidx.text.FLASH_EraseAllPages), (8 bytes).
    Removing flash.o(.ARM.exidx.text.FLASH_GetFlagStatus), (8 bytes).
    Removing flash.o(.ARM.exidx.text.FLASH_ProgramHalfWord), (8 bytes).
    Removing flash.o(.text.FLASH_GetReadOutProtectionStatus), (16 bytes).
    Removing flash.o(.ARM.exidx.text.FLASH_GetReadOutProtectionStatus), (8 bytes).
    Removing gpio.o(.text), (0 bytes).
    Removing gpio.o(.ARM.exidx.text.GPIO_PeriClockControl), (8 bytes).
    Removing gpio.o(.ARM.exidx.text.GPIO_Init), (8 bytes).
    Removing gpio.o(.text.GPIO_SetState), (18 bytes).
    Removing gpio.o(.ARM.exidx.text.GPIO_SetState), (8 bytes).
    Removing gpio.o(.text.GPIO_DeInit), (252 bytes).
    Removing gpio.o(.ARM.exidx.text.GPIO_DeInit), (8 bytes).
    Removing gpio.o(.text.GPIO_ReadFromInputPin), (10 bytes).
    Removing gpio.o(.ARM.exidx.text.GPIO_ReadFromInputPin), (8 bytes).
    Removing gpio.o(.text.GPIO_ReadFromInputPort), (6 bytes).
    Removing gpio.o(.ARM.exidx.text.GPIO_ReadFromInputPort), (8 bytes).
    Removing gpio.o(.text.GPIO_WriteToOutputPin), (22 bytes).
    Removing gpio.o(.ARM.exidx.text.GPIO_WriteToOutputPin), (8 bytes).
    Removing gpio.o(.text.GPIO_WriteToOutputPort), (4 bytes).
    Removing gpio.o(.ARM.exidx.text.GPIO_WriteToOutputPort), (8 bytes).
    Removing gpio.o(.text.GPIO_ToggleOutputPin), (14 bytes).
    Removing gpio.o(.ARM.exidx.text.GPIO_ToggleOutputPin), (8 bytes).
    Removing gpio.o(.ARM.exidx.text.GPIO_IRQInteruptConfig), (8 bytes).
    Removing gpio.o(.text.GPIO_IRQPriorityConfig), (16 bytes).
    Removing gpio.o(.ARM.exidx.text.GPIO_IRQPriorityConfig), (8 bytes).
    Removing gpio.o(.ARM.exidx.text.GPIO_IRQHandling), (8 bytes).
    Removing kalman.o(.text), (0 bytes).
    Removing kalman.o(.ARM.exidx.text.SimpleKalmanFilter), (8 bytes).
    Removing kalman.o(.ARM.exidx.text.updateEstimate), (8 bytes).
    Removing kalman.o(.text.setMeasurementError), (24 bytes).
    Removing kalman.o(.ARM.exidx.text.setMeasurementError), (8 bytes).
    Removing kalman.o(.text.setEstimateError), (24 bytes).
    Removing kalman.o(.ARM.exidx.text.setEstimateError), (8 bytes).
    Removing kalman.o(.text.setProcessNoise), (24 bytes).
    Removing kalman.o(.ARM.exidx.text.setProcessNoise), (8 bytes).
    Removing kalman.o(.text.getKalmanGain), (50 bytes).
    Removing kalman.o(.ARM.exidx.text.getKalmanGain), (8 bytes).
    Removing kalman.o(.text.getEstimateError), (50 bytes).
    Removing kalman.o(.ARM.exidx.text.getEstimateError), (8 bytes).
    Removing kalman.o(.bss.kalmanVoltage_kalman_gain), (4 bytes).
    Removing kalman.o(.bss.kalmanCurrent_kalman_gain), (4 bytes).
    Removing kalman.o(.bss.kalmanTemperature_kalman_gain), (4 bytes).
    Removing kalman.o(.bss.kalmanVoltage_current_estimate), (4 bytes).
    Removing kalman.o(.bss.kalmanCurrent_current_estimate), (4 bytes).
    Removing kalman.o(.bss.kalmanTemperature_current_estimate), (4 bytes).
    Removing spi.o(.text), (0 bytes).
    Removing spi.o(.text.SPI_PeriClockControl), (196 bytes).
    Removing spi.o(.ARM.exidx.text.SPI_PeriClockControl), (8 bytes).
    Removing spi.o(.ARM.exidx.text.SPI_Init), (8 bytes).
    Removing spi.o(.ARM.exidx.text.SPI_GetFlagStatus), (8 bytes).
    Removing spi.o(.ARM.exidx.text.SPI_SendData), (8 bytes).
    Removing spi.o(.text.SPI_ReceiveData), (38 bytes).
    Removing spi.o(.ARM.exidx.text.SPI_ReceiveData), (8 bytes).
    Removing spi.o(.text.SPI_SSIConfig), (18 bytes).
    Removing spi.o(.ARM.exidx.text.SPI_SSIConfig), (8 bytes).
    Removing spi.o(.ARM.exidx.text.SPI_SSOEConfig), (8 bytes).
    Removing spi.o(.ARM.exidx.text.SPI_PeripheralControl), (8 bytes).
    Removing spi.o(.text.SPI_IRQInterruptConfig), (52 bytes).
    Removing spi.o(.ARM.exidx.text.SPI_IRQInterruptConfig), (8 bytes).
    Removing spi.o(.text.SPI_IRQPriorityConfig), (16 bytes).
    Removing spi.o(.ARM.exidx.text.SPI_IRQPriorityConfig), (8 bytes).
    Removing spi.o(.text.SPI_SendDataIT), (30 bytes).
    Removing spi.o(.ARM.exidx.text.SPI_SendDataIT), (8 bytes).
    Removing spi.o(.text.SPI_ReceiveDataIT), (30 bytes).
    Removing spi.o(.ARM.exidx.text.SPI_ReceiveDataIT), (8 bytes).
    Removing spi.o(.text.SPI_IRQHandling), (80 bytes).
    Removing spi.o(.ARM.exidx.text.SPI_IRQHandling), (8 bytes).
    Removing system_stm32f10x.o(.text), (0 bytes).
    Removing system_stm32f10x.o(.ARM.exidx.text.SystemInit), (8 bytes).
    Removing system_stm32f10x.o(.text.SystemCoreClockUpdate), (110 bytes).
    Removing system_stm32f10x.o(.ARM.exidx.text.SystemCoreClockUpdate), (8 bytes).
    Removing system_stm32f10x.o(.data.SystemCoreClock), (4 bytes).
    Removing system_stm32f10x.o(.rodata.AHBPrescTable), (16 bytes).

142 unused section(s) (total 3272 bytes) removed from the image.

==============================================================================

Image Symbol Table

    Local Symbols

    Symbol Name                              Value     Ov Type        Size  Object(Section)

    ../clib/angel/boardlib.s                 0x00000000   Number         0  boardinit1.o ABSOLUTE
    ../clib/angel/boardlib.s                 0x00000000   Number         0  boardinit2.o ABSOLUTE
    ../clib/angel/boardlib.s                 0x00000000   Number         0  boardinit3.o ABSOLUTE
    ../clib/angel/boardlib.s                 0x00000000   Number         0  boardshut.o ABSOLUTE
    ../clib/angel/handlers.s                 0x00000000   Number         0  __scatter_copy.o ABSOLUTE
    ../clib/angel/handlers.s                 0x00000000   Number         0  __scatter_zi.o ABSOLUTE
    ../clib/angel/kernel.s                   0x00000000   Number         0  __rtentry.o ABSOLUTE
    ../clib/angel/kernel.s                   0x00000000   Number         0  __rtentry2.o ABSOLUTE
    ../clib/angel/kernel.s                   0x00000000   Number         0  __rtentry4.o ABSOLUTE
    ../clib/angel/kernel.s                   0x00000000   Number         0  rtexit.o ABSOLUTE
    ../clib/angel/kernel.s                   0x00000000   Number         0  rtexit2.o ABSOLUTE
    ../clib/angel/rt.s                       0x00000000   Number         0  rt_raise.o ABSOLUTE
    ../clib/angel/scatter.s                  0x00000000   Number         0  __scatter.o ABSOLUTE
    ../clib/angel/startup.s                  0x00000000   Number         0  __main.o ABSOLUTE
    ../clib/angel/sys.s                      0x00000000   Number         0  sys_stackheap_outer.o ABSOLUTE
    ../clib/angel/sys.s                      0x00000000   Number         0  libspace.o ABSOLUTE
    ../clib/angel/sys.s                      0x00000000   Number         0  use_no_semi.o ABSOLUTE
    ../clib/angel/sys.s                      0x00000000   Number         0  indicate_semi.o ABSOLUTE
    ../clib/angel/sysapp.c                   0x00000000   Number         0  sys_exit.o ABSOLUTE
    ../clib/angel/sysapp.c                   0x00000000   Number         0  sys_exit_hlt.o ABSOLUTE
    ../clib/angel/sysapp.c                   0x00000000   Number         0  sys_command.o ABSOLUTE
    ../clib/angel/sysapp.c                   0x00000000   Number         0  sys_command_hlt.o ABSOLUTE
    ../clib/angel/sysapp.c                   0x00000000   Number         0  sys_wrch.o ABSOLUTE
    ../clib/angel/sysapp.c                   0x00000000   Number         0  sys_wrch_hlt.o ABSOLUTE
    ../clib/armsys.c                         0x00000000   Number         0  argv_veneer.o ABSOLUTE
    ../clib/armsys.c                         0x00000000   Number         0  argv_veneer.o ABSOLUTE
    ../clib/armsys.c                         0x00000000   Number         0  _get_argv_nomalloc.o ABSOLUTE
    ../clib/armsys.c                         0x00000000   Number         0  no_argv.o ABSOLUTE
    ../clib/heapalloc.c                      0x00000000   Number         0  hrguard.o ABSOLUTE
    ../clib/heapaux.c                        0x00000000   Number         0  heapauxi.o ABSOLUTE
    ../clib/libinit.s                        0x00000000   Number         0  libinit.o ABSOLUTE
    ../clib/libinit.s                        0x00000000   Number         0  libinit2.o ABSOLUTE
    ../clib/libinit.s                        0x00000000   Number         0  libshutdown.o ABSOLUTE
    ../clib/libinit.s                        0x00000000   Number         0  libshutdown2.o ABSOLUTE
    ../clib/memcpset.s                       0x00000000   Number         0  rt_memclr_w.o ABSOLUTE
    ../clib/signal.c                         0x00000000   Number         0  defsig_rtmem_outer.o ABSOLUTE
    ../clib/signal.c                         0x00000000   Number         0  defsig_rtmem_formal.o ABSOLUTE
    ../clib/signal.c                         0x00000000   Number         0  defsig_exit.o ABSOLUTE
    ../clib/signal.c                         0x00000000   Number         0  defsig_rtmem_inner.o ABSOLUTE
    ../clib/signal.c                         0x00000000   Number         0  __raise.o ABSOLUTE
    ../clib/signal.c                         0x00000000   Number         0  defsig_general.o ABSOLUTE
    ../clib/signal.c                         0x00000000   Number         0  defsig_abrt_inner.o ABSOLUTE
    ../clib/signal.c                         0x00000000   Number         0  defsig_fpe_inner.o ABSOLUTE
    ../clib/signal.c                         0x00000000   Number         0  defsig_rtred_inner.o ABSOLUTE
    ../clib/signal.c                         0x00000000   Number         0  defsig_stak_inner.o ABSOLUTE
    ../clib/signal.c                         0x00000000   Number         0  defsig_pvfn_inner.o ABSOLUTE
    ../clib/signal.c                         0x00000000   Number         0  defsig_cppl_inner.o ABSOLUTE
    ../clib/signal.c                         0x00000000   Number         0  defsig_segv_inner.o ABSOLUTE
    ../clib/signal.c                         0x00000000   Number         0  defsig_other.o ABSOLUTE
    ../clib/signal.s                         0x00000000   Number         0  defsig.o ABSOLUTE
    ../clib/stdlib.c                         0x00000000   Number         0  exit.o ABSOLUTE
    ../fplib/d2f.s                           0x00000000   Number         0  d2f.o ABSOLUTE
    ../fplib/daddsub.s                       0x00000000   Number         0  daddsub_clz.o ABSOLUTE
    ../fplib/ddiv.s                          0x00000000   Number         0  ddiv.o ABSOLUTE
    ../fplib/dflt.s                          0x00000000   Number         0  dflt_clz.o ABSOLUTE
    ../fplib/dmul.s                          0x00000000   Number         0  dmul.o ABSOLUTE
    ../fplib/dnaninf.s                       0x00000000   Number         0  dnaninf.o ABSOLUTE
    ../fplib/dretinf.s                       0x00000000   Number         0  dretinf.o ABSOLUTE
    ../fplib/f2d.s                           0x00000000   Number         0  f2d.o ABSOLUTE
    ../fplib/faddsub.s                       0x00000000   Number         0  faddsub_clz.o ABSOLUTE
    ../fplib/fdiv.s                          0x00000000   Number         0  fdiv.o ABSOLUTE
    ../fplib/ffix.s                          0x00000000   Number         0  ffix.o ABSOLUTE
    ../fplib/fflt.s                          0x00000000   Number         0  fflt_clz.o ABSOLUTE
    ../fplib/fmul.s                          0x00000000   Number         0  fmul.o ABSOLUTE
    ../fplib/fnaninf.s                       0x00000000   Number         0  fnaninf.o ABSOLUTE
    ../fplib/fpinit.s                        0x00000000   Number         0  fpinit.o ABSOLUTE
    ../fplib/fpinit_empty.s                  0x00000000   Number         0  fpinit_empty.o ABSOLUTE
    ../fplib/fretinf.s                       0x00000000   Number         0  fretinf.o ABSOLUTE
    ../fplib/usenofp.s                       0x00000000   Number         0  usenofp.o ABSOLUTE
    RTE/Device/STM32F103C8/startup_stm32f10x_md.s 0x00000000   Number         0  startup_stm32f10x_md.o ABSOLUTE
    adc.c                                    0x00000000   Number         0  adc.o ABSOLUTE
    dc.s                                     0x00000000   Number         0  dc.o ABSOLUTE
    delay.c                                  0x00000000   Number         0  delay.o ABSOLUTE
    dma.c                                    0x00000000   Number         0  dma.o ABSOLUTE
    flash.c                                  0x00000000   Number         0  flash.o ABSOLUTE
    gpio.c                                   0x00000000   Number         0  gpio.o ABSOLUTE
    kalman.c                                 0x00000000   Number         0  kalman.o ABSOLUTE
    main.c                                   0x00000000   Number         0  main.o ABSOLUTE
    spi.c                                    0x00000000   Number         0  spi.o ABSOLUTE
    system_stm32f10x.c                       0x00000000   Number         0  system_stm32f10x.o ABSOLUTE
    RESET                                    0x08000000   Section      236  startup_stm32f10x_md.o(RESET)
    !!!main                                  0x080000ec   Section        8  __main.o(!!!main)
    !!!scatter                               0x080000f4   Section       52  __scatter.o(!!!scatter)
    !!handler_copy                           0x08000128   Section       26  __scatter_copy.o(!!handler_copy)
    !!handler_zi                             0x08000144   Section       28  __scatter_zi.o(!!handler_zi)
    .ARM.Collect$$libinit$$00000000          0x08000160   Section        2  libinit.o(.ARM.Collect$$libinit$$00000000)
    .ARM.Collect$$libinit$$00000002          0x08000162   Section        0  libinit2.o(.ARM.Collect$$libinit$$00000002)
    .ARM.Collect$$libinit$$00000004          0x08000162   Section        0  libinit2.o(.ARM.Collect$$libinit$$00000004)
    .ARM.Collect$$libinit$$00000006          0x08000162   Section        0  libinit2.o(.ARM.Collect$$libinit$$00000006)
    .ARM.Collect$$libinit$$0000000C          0x08000162   Section        0  libinit2.o(.ARM.Collect$$libinit$$0000000C)
    .ARM.Collect$$libinit$$0000000E          0x08000162   Section        0  libinit2.o(.ARM.Collect$$libinit$$0000000E)
    .ARM.Collect$$libinit$$00000010          0x08000162   Section        0  libinit2.o(.ARM.Collect$$libinit$$00000010)
    .ARM.Collect$$libinit$$00000013          0x08000162   Section        0  libinit2.o(.ARM.Collect$$libinit$$00000013)
    .ARM.Collect$$libinit$$00000015          0x08000162   Section        0  libinit2.o(.ARM.Collect$$libinit$$00000015)
    .ARM.Collect$$libinit$$00000017          0x08000162   Section        0  libinit2.o(.ARM.Collect$$libinit$$00000017)
    .ARM.Collect$$libinit$$00000019          0x08000162   Section        0  libinit2.o(.ARM.Collect$$libinit$$00000019)
    .ARM.Collect$$libinit$$0000001B          0x08000162   Section        0  libinit2.o(.ARM.Collect$$libinit$$0000001B)
    .ARM.Collect$$libinit$$0000001D          0x08000162   Section        0  libinit2.o(.ARM.Collect$$libinit$$0000001D)
    .ARM.Collect$$libinit$$0000001F          0x08000162   Section        0  libinit2.o(.ARM.Collect$$libinit$$0000001F)
    .ARM.Collect$$libinit$$00000021          0x08000162   Section        0  libinit2.o(.ARM.Collect$$libinit$$00000021)
    .ARM.Collect$$libinit$$00000023          0x08000162   Section        0  libinit2.o(.ARM.Collect$$libinit$$00000023)
    .ARM.Collect$$libinit$$00000025          0x08000162   Section        0  libinit2.o(.ARM.Collect$$libinit$$00000025)
    .ARM.Collect$$libinit$$00000027          0x08000162   Section        0  libinit2.o(.ARM.Collect$$libinit$$00000027)
    .ARM.Collect$$libinit$$0000002E          0x08000162   Section        0  libinit2.o(.ARM.Collect$$libinit$$0000002E)
    .ARM.Collect$$libinit$$00000030          0x08000162   Section        0  libinit2.o(.ARM.Collect$$libinit$$00000030)
    .ARM.Collect$$libinit$$00000032          0x08000162   Section        0  libinit2.o(.ARM.Collect$$libinit$$00000032)
    .ARM.Collect$$libinit$$00000034          0x08000162   Section        0  libinit2.o(.ARM.Collect$$libinit$$00000034)
    .ARM.Collect$$libinit$$00000035          0x08000162   Section        2  libinit2.o(.ARM.Collect$$libinit$$00000035)
    .ARM.Collect$$libshutdown$$00000000      0x08000164   Section        2  libshutdown.o(.ARM.Collect$$libshutdown$$00000000)
    .ARM.Collect$$libshutdown$$00000002      0x08000166   Section        0  libshutdown2.o(.ARM.Collect$$libshutdown$$00000002)
    .ARM.Collect$$libshutdown$$00000004      0x08000166   Section        0  libshutdown2.o(.ARM.Collect$$libshutdown$$00000004)
    .ARM.Collect$$libshutdown$$00000007      0x08000166   Section        0  libshutdown2.o(.ARM.Collect$$libshutdown$$00000007)
    .ARM.Collect$$libshutdown$$0000000A      0x08000166   Section        0  libshutdown2.o(.ARM.Collect$$libshutdown$$0000000A)
    .ARM.Collect$$libshutdown$$0000000C      0x08000166   Section        0  libshutdown2.o(.ARM.Collect$$libshutdown$$0000000C)
    .ARM.Collect$$libshutdown$$0000000F      0x08000166   Section        0  libshutdown2.o(.ARM.Collect$$libshutdown$$0000000F)
    .ARM.Collect$$libshutdown$$00000010      0x08000166   Section        2  libshutdown2.o(.ARM.Collect$$libshutdown$$00000010)
    .ARM.Collect$$rtentry$$00000000          0x08000168   Section        0  __rtentry.o(.ARM.Collect$$rtentry$$00000000)
    .ARM.Collect$$rtentry$$00000002          0x08000168   Section        0  __rtentry2.o(.ARM.Collect$$rtentry$$00000002)
    .ARM.Collect$$rtentry$$00000004          0x08000168   Section        6  __rtentry4.o(.ARM.Collect$$rtentry$$00000004)
    .ARM.Collect$$rtentry$$00000009          0x0800016e   Section        0  __rtentry2.o(.ARM.Collect$$rtentry$$00000009)
    .ARM.Collect$$rtentry$$0000000A          0x0800016e   Section        4  __rtentry2.o(.ARM.Collect$$rtentry$$0000000A)
    .ARM.Collect$$rtentry$$0000000C          0x08000172   Section        0  __rtentry2.o(.ARM.Collect$$rtentry$$0000000C)
    .ARM.Collect$$rtentry$$0000000D          0x08000172   Section        8  __rtentry2.o(.ARM.Collect$$rtentry$$0000000D)
    .ARM.Collect$$rtexit$$00000000           0x0800017a   Section        2  rtexit.o(.ARM.Collect$$rtexit$$00000000)
    .ARM.Collect$$rtexit$$00000002           0x0800017c   Section        0  rtexit2.o(.ARM.Collect$$rtexit$$00000002)
    .ARM.Collect$$rtexit$$00000003           0x0800017c   Section        4  rtexit2.o(.ARM.Collect$$rtexit$$00000003)
    .ARM.Collect$$rtexit$$00000004           0x08000180   Section        6  rtexit2.o(.ARM.Collect$$rtexit$$00000004)
    .text                                    0x08000188   Section       64  startup_stm32f10x_md.o(.text)
    .text                                    0x080001c8   Section        0  heapauxi.o(.text)
    .text                                    0x080001ce   Section       74  sys_stackheap_outer.o(.text)
    .text                                    0x08000218   Section        0  exit.o(.text)
    .text                                    0x0800022c   Section        8  libspace.o(.text)
    .text                                    0x08000234   Section        0  sys_exit.o(.text)
    .text                                    0x08000240   Section        2  use_no_semi.o(.text)
    .text                                    0x08000242   Section        0  indicate_semi.o(.text)
    [Anonymous Symbol]                       0x08000244   Section        0  adc.o(.text.ADC_Cmd)
    [Anonymous Symbol]                       0x08000254   Section        0  adc.o(.text.ADC_DMACmd)
    [Anonymous Symbol]                       0x08000270   Section        0  adc.o(.text.ADC_Init)
    [Anonymous Symbol]                       0x080002c4   Section        0  adc.o(.text.ADC_PeripheralClockControl)
    [Anonymous Symbol]                       0x0800031c   Section        0  adc.o(.text.ADC_RegularChannelConfig)
    [Anonymous Symbol]                       0x0800037c   Section        0  adc.o(.text.ADC_SoftwareStartConvCmd)
    [Anonymous Symbol]                       0x08000390   Section        0  dma.o(.text.DMA_Cmd)
    [Anonymous Symbol]                       0x080003ac   Section        0  dma.o(.text.DMA_DeInit)
    [Anonymous Symbol]                       0x080004b4   Section        0  dma.o(.text.DMA_Init)
    [Anonymous Symbol]                       0x080004fc   Section        0  dma.o(.text.DMA_PeriClockControl)
    [Anonymous Symbol]                       0x0800057c   Section        0  main.o(.text.EXTI1_IRQHandler)
    [Anonymous Symbol]                       0x0800060c   Section        0  flash.o(.text.FLASH_ErasePage)
    [Anonymous Symbol]                       0x0800070c   Section        0  flash.o(.text.FLASH_GetFlagStatus)
    [Anonymous Symbol]                       0x0800072c   Section        0  flash.o(.text.FLASH_Lock)
    [Anonymous Symbol]                       0x08000740   Section        0  flash.o(.text.FLASH_ProgramHalfWord)
    [Anonymous Symbol]                       0x08000858   Section        0  flash.o(.text.FLASH_Unlock)
    [Anonymous Symbol]                       0x08000878   Section        0  gpio.o(.text.GPIO_IRQHandling)
    [Anonymous Symbol]                       0x08000890   Section        0  gpio.o(.text.GPIO_IRQInteruptConfig)
    [Anonymous Symbol]                       0x080008c4   Section        0  gpio.o(.text.GPIO_Init)
    [Anonymous Symbol]                       0x08000a0c   Section        0  gpio.o(.text.GPIO_PeriClockControl)
    [Anonymous Symbol]                       0x08000aac   Section        0  spi.o(.text.SPI_GetFlagStatus)
    [Anonymous Symbol]                       0x08000ab8   Section        0  spi.o(.text.SPI_Init)
    [Anonymous Symbol]                       0x08000b54   Section        0  spi.o(.text.SPI_PeripheralControl)
    [Anonymous Symbol]                       0x08000b64   Section        0  spi.o(.text.SPI_SSOEConfig)
    [Anonymous Symbol]                       0x08000b74   Section        0  spi.o(.text.SPI_SendData)
    [Anonymous Symbol]                       0x08000b9c   Section        0  kalman.o(.text.SimpleKalmanFilter)
    [Anonymous Symbol]                       0x08000bdc   Section        0  delay.o(.text.SysTick_Handler)
    [Anonymous Symbol]                       0x08000bf4   Section        0  system_stm32f10x.o(.text.SystemInit)
    [Anonymous Symbol]                       0x08000d04   Section        0  delay.o(.text.Systick_Initialize)
    [Anonymous Symbol]                       0x08000d30   Section        0  main.o(.text.Voltage_Sensor)
    [Anonymous Symbol]                       0x08000df0   Section        0  delay.o(.text.delay_ms)
    [Anonymous Symbol]                       0x08000e14   Section        0  main.o(.text.main)
    [Anonymous Symbol]                       0x080010ac   Section        0  kalman.o(.text.updateEstimate)
    x$fpl$d2f                                0x08001168   Section       98  d2f.o(x$fpl$d2f)
    x$fpl$ddiv                               0x080011cc   Section      692  ddiv.o(x$fpl$ddiv)
    ddiv_entry                               0x080011d3   Thumb Code     0  ddiv.o(x$fpl$ddiv)
    x$fpl$dfltu                              0x08001480   Section       38  dflt_clz.o(x$fpl$dfltu)
    x$fpl$dmul                               0x080014a8   Section      340  dmul.o(x$fpl$dmul)
    x$fpl$dnaninf                            0x080015fc   Section      156  dnaninf.o(x$fpl$dnaninf)
    x$fpl$dretinf                            0x08001698   Section       12  dretinf.o(x$fpl$dretinf)
    x$fpl$f2d                                0x080016a4   Section       86  f2d.o(x$fpl$f2d)
    x$fpl$fadd                               0x080016fc   Section      196  faddsub_clz.o(x$fpl$fadd)
    _fadd1                                   0x0800170b   Thumb Code     0  faddsub_clz.o(x$fpl$fadd)
    _fdiv1                                   0x080017c1   Thumb Code     0  fdiv.o(x$fpl$fdiv)
    x$fpl$fdiv                               0x080017c0   Section      388  fdiv.o(x$fpl$fdiv)
    x$fpl$ffix                               0x08001944   Section       54  ffix.o(x$fpl$ffix)
    x$fpl$ffltu                              0x0800197c   Section       38  fflt_clz.o(x$fpl$ffltu)
    x$fpl$fmul                               0x080019a4   Section      258  fmul.o(x$fpl$fmul)
    x$fpl$fnaninf                            0x08001aa6   Section      140  fnaninf.o(x$fpl$fnaninf)
    x$fpl$fretinf                            0x08001b32   Section       10  fretinf.o(x$fpl$fretinf)
    x$fpl$fsub                               0x08001b3c   Section      234  faddsub_clz.o(x$fpl$fsub)
    _fsub1                                   0x08001b4b   Thumb Code     0  faddsub_clz.o(x$fpl$fsub)
    x$fpl$usenofp                            0x08001c26   Section        0  usenofp.o(x$fpl$usenofp)
    .Lswitch.table.setEstimateError          0x08001c28   Data          12  kalman.o(.rodata..Lswitch.table.setEstimateError)
    .Lswitch.table.setMeasurementError       0x08001c34   Data          12  kalman.o(.rodata..Lswitch.table.setMeasurementError)
    .Lswitch.table.setProcessNoise           0x08001c40   Data          12  kalman.o(.rodata..Lswitch.table.setProcessNoise)
    .bss                                     0x20000010   Section       96  libspace.o(.bss)
    Heap_Mem                                 0x200000c8   Data         512  startup_stm32f10x_md.o(HEAP)
    HEAP                                     0x200000c8   Section      512  startup_stm32f10x_md.o(HEAP)
    Stack_Mem                                0x200002c8   Data        1024  startup_stm32f10x_md.o(STACK)
    STACK                                    0x200002c8   Section     1024  startup_stm32f10x_md.o(STACK)
    __initial_sp                             0x200006c8   Data           0  startup_stm32f10x_md.o(STACK)

    Global Symbols

    Symbol Name                              Value     Ov Type        Size  Object(Section)

    BuildAttributes$$THM_ISAv4$P$D$K$B$S$PE$A:L22UL41UL21$X:L11$S22US41US21$IEEE1$IW$~IW$USESV6$~STKCKD$USESV7$~SHL$OTIME$ROPI$EBA8$UX$STANDARDLIB$REQ8$PRES8$EABIv2 0x00000000   Number         0  anon$$obj.o ABSOLUTE
    __fp_init_empty                          0x00000000   Number         0  fpinit_empty.o ABSOLUTE
    __ARM_exceptions_init                     - Undefined Weak Reference
    __alloca_initialize                       - Undefined Weak Reference
    __arm_preinit_                            - Undefined Weak Reference
    __arm_relocate_pie_                       - Undefined Weak Reference
    __cpp_initialize__aeabi_                  - Undefined Weak Reference
    __cxa_finalize                            - Undefined Weak Reference
    __rt_locale                               - Undefined Weak Reference
    __sigvec_lookup                           - Undefined Weak Reference
    _atexit_init                              - Undefined Weak Reference
    _call_atexit_fns                          - Undefined Weak Reference
    _clock_init                               - Undefined Weak Reference
    _fp_trap_init                             - Undefined Weak Reference
    _fp_trap_shutdown                         - Undefined Weak Reference
    _get_lc_collate                           - Undefined Weak Reference
    _get_lc_ctype                             - Undefined Weak Reference
    _get_lc_monetary                          - Undefined Weak Reference
    _get_lc_numeric                           - Undefined Weak Reference
    _get_lc_time                              - Undefined Weak Reference
    _getenv_init                              - Undefined Weak Reference
    _handle_redirection                       - Undefined Weak Reference
    _init_alloc                               - Undefined Weak Reference
    _init_user_alloc                          - Undefined Weak Reference
    _initio                                   - Undefined Weak Reference
    _rand_init                                - Undefined Weak Reference
    _signal_finish                            - Undefined Weak Reference
    _signal_init                              - Undefined Weak Reference
    _terminate_alloc                          - Undefined Weak Reference
    _terminate_user_alloc                     - Undefined Weak Reference
    _terminateio                              - Undefined Weak Reference
    __Vectors_Size                           0x000000ec   Number         0  startup_stm32f10x_md.o ABSOLUTE
    __Vectors                                0x08000000   Data           4  startup_stm32f10x_md.o(RESET)
    __Vectors_End                            0x080000ec   Data           0  startup_stm32f10x_md.o(RESET)
    __main                                   0x080000ed   Thumb Code     8  __main.o(!!!main)
    __scatterload                            0x080000f5   Thumb Code     0  __scatter.o(!!!scatter)
    __scatterload_rt2                        0x080000f5   Thumb Code    44  __scatter.o(!!!scatter)
    __scatterload_rt2_thumb_only             0x080000f5   Thumb Code     0  __scatter.o(!!!scatter)
    __scatterload_null                       0x08000103   Thumb Code     0  __scatter.o(!!!scatter)
    __scatterload_copy                       0x08000129   Thumb Code    26  __scatter_copy.o(!!handler_copy)
    __scatterload_zeroinit                   0x08000145   Thumb Code    28  __scatter_zi.o(!!handler_zi)
    __rt_lib_init                            0x08000161   Thumb Code     0  libinit.o(.ARM.Collect$$libinit$$00000000)
    __rt_lib_init_alloca_1                   0x08000163   Thumb Code     0  libinit2.o(.ARM.Collect$$libinit$$00000030)
    __rt_lib_init_argv_1                     0x08000163   Thumb Code     0  libinit2.o(.ARM.Collect$$libinit$$0000002E)
    __rt_lib_init_atexit_1                   0x08000163   Thumb Code     0  libinit2.o(.ARM.Collect$$libinit$$0000001D)
    __rt_lib_init_clock_1                    0x08000163   Thumb Code     0  libinit2.o(.ARM.Collect$$libinit$$00000023)
    __rt_lib_init_cpp_1                      0x08000163   Thumb Code     0  libinit2.o(.ARM.Collect$$libinit$$00000034)
    __rt_lib_init_exceptions_1               0x08000163   Thumb Code     0  libinit2.o(.ARM.Collect$$libinit$$00000032)
    __rt_lib_init_fp_1                       0x08000163   Thumb Code     0  libinit2.o(.ARM.Collect$$libinit$$00000002)
    __rt_lib_init_fp_trap_1                  0x08000163   Thumb Code     0  libinit2.o(.ARM.Collect$$libinit$$00000021)
    __rt_lib_init_getenv_1                   0x08000163   Thumb Code     0  libinit2.o(.ARM.Collect$$libinit$$00000025)
    __rt_lib_init_heap_1                     0x08000163   Thumb Code     0  libinit2.o(.ARM.Collect$$libinit$$0000000C)
    __rt_lib_init_lc_collate_1               0x08000163   Thumb Code     0  libinit2.o(.ARM.Collect$$libinit$$00000013)
    __rt_lib_init_lc_ctype_1                 0x08000163   Thumb Code     0  libinit2.o(.ARM.Collect$$libinit$$00000015)
    __rt_lib_init_lc_monetary_1              0x08000163   Thumb Code     0  libinit2.o(.ARM.Collect$$libinit$$00000017)
    __rt_lib_init_lc_numeric_1               0x08000163   Thumb Code     0  libinit2.o(.ARM.Collect$$libinit$$00000019)
    __rt_lib_init_lc_time_1                  0x08000163   Thumb Code     0  libinit2.o(.ARM.Collect$$libinit$$0000001B)
    __rt_lib_init_preinit_1                  0x08000163   Thumb Code     0  libinit2.o(.ARM.Collect$$libinit$$00000006)
    __rt_lib_init_rand_1                     0x08000163   Thumb Code     0  libinit2.o(.ARM.Collect$$libinit$$00000010)
    __rt_lib_init_relocate_pie_1             0x08000163   Thumb Code     0  libinit2.o(.ARM.Collect$$libinit$$00000004)
    __rt_lib_init_return                     0x08000163   Thumb Code     0  libinit2.o(.ARM.Collect$$libinit$$00000035)
    __rt_lib_init_signal_1                   0x08000163   Thumb Code     0  libinit2.o(.ARM.Collect$$libinit$$0000001F)
    __rt_lib_init_stdio_1                    0x08000163   Thumb Code     0  libinit2.o(.ARM.Collect$$libinit$$00000027)
    __rt_lib_init_user_alloc_1               0x08000163   Thumb Code     0  libinit2.o(.ARM.Collect$$libinit$$0000000E)
    __rt_lib_shutdown                        0x08000165   Thumb Code     0  libshutdown.o(.ARM.Collect$$libshutdown$$00000000)
    __rt_lib_shutdown_cpp_1                  0x08000167   Thumb Code     0  libshutdown2.o(.ARM.Collect$$libshutdown$$00000002)
    __rt_lib_shutdown_fp_trap_1              0x08000167   Thumb Code     0  libshutdown2.o(.ARM.Collect$$libshutdown$$00000007)
    __rt_lib_shutdown_heap_1                 0x08000167   Thumb Code     0  libshutdown2.o(.ARM.Collect$$libshutdown$$0000000F)
    __rt_lib_shutdown_return                 0x08000167   Thumb Code     0  libshutdown2.o(.ARM.Collect$$libshutdown$$00000010)
    __rt_lib_shutdown_signal_1               0x08000167   Thumb Code     0  libshutdown2.o(.ARM.Collect$$libshutdown$$0000000A)
    __rt_lib_shutdown_stdio_1                0x08000167   Thumb Code     0  libshutdown2.o(.ARM.Collect$$libshutdown$$00000004)
    __rt_lib_shutdown_user_alloc_1           0x08000167   Thumb Code     0  libshutdown2.o(.ARM.Collect$$libshutdown$$0000000C)
    __rt_entry                               0x08000169   Thumb Code     0  __rtentry.o(.ARM.Collect$$rtentry$$00000000)
    __rt_entry_presh_1                       0x08000169   Thumb Code     0  __rtentry2.o(.ARM.Collect$$rtentry$$00000002)
    __rt_entry_sh                            0x08000169   Thumb Code     0  __rtentry4.o(.ARM.Collect$$rtentry$$00000004)
    __rt_entry_li                            0x0800016f   Thumb Code     0  __rtentry2.o(.ARM.Collect$$rtentry$$0000000A)
    __rt_entry_postsh_1                      0x0800016f   Thumb Code     0  __rtentry2.o(.ARM.Collect$$rtentry$$00000009)
    __rt_entry_main                          0x08000173   Thumb Code     0  __rtentry2.o(.ARM.Collect$$rtentry$$0000000D)
    __rt_entry_postli_1                      0x08000173   Thumb Code     0  __rtentry2.o(.ARM.Collect$$rtentry$$0000000C)
    __rt_exit                                0x0800017b   Thumb Code     0  rtexit.o(.ARM.Collect$$rtexit$$00000000)
    __rt_exit_ls                             0x0800017d   Thumb Code     0  rtexit2.o(.ARM.Collect$$rtexit$$00000003)
    __rt_exit_prels_1                        0x0800017d   Thumb Code     0  rtexit2.o(.ARM.Collect$$rtexit$$00000002)
    __rt_exit_exit                           0x08000181   Thumb Code     0  rtexit2.o(.ARM.Collect$$rtexit$$00000004)
    Reset_Handler                            0x08000189   Thumb Code     8  startup_stm32f10x_md.o(.text)
    NMI_Handler                              0x08000191   Thumb Code     2  startup_stm32f10x_md.o(.text)
    HardFault_Handler                        0x08000193   Thumb Code     2  startup_stm32f10x_md.o(.text)
    MemManage_Handler                        0x08000195   Thumb Code     2  startup_stm32f10x_md.o(.text)
    BusFault_Handler                         0x08000197   Thumb Code     2  startup_stm32f10x_md.o(.text)
    UsageFault_Handler                       0x08000199   Thumb Code     2  startup_stm32f10x_md.o(.text)
    SVC_Handler                              0x0800019b   Thumb Code     2  startup_stm32f10x_md.o(.text)
    DebugMon_Handler                         0x0800019d   Thumb Code     2  startup_stm32f10x_md.o(.text)
    PendSV_Handler                           0x0800019f   Thumb Code     2  startup_stm32f10x_md.o(.text)
    ADC1_2_IRQHandler                        0x080001a3   Thumb Code     0  startup_stm32f10x_md.o(.text)
    CAN1_RX1_IRQHandler                      0x080001a3   Thumb Code     0  startup_stm32f10x_md.o(.text)
    CAN1_SCE_IRQHandler                      0x080001a3   Thumb Code     0  startup_stm32f10x_md.o(.text)
    DMA1_Channel1_IRQHandler                 0x080001a3   Thumb Code     0  startup_stm32f10x_md.o(.text)
    DMA1_Channel2_IRQHandler                 0x080001a3   Thumb Code     0  startup_stm32f10x_md.o(.text)
    DMA1_Channel3_IRQHandler                 0x080001a3   Thumb Code     0  startup_stm32f10x_md.o(.text)
    DMA1_Channel4_IRQHandler                 0x080001a3   Thumb Code     0  startup_stm32f10x_md.o(.text)
    DMA1_Channel5_IRQHandler                 0x080001a3   Thumb Code     0  startup_stm32f10x_md.o(.text)
    DMA1_Channel6_IRQHandler                 0x080001a3   Thumb Code     0  startup_stm32f10x_md.o(.text)
    DMA1_Channel7_IRQHandler                 0x080001a3   Thumb Code     0  startup_stm32f10x_md.o(.text)
    EXTI0_IRQHandler                         0x080001a3   Thumb Code     0  startup_stm32f10x_md.o(.text)
    EXTI15_10_IRQHandler                     0x080001a3   Thumb Code     0  startup_stm32f10x_md.o(.text)
    EXTI2_IRQHandler                         0x080001a3   Thumb Code     0  startup_stm32f10x_md.o(.text)
    EXTI3_IRQHandler                         0x080001a3   Thumb Code     0  startup_stm32f10x_md.o(.text)
    EXTI4_IRQHandler                         0x080001a3   Thumb Code     0  startup_stm32f10x_md.o(.text)
    EXTI9_5_IRQHandler                       0x080001a3   Thumb Code     0  startup_stm32f10x_md.o(.text)
    FLASH_IRQHandler                         0x080001a3   Thumb Code     0  startup_stm32f10x_md.o(.text)
    I2C1_ER_IRQHandler                       0x080001a3   Thumb Code     0  startup_stm32f10x_md.o(.text)
    I2C1_EV_IRQHandler                       0x080001a3   Thumb Code     0  startup_stm32f10x_md.o(.text)
    I2C2_ER_IRQHandler                       0x080001a3   Thumb Code     0  startup_stm32f10x_md.o(.text)
    I2C2_EV_IRQHandler                       0x080001a3   Thumb Code     0  startup_stm32f10x_md.o(.text)
    PVD_IRQHandler                           0x080001a3   Thumb Code     0  startup_stm32f10x_md.o(.text)
    RCC_IRQHandler                           0x080001a3   Thumb Code     0  startup_stm32f10x_md.o(.text)
    RTCAlarm_IRQHandler                      0x080001a3   Thumb Code     0  startup_stm32f10x_md.o(.text)
    RTC_IRQHandler                           0x080001a3   Thumb Code     0  startup_stm32f10x_md.o(.text)
    SPI1_IRQHandler                          0x080001a3   Thumb Code     0  startup_stm32f10x_md.o(.text)
    SPI2_IRQHandler                          0x080001a3   Thumb Code     0  startup_stm32f10x_md.o(.text)
    TAMPER_IRQHandler                        0x080001a3   Thumb Code     0  startup_stm32f10x_md.o(.text)
    TIM1_BRK_IRQHandler                      0x080001a3   Thumb Code     0  startup_stm32f10x_md.o(.text)
    TIM1_CC_IRQHandler                       0x080001a3   Thumb Code     0  startup_stm32f10x_md.o(.text)
    TIM1_TRG_COM_IRQHandler                  0x080001a3   Thumb Code     0  startup_stm32f10x_md.o(.text)
    TIM1_UP_IRQHandler                       0x080001a3   Thumb Code     0  startup_stm32f10x_md.o(.text)
    TIM2_IRQHandler                          0x080001a3   Thumb Code     0  startup_stm32f10x_md.o(.text)
    TIM3_IRQHandler                          0x080001a3   Thumb Code     0  startup_stm32f10x_md.o(.text)
    TIM4_IRQHandler                          0x080001a3   Thumb Code     0  startup_stm32f10x_md.o(.text)
    USART1_IRQHandler                        0x080001a3   Thumb Code     0  startup_stm32f10x_md.o(.text)
    USART2_IRQHandler                        0x080001a3   Thumb Code     0  startup_stm32f10x_md.o(.text)
    USART3_IRQHandler                        0x080001a3   Thumb Code     0  startup_stm32f10x_md.o(.text)
    USBWakeUp_IRQHandler                     0x080001a3   Thumb Code     0  startup_stm32f10x_md.o(.text)
    USB_HP_CAN1_TX_IRQHandler                0x080001a3   Thumb Code     0  startup_stm32f10x_md.o(.text)
    USB_LP_CAN1_RX0_IRQHandler               0x080001a3   Thumb Code     0  startup_stm32f10x_md.o(.text)
    WWDG_IRQHandler                          0x080001a3   Thumb Code     0  startup_stm32f10x_md.o(.text)
    __user_initial_stackheap                 0x080001a5   Thumb Code     0  startup_stm32f10x_md.o(.text)
    __use_two_region_memory                  0x080001c9   Thumb Code     2  heapauxi.o(.text)
    __rt_heap_escrow$2region                 0x080001cb   Thumb Code     2  heapauxi.o(.text)
    __rt_heap_expand$2region                 0x080001cd   Thumb Code     2  heapauxi.o(.text)
    __user_setup_stackheap                   0x080001cf   Thumb Code    74  sys_stackheap_outer.o(.text)
    exit                                     0x08000219   Thumb Code    18  exit.o(.text)
    __user_libspace                          0x0800022d   Thumb Code     8  libspace.o(.text)
    __user_perproc_libspace                  0x0800022d   Thumb Code     0  libspace.o(.text)
    __user_perthread_libspace                0x0800022d   Thumb Code     0  libspace.o(.text)
    _sys_exit                                0x08000235   Thumb Code     8  sys_exit.o(.text)
    __I$use$semihosting                      0x08000241   Thumb Code     0  use_no_semi.o(.text)
    __use_no_semihosting_swi                 0x08000241   Thumb Code     2  use_no_semi.o(.text)
    __semihosting_library_function           0x08000243   Thumb Code     0  indicate_semi.o(.text)
    ADC_Cmd                                  0x08000245   Thumb Code    16  adc.o(.text.ADC_Cmd)
    ADC_DMACmd                               0x08000255   Thumb Code    28  adc.o(.text.ADC_DMACmd)
    ADC_Init                                 0x08000271   Thumb Code    84  adc.o(.text.ADC_Init)
    ADC_PeripheralClockControl               0x080002c5   Thumb Code    88  adc.o(.text.ADC_PeripheralClockControl)
    ADC_RegularChannelConfig                 0x0800031d   Thumb Code    96  adc.o(.text.ADC_RegularChannelConfig)
    ADC_SoftwareStartConvCmd                 0x0800037d   Thumb Code    18  adc.o(.text.ADC_SoftwareStartConvCmd)
    DMA_Cmd                                  0x08000391   Thumb Code    28  dma.o(.text.DMA_Cmd)
    DMA_DeInit                               0x080003ad   Thumb Code   264  dma.o(.text.DMA_DeInit)
    DMA_Init                                 0x080004b5   Thumb Code    72  dma.o(.text.DMA_Init)
    DMA_PeriClockControl                     0x080004fd   Thumb Code   126  dma.o(.text.DMA_PeriClockControl)
    EXTI1_IRQHandler                         0x0800057d   Thumb Code   144  main.o(.text.EXTI1_IRQHandler)
    FLASH_ErasePage                          0x0800060d   Thumb Code   254  flash.o(.text.FLASH_ErasePage)
    FLASH_GetFlagStatus                      0x0800070d   Thumb Code    30  flash.o(.text.FLASH_GetFlagStatus)
    FLASH_Lock                               0x0800072d   Thumb Code    18  flash.o(.text.FLASH_Lock)
    FLASH_ProgramHalfWord                    0x08000741   Thumb Code   278  flash.o(.text.FLASH_ProgramHalfWord)
    FLASH_Unlock                             0x08000859   Thumb Code    30  flash.o(.text.FLASH_Unlock)
    GPIO_IRQHandling                         0x08000879   Thumb Code    22  gpio.o(.text.GPIO_IRQHandling)
    GPIO_IRQInteruptConfig                   0x08000891   Thumb Code    52  gpio.o(.text.GPIO_IRQInteruptConfig)
    GPIO_Init                                0x080008c5   Thumb Code   308  gpio.o(.text.GPIO_Init)
    GPIO_PeriClockControl                    0x08000a0d   Thumb Code   158  gpio.o(.text.GPIO_PeriClockControl)
    SPI_GetFlagStatus                        0x08000aad   Thumb Code    10  spi.o(.text.SPI_GetFlagStatus)
    SPI_Init                                 0x08000ab9   Thumb Code   156  spi.o(.text.SPI_Init)
    SPI_PeripheralControl                    0x08000b55   Thumb Code    16  spi.o(.text.SPI_PeripheralControl)
    SPI_SSOEConfig                           0x08000b65   Thumb Code    16  spi.o(.text.SPI_SSOEConfig)
    SPI_SendData                             0x08000b75   Thumb Code    40  spi.o(.text.SPI_SendData)
    SimpleKalmanFilter                       0x08000b9d   Thumb Code    64  kalman.o(.text.SimpleKalmanFilter)
    SysTick_Handler                          0x08000bdd   Thumb Code    24  delay.o(.text.SysTick_Handler)
    SystemInit                               0x08000bf5   Thumb Code   272  system_stm32f10x.o(.text.SystemInit)
    Systick_Initialize                       0x08000d05   Thumb Code    44  delay.o(.text.Systick_Initialize)
    Voltage_Sensor                           0x08000d31   Thumb Code   192  main.o(.text.Voltage_Sensor)
    delay_ms                                 0x08000df1   Thumb Code    34  delay.o(.text.delay_ms)
    main                                     0x08000e15   Thumb Code   662  main.o(.text.main)
    updateEstimate                           0x080010ad   Thumb Code   186  kalman.o(.text.updateEstimate)
    __aeabi_d2f                              0x08001169   Thumb Code     0  d2f.o(x$fpl$d2f)
    _d2f                                     0x08001169   Thumb Code    98  d2f.o(x$fpl$d2f)
    __aeabi_ddiv                             0x080011cd   Thumb Code     0  ddiv.o(x$fpl$ddiv)
    _ddiv                                    0x080011cd   Thumb Code   556  ddiv.o(x$fpl$ddiv)
    __aeabi_ui2d                             0x08001481   Thumb Code     0  dflt_clz.o(x$fpl$dfltu)
    _dfltu                                   0x08001481   Thumb Code    38  dflt_clz.o(x$fpl$dfltu)
    __aeabi_dmul                             0x080014a9   Thumb Code     0  dmul.o(x$fpl$dmul)
    _dmul                                    0x080014a9   Thumb Code   332  dmul.o(x$fpl$dmul)
    __fpl_dnaninf                            0x080015fd   Thumb Code   156  dnaninf.o(x$fpl$dnaninf)
    __fpl_dretinf                            0x08001699   Thumb Code    12  dretinf.o(x$fpl$dretinf)
    __aeabi_f2d                              0x080016a5   Thumb Code     0  f2d.o(x$fpl$f2d)
    _f2d                                     0x080016a5   Thumb Code    86  f2d.o(x$fpl$f2d)
    __aeabi_fadd                             0x080016fd   Thumb Code     0  faddsub_clz.o(x$fpl$fadd)
    _fadd                                    0x080016fd   Thumb Code   196  faddsub_clz.o(x$fpl$fadd)
    __aeabi_fdiv                             0x080017c1   Thumb Code     0  fdiv.o(x$fpl$fdiv)
    _fdiv                                    0x080017c1   Thumb Code   384  fdiv.o(x$fpl$fdiv)
    __aeabi_f2iz                             0x08001945   Thumb Code     0  ffix.o(x$fpl$ffix)
    _ffix                                    0x08001945   Thumb Code    54  ffix.o(x$fpl$ffix)
    __aeabi_ui2f                             0x0800197d   Thumb Code     0  fflt_clz.o(x$fpl$ffltu)
    _ffltu                                   0x0800197d   Thumb Code    38  fflt_clz.o(x$fpl$ffltu)
    __aeabi_fmul                             0x080019a5   Thumb Code     0  fmul.o(x$fpl$fmul)
    _fmul                                    0x080019a5   Thumb Code   258  fmul.o(x$fpl$fmul)
    __fpl_fnaninf                            0x08001aa7   Thumb Code   140  fnaninf.o(x$fpl$fnaninf)
    __fpl_fretinf                            0x08001b33   Thumb Code    10  fretinf.o(x$fpl$fretinf)
    __aeabi_fsub                             0x08001b3d   Thumb Code     0  faddsub_clz.o(x$fpl$fsub)
    _fsub                                    0x08001b3d   Thumb Code   234  faddsub_clz.o(x$fpl$fsub)
    __I$use$fp                               0x08001c26   Number         0  usenofp.o(x$fpl$usenofp)
    Region$$Table$$Base                      0x08001c4c   Number         0  anon$$obj.o(Region$$Table)
    Region$$Table$$Limit                     0x08001c6c   Number         0  anon$$obj.o(Region$$Table)
    data                                     0x20000000   Data           2  main.o(.data.data)
    r1                                       0x20000004   Data           4  main.o(.data.r1)
    r2                                       0x20000008   Data           4  main.o(.data.r2)
    __libspace_start                         0x20000010   Data          96  libspace.o(.bss)
    TimeDelay                                0x20000070   Data           4  main.o(.bss.TimeDelay)
    __temporary_stack_top$libspace           0x20000070   Data           0  libspace.o(.bss)
    Vs                                       0x20000074   Data           4  main.o(.bss.Vs)
    adc_buffer                               0x20000078   Data           6  main.o(.bss.adc_buffer)
    kal_temperature                          0x2000007e   Data           2  main.o(.bss.kal_temperature)
    kal_voltage                              0x20000080   Data           2  main.o(.bss.kal_voltage)
    kalmanCurrent_err_estimate               0x20000084   Data           4  kalman.o(.bss.kalmanCurrent_err_estimate)
    kalmanCurrent_err_measure                0x20000088   Data           4  kalman.o(.bss.kalmanCurrent_err_measure)
    kalmanCurrent_last_estimate              0x2000008c   Data           4  kalman.o(.bss.kalmanCurrent_last_estimate)
    kalmanCurrent_q                          0x20000090   Data           4  kalman.o(.bss.kalmanCurrent_q)
    kalmanTemperature_err_estimate           0x20000094   Data           4  kalman.o(.bss.kalmanTemperature_err_estimate)
    kalmanTemperature_err_measure            0x20000098   Data           4  kalman.o(.bss.kalmanTemperature_err_measure)
    kalmanTemperature_last_estimate          0x2000009c   Data           4  kalman.o(.bss.kalmanTemperature_last_estimate)
    kalmanTemperature_q                      0x200000a0   Data           4  kalman.o(.bss.kalmanTemperature_q)
    kalmanVoltage_err_estimate               0x200000a4   Data           4  kalman.o(.bss.kalmanVoltage_err_estimate)
    kalmanVoltage_err_measure                0x200000a8   Data           4  kalman.o(.bss.kalmanVoltage_err_measure)
    kalmanVoltage_last_estimate              0x200000ac   Data           4  kalman.o(.bss.kalmanVoltage_last_estimate)
    kalmanVoltage_q                          0x200000b0   Data           4  kalman.o(.bss.kalmanVoltage_q)
    temperature                              0x200000b4   Data           4  main.o(.bss.temperature)
    v1_in                                    0x200000b8   Data           4  main.o(.bss.v1_in)
    v1_out                                   0x200000bc   Data           4  main.o(.bss.v1_out)
    v3                                       0x200000c0   Data           4  main.o(.bss.v3)



==============================================================================

Memory Map of the image

  Image Entry point : 0x080000ed

  Load Region LR_IROM1 (Base: 0x08000000, Size: 0x00001c80, Max: 0x00010000, ABSOLUTE)

    Execution Region ER_IROM1 (Exec base: 0x08000000, Load base: 0x08000000, Size: 0x00001c6c, Max: 0x00010000, ABSOLUTE)

    Exec Addr    Load Addr    Size         Type   Attr      Idx    E Section Name        Object

    0x08000000   0x08000000   0x000000ec   Data   RO          254    RESET               startup_stm32f10x_md.o
    0x080000ec   0x080000ec   0x00000008   Code   RO          281  * !!!main             c_w.l(__main.o)
    0x080000f4   0x080000f4   0x00000034   Code   RO          499    !!!scatter          c_w.l(__scatter.o)
    0x08000128   0x08000128   0x0000001a   Code   RO          501    !!handler_copy      c_w.l(__scatter_copy.o)
    0x08000142   0x08000142   0x00000002   PAD
    0x08000144   0x08000144   0x0000001c   Code   RO          503    !!handler_zi        c_w.l(__scatter_zi.o)
    0x08000160   0x08000160   0x00000002   Code   RO          361    .ARM.Collect$$libinit$$00000000  c_w.l(libinit.o)
    0x08000162   0x08000162   0x00000000   Code   RO          368    .ARM.Collect$$libinit$$00000002  c_w.l(libinit2.o)
    0x08000162   0x08000162   0x00000000   Code   RO          370    .ARM.Collect$$libinit$$00000004  c_w.l(libinit2.o)
    0x08000162   0x08000162   0x00000000   Code   RO          372    .ARM.Collect$$libinit$$00000006  c_w.l(libinit2.o)
    0x08000162   0x08000162   0x00000000   Code   RO          375    .ARM.Collect$$libinit$$0000000C  c_w.l(libinit2.o)
    0x08000162   0x08000162   0x00000000   Code   RO          377    .ARM.Collect$$libinit$$0000000E  c_w.l(libinit2.o)
    0x08000162   0x08000162   0x00000000   Code   RO          379    .ARM.Collect$$libinit$$00000010  c_w.l(libinit2.o)
    0x08000162   0x08000162   0x00000000   Code   RO          382    .ARM.Collect$$libinit$$00000013  c_w.l(libinit2.o)
    0x08000162   0x08000162   0x00000000   Code   RO          384    .ARM.Collect$$libinit$$00000015  c_w.l(libinit2.o)
    0x08000162   0x08000162   0x00000000   Code   RO          386    .ARM.Collect$$libinit$$00000017  c_w.l(libinit2.o)
    0x08000162   0x08000162   0x00000000   Code   RO          388    .ARM.Collect$$libinit$$00000019  c_w.l(libinit2.o)
    0x08000162   0x08000162   0x00000000   Code   RO          390    .ARM.Collect$$libinit$$0000001B  c_w.l(libinit2.o)
    0x08000162   0x08000162   0x00000000   Code   RO          392    .ARM.Collect$$libinit$$0000001D  c_w.l(libinit2.o)
    0x08000162   0x08000162   0x00000000   Code   RO          394    .ARM.Collect$$libinit$$0000001F  c_w.l(libinit2.o)
    0x08000162   0x08000162   0x00000000   Code   RO          396    .ARM.Collect$$libinit$$00000021  c_w.l(libinit2.o)
    0x08000162   0x08000162   0x00000000   Code   RO          398    .ARM.Collect$$libinit$$00000023  c_w.l(libinit2.o)
    0x08000162   0x08000162   0x00000000   Code   RO          400    .ARM.Collect$$libinit$$00000025  c_w.l(libinit2.o)
    0x08000162   0x08000162   0x00000000   Code   RO          402    .ARM.Collect$$libinit$$00000027  c_w.l(libinit2.o)
    0x08000162   0x08000162   0x00000000   Code   RO          406    .ARM.Collect$$libinit$$0000002E  c_w.l(libinit2.o)
    0x08000162   0x08000162   0x00000000   Code   RO          408    .ARM.Collect$$libinit$$00000030  c_w.l(libinit2.o)
    0x08000162   0x08000162   0x00000000   Code   RO          410    .ARM.Collect$$libinit$$00000032  c_w.l(libinit2.o)
    0x08000162   0x08000162   0x00000000   Code   RO          412    .ARM.Collect$$libinit$$00000034  c_w.l(libinit2.o)
    0x08000162   0x08000162   0x00000002   Code   RO          413    .ARM.Collect$$libinit$$00000035  c_w.l(libinit2.o)
    0x08000164   0x08000164   0x00000002   Code   RO          435    .ARM.Collect$$libshutdown$$00000000  c_w.l(libshutdown.o)
    0x08000166   0x08000166   0x00000000   Code   RO          450    .ARM.Collect$$libshutdown$$00000002  c_w.l(libshutdown2.o)
    0x08000166   0x08000166   0x00000000   Code   RO          452    .ARM.Collect$$libshutdown$$00000004  c_w.l(libshutdown2.o)
    0x08000166   0x08000166   0x00000000   Code   RO          455    .ARM.Collect$$libshutdown$$00000007  c_w.l(libshutdown2.o)
    0x08000166   0x08000166   0x00000000   Code   RO          458    .ARM.Collect$$libshutdown$$0000000A  c_w.l(libshutdown2.o)
    0x08000166   0x08000166   0x00000000   Code   RO          460    .ARM.Collect$$libshutdown$$0000000C  c_w.l(libshutdown2.o)
    0x08000166   0x08000166   0x00000000   Code   RO          463    .ARM.Collect$$libshutdown$$0000000F  c_w.l(libshutdown2.o)
    0x08000166   0x08000166   0x00000002   Code   RO          464    .ARM.Collect$$libshutdown$$00000010  c_w.l(libshutdown2.o)
    0x08000168   0x08000168   0x00000000   Code   RO          327    .ARM.Collect$$rtentry$$00000000  c_w.l(__rtentry.o)
    0x08000168   0x08000168   0x00000000   Code   RO          338    .ARM.Collect$$rtentry$$00000002  c_w.l(__rtentry2.o)
    0x08000168   0x08000168   0x00000006   Code   RO          350    .ARM.Collect$$rtentry$$00000004  c_w.l(__rtentry4.o)
    0x0800016e   0x0800016e   0x00000000   Code   RO          340    .ARM.Collect$$rtentry$$00000009  c_w.l(__rtentry2.o)
    0x0800016e   0x0800016e   0x00000004   Code   RO          341    .ARM.Collect$$rtentry$$0000000A  c_w.l(__rtentry2.o)
    0x08000172   0x08000172   0x00000000   Code   RO          343    .ARM.Collect$$rtentry$$0000000C  c_w.l(__rtentry2.o)
    0x08000172   0x08000172   0x00000008   Code   RO          344    .ARM.Collect$$rtentry$$0000000D  c_w.l(__rtentry2.o)
    0x0800017a   0x0800017a   0x00000002   Code   RO          365    .ARM.Collect$$rtexit$$00000000  c_w.l(rtexit.o)
    0x0800017c   0x0800017c   0x00000000   Code   RO          415    .ARM.Collect$$rtexit$$00000002  c_w.l(rtexit2.o)
    0x0800017c   0x0800017c   0x00000004   Code   RO          416    .ARM.Collect$$rtexit$$00000003  c_w.l(rtexit2.o)
    0x08000180   0x08000180   0x00000006   Code   RO          417    .ARM.Collect$$rtexit$$00000004  c_w.l(rtexit2.o)
    0x08000186   0x08000186   0x00000002   PAD
    0x08000188   0x08000188   0x00000040   Code   RO          255    .text               startup_stm32f10x_md.o
    0x080001c8   0x080001c8   0x00000006   Code   RO          279    .text               c_w.l(heapauxi.o)
    0x080001ce   0x080001ce   0x0000004a   Code   RO          352    .text               c_w.l(sys_stackheap_outer.o)
    0x08000218   0x08000218   0x00000012   Code   RO          354    .text               c_w.l(exit.o)
    0x0800022a   0x0800022a   0x00000002   PAD
    0x0800022c   0x0800022c   0x00000008   Code   RO          362    .text               c_w.l(libspace.o)
    0x08000234   0x08000234   0x0000000c   Code   RO          425    .text               c_w.l(sys_exit.o)
    0x08000240   0x08000240   0x00000002   Code   RO          440    .text               c_w.l(use_no_semi.o)
    0x08000242   0x08000242   0x00000000   Code   RO          442    .text               c_w.l(indicate_semi.o)
    0x08000242   0x08000242   0x00000002   PAD
    0x08000244   0x08000244   0x00000010   Code   RO           62    .text.ADC_Cmd       adc.o
    0x08000254   0x08000254   0x0000001c   Code   RO           72    .text.ADC_DMACmd    adc.o
    0x08000270   0x08000270   0x00000054   Code   RO           60    .text.ADC_Init      adc.o
    0x080002c4   0x080002c4   0x00000058   Code   RO           58    .text.ADC_PeripheralClockControl  adc.o
    0x0800031c   0x0800031c   0x00000060   Code   RO           70    .text.ADC_RegularChannelConfig  adc.o
    0x0800037c   0x0800037c   0x00000012   Code   RO           64    .text.ADC_SoftwareStartConvCmd  adc.o
    0x0800038e   0x0800038e   0x00000002   PAD
    0x08000390   0x08000390   0x0000001c   Code   RO          108    .text.DMA_Cmd       dma.o
    0x080003ac   0x080003ac   0x00000108   Code   RO          102    .text.DMA_DeInit    dma.o
    0x080004b4   0x080004b4   0x00000048   Code   RO          104    .text.DMA_Init      dma.o
    0x080004fc   0x080004fc   0x0000007e   Code   RO          100    .text.DMA_PeriClockControl  dma.o
    0x0800057a   0x0800057a   0x00000002   PAD
    0x0800057c   0x0800057c   0x00000090   Code   RO           28    .text.EXTI1_IRQHandler  main.o
    0x0800060c   0x0800060c   0x000000fe   Code   RO          126    .text.FLASH_ErasePage  flash.o
    0x0800070a   0x0800070a   0x00000002   PAD
    0x0800070c   0x0800070c   0x0000001e   Code   RO          130    .text.FLASH_GetFlagStatus  flash.o
    0x0800072a   0x0800072a   0x00000002   PAD
    0x0800072c   0x0800072c   0x00000012   Code   RO          124    .text.FLASH_Lock    flash.o
    0x0800073e   0x0800073e   0x00000002   PAD
    0x08000740   0x08000740   0x00000116   Code   RO          132    .text.FLASH_ProgramHalfWord  flash.o
    0x08000856   0x08000856   0x00000002   PAD
    0x08000858   0x08000858   0x0000001e   Code   RO          122    .text.FLASH_Unlock  flash.o
    0x08000876   0x08000876   0x00000002   PAD
    0x08000878   0x08000878   0x00000016   Code   RO          166    .text.GPIO_IRQHandling  gpio.o
    0x0800088e   0x0800088e   0x00000002   PAD
    0x08000890   0x08000890   0x00000034   Code   RO          162    .text.GPIO_IRQInteruptConfig  gpio.o
    0x080008c4   0x080008c4   0x00000148   Code   RO          146    .text.GPIO_Init     gpio.o
    0x08000a0c   0x08000a0c   0x0000009e   Code   RO          144    .text.GPIO_PeriClockControl  gpio.o
    0x08000aaa   0x08000aaa   0x00000002   PAD
    0x08000aac   0x08000aac   0x0000000a   Code   RO          223    .text.SPI_GetFlagStatus  spi.o
    0x08000ab6   0x08000ab6   0x00000002   PAD
    0x08000ab8   0x08000ab8   0x0000009c   Code   RO          221    .text.SPI_Init      spi.o
    0x08000b54   0x08000b54   0x00000010   Code   RO          233    .text.SPI_PeripheralControl  spi.o
    0x08000b64   0x08000b64   0x00000010   Code   RO          231    .text.SPI_SSOEConfig  spi.o
    0x08000b74   0x08000b74   0x00000028   Code   RO          225    .text.SPI_SendData  spi.o
    0x08000b9c   0x08000b9c   0x00000040   Code   RO          176    .text.SimpleKalmanFilter  kalman.o
    0x08000bdc   0x08000bdc   0x00000018   Code   RO           86    .text.SysTick_Handler  delay.o
    0x08000bf4   0x08000bf4   0x00000110   Code   RO          262    .text.SystemInit    system_stm32f10x.o
    0x08000d04   0x08000d04   0x0000002c   Code   RO           84    .text.Systick_Initialize  delay.o
    0x08000d30   0x08000d30   0x000000c0   Code   RO           10    .text.Voltage_Sensor  main.o
    0x08000df0   0x08000df0   0x00000022   Code   RO           90    .text.delay_ms      delay.o
    0x08000e12   0x08000e12   0x00000002   PAD
    0x08000e14   0x08000e14   0x00000296   Code   RO           30    .text.main          main.o
    0x080010aa   0x080010aa   0x00000002   PAD
    0x080010ac   0x080010ac   0x000000ba   Code   RO          178    .text.updateEstimate  kalman.o
    0x08001166   0x08001166   0x00000002   PAD
    0x08001168   0x08001168   0x00000062   Code   RO          283    x$fpl$d2f           fz_ws.l(d2f.o)
    0x080011ca   0x080011ca   0x00000002   PAD
    0x080011cc   0x080011cc   0x000002b4   Code   RO          292    x$fpl$ddiv          fz_ws.l(ddiv.o)
    0x08001480   0x08001480   0x00000026   Code   RO          295    x$fpl$dfltu         fz_ws.l(dflt_clz.o)
    0x080014a6   0x080014a6   0x00000002   PAD
    0x080014a8   0x080014a8   0x00000154   Code   RO          301    x$fpl$dmul          fz_ws.l(dmul.o)
    0x080015fc   0x080015fc   0x0000009c   Code   RO          328    x$fpl$dnaninf       fz_ws.l(dnaninf.o)
    0x08001698   0x08001698   0x0000000c   Code   RO          330    x$fpl$dretinf       fz_ws.l(dretinf.o)
    0x080016a4   0x080016a4   0x00000056   Code   RO          303    x$fpl$f2d           fz_ws.l(f2d.o)
    0x080016fa   0x080016fa   0x00000002   PAD
    0x080016fc   0x080016fc   0x000000c4   Code   RO          305    x$fpl$fadd          fz_ws.l(faddsub_clz.o)
    0x080017c0   0x080017c0   0x00000184   Code   RO          312    x$fpl$fdiv          fz_ws.l(fdiv.o)
    0x08001944   0x08001944   0x00000036   Code   RO          315    x$fpl$ffix          fz_ws.l(ffix.o)
    0x0800197a   0x0800197a   0x00000002   PAD
    0x0800197c   0x0800197c   0x00000026   Code   RO          319    x$fpl$ffltu         fz_ws.l(fflt_clz.o)
    0x080019a2   0x080019a2   0x00000002   PAD
    0x080019a4   0x080019a4   0x00000102   Code   RO          325    x$fpl$fmul          fz_ws.l(fmul.o)
    0x08001aa6   0x08001aa6   0x0000008c   Code   RO          332    x$fpl$fnaninf       fz_ws.l(fnaninf.o)
    0x08001b32   0x08001b32   0x0000000a   Code   RO          334    x$fpl$fretinf       fz_ws.l(fretinf.o)
    0x08001b3c   0x08001b3c   0x000000ea   Code   RO          307    x$fpl$fsub          fz_ws.l(faddsub_clz.o)
    0x08001c26   0x08001c26   0x00000000   Code   RO          336    x$fpl$usenofp       fz_ws.l(usenofp.o)
    0x08001c26   0x08001c26   0x00000002   PAD
    0x08001c28   0x08001c28   0x0000000c   Data   RO          209    .rodata..Lswitch.table.setEstimateError  kalman.o
    0x08001c34   0x08001c34   0x0000000c   Data   RO          208    .rodata..Lswitch.table.setMeasurementError  kalman.o
    0x08001c40   0x08001c40   0x0000000c   Data   RO          210    .rodata..Lswitch.table.setProcessNoise  kalman.o
    0x08001c4c   0x08001c4c   0x00000020   Data   RO          498    Region$$Table       anon$$obj.o


    Execution Region RW_IRAM1 (Exec base: 0x20000000, Load base: 0x08001c70, Size: 0x000006c8, Max: 0x00005000, ABSOLUTE)

    Exec Addr    Load Addr    Size         Type   Attr      Idx    E Section Name        Object

    0x20000000   0x08001c70   0x00000002   Data   RW           46    .data.data          main.o
    0x20000002   0x08001c72   0x00000002   PAD
    0x20000004   0x08001c74   0x00000004   Data   RW           33    .data.r1            main.o
    0x20000008   0x08001c78   0x00000004   Data   RW           34    .data.r2            main.o
    0x2000000c   0x08001c7c   0x00000004   PAD
    0x20000010        -       0x00000060   Zero   RW          363    .bss                c_w.l(libspace.o)
    0x20000070        -       0x00000004   Zero   RW           47    .bss.TimeDelay      main.o
    0x20000074        -       0x00000004   Zero   RW           41    .bss.Vs             main.o
    0x20000078        -       0x00000006   Zero   RW           38    .bss.adc_buffer     main.o
    0x2000007e        -       0x00000002   Zero   RW           37    .bss.kal_temperature  main.o
    0x20000080        -       0x00000002   Zero   RW           32    .bss.kal_voltage    main.o
    0x20000082   0x08001c7c   0x00000002   PAD
    0x20000084        -       0x00000004   Zero   RW          194    .bss.kalmanCurrent_err_estimate  kalman.o
    0x20000088        -       0x00000004   Zero   RW          193    .bss.kalmanCurrent_err_measure  kalman.o
    0x2000008c        -       0x00000004   Zero   RW          200    .bss.kalmanCurrent_last_estimate  kalman.o
    0x20000090        -       0x00000004   Zero   RW          195    .bss.kalmanCurrent_q  kalman.o
    0x20000094        -       0x00000004   Zero   RW          197    .bss.kalmanTemperature_err_estimate  kalman.o
    0x20000098        -       0x00000004   Zero   RW          196    .bss.kalmanTemperature_err_measure  kalman.o
    0x2000009c        -       0x00000004   Zero   RW          201    .bss.kalmanTemperature_last_estimate  kalman.o
    0x200000a0        -       0x00000004   Zero   RW          198    .bss.kalmanTemperature_q  kalman.o
    0x200000a4        -       0x00000004   Zero   RW          191    .bss.kalmanVoltage_err_estimate  kalman.o
    0x200000a8        -       0x00000004   Zero   RW          190    .bss.kalmanVoltage_err_measure  kalman.o
    0x200000ac        -       0x00000004   Zero   RW          199    .bss.kalmanVoltage_last_estimate  kalman.o
    0x200000b0        -       0x00000004   Zero   RW          192    .bss.kalmanVoltage_q  kalman.o
    0x200000b4        -       0x00000004   Zero   RW           45    .bss.temperature    main.o
    0x200000b8        -       0x00000004   Zero   RW           40    .bss.v1_in          main.o
    0x200000bc        -       0x00000004   Zero   RW           39    .bss.v1_out         main.o
    0x200000c0        -       0x00000004   Zero   RW           44    .bss.v3             main.o
    0x200000c4   0x08001c7c   0x00000004   PAD
    0x200000c8        -       0x00000200   Zero   RW          253    HEAP                startup_stm32f10x_md.o
    0x200002c8        -       0x00000400   Zero   RW          252    STACK               startup_stm32f10x_md.o


==============================================================================

Image component sizes


      Code (inc. data)   RO Data    RW Data    ZI Data      Debug   Object Name

       330          0          0          0          0       3757   adc.o
       102          0          0          0          0       1822   delay.o
       490          0          0          0          0       2874   dma.o
       610          0          0          0          0       5305   flash.o
       560         32          0          0          0       5517   gpio.o
       250          0         36          0         48       2840   kalman.o
       998          0          0         10         34       7712   main.o
       238          0          0          0          0       5684   spi.o
        64         26        236          0       1536        812   startup_stm32f10x_md.o
       272          0          0          0          0       2758   system_stm32f10x.o

    ----------------------------------------------------------------------
      3940         58        304         12       1628      39081   Object Totals
         0          0         32          0          0          0   (incl. Generated)
        26          0          0          2         10          0   (incl. Padding)

    ----------------------------------------------------------------------

      Code (inc. data)   RO Data    RW Data    ZI Data      Debug   Library Member Name

         8          0          0          0          0         68   __main.o
         0          0          0          0          0          0   __rtentry.o
        12          0          0          0          0          0   __rtentry2.o
         6          0          0          0          0          0   __rtentry4.o
        52          8          0          0          0          0   __scatter.o
        26          0          0          0          0          0   __scatter_copy.o
        28          0          0          0          0          0   __scatter_zi.o
        18          0          0          0          0         80   exit.o
         6          0          0          0          0        152   heapauxi.o
         0          0          0          0          0          0   indicate_semi.o
         2          0          0          0          0          0   libinit.o
         2          0          0          0          0          0   libinit2.o
         2          0          0          0          0          0   libshutdown.o
         2          0          0          0          0          0   libshutdown2.o
         8          4          0          0         96         68   libspace.o
         2          0          0          0          0          0   rtexit.o
        10          0          0          0          0          0   rtexit2.o
        12          4          0          0          0         68   sys_exit.o
        74          0          0          0          0         80   sys_stackheap_outer.o
         2          0          0          0          0         68   use_no_semi.o
        98          4          0          0          0         92   d2f.o
       692        140          0          0          0        216   ddiv.o
        38          0          0          0          0         68   dflt_clz.o
       340         12          0          0          0        104   dmul.o
       156          4          0          0          0         92   dnaninf.o
        12          0          0          0          0         68   dretinf.o
        86          4          0          0          0         84   f2d.o
       430          8          0          0          0        168   faddsub_clz.o
       388         76          0          0          0         96   fdiv.o
        54          4          0          0          0         84   ffix.o
        38          0          0          0          0         68   fflt_clz.o
       258          4          0          0          0         84   fmul.o
       140          4          0          0          0         84   fnaninf.o
        10          0          0          0          0         68   fretinf.o
         0          0          0          0          0          0   usenofp.o

    ----------------------------------------------------------------------
      3032        276          0          0         96       1960   Library Totals
        20          0          0          0          0          0   (incl. Padding)

    ----------------------------------------------------------------------

      Code (inc. data)   RO Data    RW Data    ZI Data      Debug   Library Name

       272         16          0          0         96        584   c_w.l
      2740        260          0          0          0       1376   fz_ws.l

    ----------------------------------------------------------------------
      3032        276          0          0         96       1960   Library Totals

    ----------------------------------------------------------------------

==============================================================================


      Code (inc. data)   RO Data    RW Data    ZI Data      Debug   

      6972        334        304         12       1724      39993   Grand Totals
      6972        334        304         12       1724      39993   ELF Image Totals
      6972        334        304         12          0          0   ROM Totals

==============================================================================

    Total RO  Size (Code + RO Data)                 7276 (   7.11kB)
    Total RW  Size (RW Data + ZI Data)              1736 (   1.70kB)
    Total ROM Size (Code + RO Data + RW Data)       7288 (   7.12kB)

==============================================================================

