Component: Arm Compiler for Embedded 6.19 Tool: armlink [5e73cb00]

==============================================================================

Section Cross References

    main.o(.text.RCC_Config) refers to gpio.o(.text.GPIO_PeriClockControl) for GPIO_PeriClockControl
    main.o(.text.RCC_Config) refers to adc.o(.text.ADC_PeripheralClockControl) for ADC_PeripheralClockControl
    main.o(.text.RCC_Config) refers to dma.o(.text.DMA_PeriClockControl) for DMA_PeriClockControl
    main.o(.ARM.exidx.text.RCC_Config) refers to main.o(.text.RCC_Config) for [Anonymous Symbol]
    main.o(.text.GPIO_Config) refers to gpio.o(.text.GPIO_SetState) for GPIO_SetState
    main.o(.ARM.exidx.text.GPIO_Config) refers to main.o(.text.GPIO_Config) for [Anonymous Symbol]
    main.o(.text.ADC_Config) refers to adc.o(.text.ADC_Init) for ADC_Init
    main.o(.text.ADC_Config) refers to adc.o(.text.ADC_RegularChannelConfig) for ADC_RegularChannelConfig
    main.o(.text.ADC_Config) refers to adc.o(.text.ADC_DMACmd) for ADC_DMACmd
    main.o(.text.ADC_Config) refers to adc.o(.text.ADC_Cmd) for ADC_Cmd
    main.o(.text.ADC_Config) refers to adc.o(.text.ADC_SoftwareStartConvCmd) for ADC_SoftwareStartConvCmd
    main.o(.ARM.exidx.text.ADC_Config) refers to main.o(.text.ADC_Config) for [Anonymous Symbol]
    main.o(.text.DMA_Config) refers to dma.o(.text.DMA_DeInit) for DMA_DeInit
    main.o(.text.DMA_Config) refers to main.o(.bss.adc_buffer) for adc_buffer
    main.o(.text.DMA_Config) refers to dma.o(.text.DMA_Init) for DMA_Init
    main.o(.text.DMA_Config) refers to dma.o(.text.DMA_Cmd) for DMA_Cmd
    main.o(.ARM.exidx.text.DMA_Config) refers to main.o(.text.DMA_Config) for [Anonymous Symbol]
    main.o(.text.Voltage_Sensor) refers to main.o(.bss.adc_buffer) for adc_buffer
    main.o(.text.Voltage_Sensor) refers to fflt_clz.o(x$fpl$ffltu) for __aeabi_ui2f
    main.o(.text.Voltage_Sensor) refers to kalman.o(.text.updateEstimate) for updateEstimate
    main.o(.text.Voltage_Sensor) refers to ffix.o(x$fpl$ffix) for __aeabi_f2iz
    main.o(.text.Voltage_Sensor) refers to main.o(.bss.kal_voltage) for kal_voltage
    main.o(.text.Voltage_Sensor) refers to dflt_clz.o(x$fpl$dfltu) for __aeabi_ui2d
    main.o(.text.Voltage_Sensor) refers to dmul.o(x$fpl$dmul) for __aeabi_dmul
    main.o(.text.Voltage_Sensor) refers to d2f.o(x$fpl$d2f) for __aeabi_d2f
    main.o(.text.Voltage_Sensor) refers to main.o(.data.r2) for r2
    main.o(.text.Voltage_Sensor) refers to main.o(.data.r1) for r1
    main.o(.text.Voltage_Sensor) refers to main.o(.bss.v1_out) for v1_out
    main.o(.text.Voltage_Sensor) refers to faddsub_clz.o(x$fpl$fadd) for __aeabi_fadd
    main.o(.text.Voltage_Sensor) refers to fmul.o(x$fpl$fmul) for __aeabi_fmul
    main.o(.text.Voltage_Sensor) refers to fdiv.o(x$fpl$fdiv) for __aeabi_fdiv
    main.o(.text.Voltage_Sensor) refers to main.o(.bss.v1_in) for v1_in
    main.o(.text.Voltage_Sensor) refers to f2d.o(x$fpl$f2d) for __aeabi_f2d
    main.o(.text.Voltage_Sensor) refers to ddiv.o(x$fpl$ddiv) for __aeabi_ddiv
    main.o(.text.Voltage_Sensor) refers to main.o(.bss.Vs) for Vs
    main.o(.ARM.exidx.text.Voltage_Sensor) refers to main.o(.text.Voltage_Sensor) for [Anonymous Symbol]
    main.o(.text.Current_Sensor) refers to main.o(.bss.adc_buffer) for adc_buffer
    main.o(.text.Current_Sensor) refers to fflt_clz.o(x$fpl$ffltu) for __aeabi_ui2f
    main.o(.text.Current_Sensor) refers to kalman.o(.text.updateEstimate) for updateEstimate
    main.o(.text.Current_Sensor) refers to ffix.o(x$fpl$ffix) for __aeabi_f2iz
    main.o(.text.Current_Sensor) refers to main.o(.bss.kal_current) for kal_current
    main.o(.text.Current_Sensor) refers to dflt_clz.o(x$fpl$dfltu) for __aeabi_ui2d
    main.o(.text.Current_Sensor) refers to dmul.o(x$fpl$dmul) for __aeabi_dmul
    main.o(.text.Current_Sensor) refers to d2f.o(x$fpl$d2f) for __aeabi_d2f
    main.o(.text.Current_Sensor) refers to fmul.o(x$fpl$fmul) for __aeabi_fmul
    main.o(.text.Current_Sensor) refers to main.o(.bss.v1_out) for v1_out
    main.o(.text.Current_Sensor) refers to main.o(.bss.v2_out) for v2_out
    main.o(.text.Current_Sensor) refers to fdiv.o(x$fpl$fdiv) for __aeabi_fdiv
    main.o(.text.Current_Sensor) refers to main.o(.bss.v2_in) for v2_in
    main.o(.text.Current_Sensor) refers to f2d.o(x$fpl$f2d) for __aeabi_f2d
    main.o(.text.Current_Sensor) refers to daddsub_clz.o(x$fpl$dadd) for __aeabi_dadd
    main.o(.text.Current_Sensor) refers to ddiv.o(x$fpl$ddiv) for __aeabi_ddiv
    main.o(.text.Current_Sensor) refers to main.o(.bss.current) for current
    main.o(.ARM.exidx.text.Current_Sensor) refers to main.o(.text.Current_Sensor) for [Anonymous Symbol]
    main.o(.text.Temperature_Sensor) refers to main.o(.bss.adc_buffer) for adc_buffer
    main.o(.text.Temperature_Sensor) refers to fflt_clz.o(x$fpl$ffltu) for __aeabi_ui2f
    main.o(.text.Temperature_Sensor) refers to kalman.o(.text.updateEstimate) for updateEstimate
[...]
    __rtentry2.o(.ARM.exidx) refers to __rtentry2.o(.ARM.Collect$$rtentry$$0000000A) for .ARM.Collect$$rtentry$$0000000A
    __rtentry2.o(.ARM.exidx) refers to __rtentry2.o(.ARM.Collect$$rtentry$$0000000B) for .ARM.Collect$$rtentry$$0000000B
    __rtentry2.o(.ARM.exidx) refers to __rtentry2.o(.ARM.Collect$$rtentry$$0000000D) for .ARM.Collect$$rtentry$$0000000D
    __rtentry4.o(.ARM.Collect$$rtentry$$00000004) refers to sys_stackheap_outer.o(.text) for __user_setup_stackheap
    __rtentry4.o(.ARM.exidx) refers to __rtentry4.o(.ARM.Collect$$rtentry$$00000004) for .ARM.Collect$$rtentry$$00000004
    rt_div0.o(.text) refers to defsig_fpe_outer.o(.text) for __rt_SIGFPE
    sys_stackheap_outer.o(.text) refers to libspace.o(.text) for __user_perproc_libspace
    sys_stackheap_outer.o(.text) refers to startup_stm32f10x_md.o(.text) for __user_initial_stackheap
    exit.o(.text) refers to rtexit.o(.ARM.Collect$$rtexit$$00000000) for __rt_exit
    defsig_fpe_outer.o(.text) refers to defsig_fpe_inner.o(.text) for __rt_SIGFPE_inner
    defsig_fpe_outer.o(.text) refers to defsig_exit.o(.text) for __sig_exit
    defsig_fpe_formal.o(.text) refers to rt_raise.o(.text) for __rt_raise
    libinit.o(.ARM.Collect$$libinit$$00000000) refers (Special) to libinit2.o(.ARM.Collect$$libinit$$00000030) for __rt_lib_init_alloca_1
    libinit.o(.ARM.Collect$$libinit$$00000000) refers (Special) to libinit2.o(.ARM.Collect$$libinit$$0000002E) for __rt_lib_init_argv_1
    libinit.o(.ARM.Collect$$libinit$$00000000) refers (Special) to libinit2.o(.ARM.Collect$$libinit$$0000001D) for __rt_lib_init_atexit_1
    libinit.o(.ARM.Collect$$libinit$$00000000) refers (Special) to libinit2.o(.ARM.Collect$$libinit$$00000023) for __rt_lib_init_clock_1
    libinit.o(.ARM.Collect$$libinit$$00000000) refers (Special) to libinit2.o(.ARM.Collect$$libinit$$00000034) for __rt_lib_init_cpp_1
    libinit.o(.ARM.Collect$$libinit$$00000000) refers (Special) to libinit2.o(.ARM.Collect$$libinit$$00000032) for __rt_lib_init_exceptions_1
    libinit.o(.ARM.Collect$$libinit$$00000000) refers (Special) to libinit2.o(.ARM.Collect$$libinit$$00000002) for __rt_lib_init_fp_1
    libinit.o(.ARM.Collect$$libinit$$00000000) refers (Special) to libinit2.o(.ARM.Collect$$libinit$$00000021) for __rt_lib_init_fp_trap_1
    libinit.o(.ARM.Collect$$libinit$$00000000) refers (Special) to libinit2.o(.ARM.Collect$$libinit$$00000025) for __rt_lib_init_getenv_1
    libinit.o(.ARM.Collect$$libinit$$00000000) refers (Special) to libinit2.o(.ARM.Collect$$libinit$$0000000C) for __rt_lib_init_heap_1
    libinit.o(.ARM.Collect$$libinit$$00000000) refers (Special) to libinit2.o(.ARM.Collect$$libinit$$00000013) for __rt_lib_init_lc_collate_1
    libinit.o(.ARM.Collect$$libinit$$00000000) refers (Special) to libinit2.o(.ARM.Collect$$libinit$$00000015) for __rt_lib_init_lc_ctype_1
    libinit.o(.ARM.Collect$$libinit$$00000000) refers (Special) to libinit2.o(.ARM.Collect$$libinit$$00000017) for __rt_lib_init_lc_monetary_1
    libinit.o(.ARM.Collect$$libinit$$00000000) refers (Special) to libinit2.o(.ARM.Collect$$libinit$$00000019) for __rt_lib_init_lc_numeric_1
    libinit.o(.ARM.Collect$$libinit$$00000000) refers (Special) to libinit2.o(.ARM.Collect$$libinit$$0000001B) for __rt_lib_init_lc_time_1
    libinit.o(.ARM.Collect$$libinit$$00000000) refers (Special) to libinit2.o(.ARM.Collect$$libinit$$00000006) for __rt_lib_init_preinit_1
    libinit.o(.ARM.Collect$$libinit$$00000000) refers (Special) to libinit2.o(.ARM.Collect$$libinit$$00000010) for __rt_lib_init_rand_1
    libinit.o(.ARM.Collect$$libinit$$00000000) refers (Special) to libinit2.o(.ARM.Collect$$libinit$$00000004) for __rt_lib_init_relocate_pie_1
    libinit.o(.ARM.Collect$$libinit$$00000000) refers (Special) to libinit2.o(.ARM.Collect$$libinit$$00000035) for __rt_lib_init_return
    libinit.o(.ARM.Collect$$libinit$$00000000) refers (Special) to libinit2.o(.ARM.Collect$$libinit$$0000001F) for __rt_lib_init_signal_1
    libinit.o(.ARM.Collect$$libinit$$00000000) refers (Special) to libinit2.o(.ARM.Collect$$libinit$$00000027) for __rt_lib_init_stdio_1
    libinit.o(.ARM.Collect$$libinit$$00000000) refers (Special) to libinit2.o(.ARM.Collect$$libinit$$0000000E) for __rt_lib_init_user_alloc_1
    libspace.o(.text) refers to libspace.o(.bss) for __libspace_start
    rtexit.o(.ARM.Collect$$rtexit$$00000000) refers (Special) to rtexit2.o(.ARM.Collect$$rtexit$$00000004) for __rt_exit_exit
    rtexit.o(.ARM.Collect$$rtexit$$00000000) refers (Special) to rtexit2.o(.ARM.Collect$$rtexit$$00000003) for __rt_exit_ls
    rtexit.o(.ARM.Collect$$rtexit$$00000000) refers (Special) to rtexit2.o(.ARM.Collect$$rtexit$$00000002) for __rt_exit_prels_1
    rtexit.o(.ARM.exidx) refers (Special) to rtexit2.o(.ARM.Collect$$rtexit$$00000004) for __rt_exit_exit
    rtexit.o(.ARM.exidx) refers (Special) to rtexit2.o(.ARM.Collect$$rtexit$$00000003) for __rt_exit_ls
    rtexit.o(.ARM.exidx) refers (Special) to rtexit2.o(.ARM.Collect$$rtexit$$00000002) for __rt_exit_prels_1
    rtexit.o(.ARM.exidx) refers to rtexit.o(.ARM.Collect$$rtexit$$00000000) for .ARM.Collect$$rtexit$$00000000
    rt_raise.o(.text) refers to __raise.o(.text) for __raise
    rt_raise.o(.text) refers to sys_exit.o(.text) for _sys_exit
    defsig_exit.o(.text) refers to sys_exit.o(.text) for _sys_exit
    defsig_fpe_inner.o(.text) refers to defsig_general.o(.text) for __default_signal_display
    libinit2.o(.ARM.Collect$$libinit$$00000012) refers to libinit2.o(.ARM.Collect$$libinit$$00000011) for .ARM.Collect$$libinit$$00000011
    libinit2.o(.ARM.Collect$$libinit$$00000014) refers to libinit2.o(.ARM.Collect$$libinit$$00000011) for .ARM.Collect$$libinit$$00000011
    libinit2.o(.ARM.Collect$$libinit$$00000016) refers to libinit2.o(.ARM.Collect$$libinit$$00000011) for .ARM.Collect$$libinit$$00000011
    libinit2.o(.ARM.Collect$$libinit$$00000018) refers to libinit2.o(.ARM.Collect$$libinit$$00000011) for .ARM.Collect$$libinit$$00000011
    libinit2.o(.ARM.Collect$$libinit$$0000001A) refers to libinit2.o(.ARM.Collect$$libinit$$00000011) for .ARM.Collect$$libinit$$00000011
    libinit2.o(.ARM.Collect$$libinit$$00000028) refers to argv_veneer.o(.emb_text) for __ARM_argv_veneer
    libinit2.o(.ARM.Collect$$libinit$$00000029) refers to argv_veneer.o(.emb_text) for __ARM_argv_veneer
    sys_exit.o(.text) refers (Special) to use_no_semi.o(.text) for __I$use$semihosting
    sys_exit.o(.text) refers (Special) to indicate_semi.o(.text) for __semihosting_library_function
    sys_exit_hlt.o(.text) refers (Special) to use_no_semi.o(.text) for __I$use$semihosting
    sys_exit_hlt.o(.text) refers (Special) to indicate_semi.o(.text) for __semihosting_library_function
    rtexit2.o(.ARM.Collect$$rtexit$$00000003) refers to libshutdown.o(.ARM.Collect$$libshutdown$$00000000) for __rt_lib_shutdown
    rtexit2.o(.ARM.Collect$$rtexit$$00000004) refers to sys_exit.o(.text) for _sys_exit
    rtexit2.o(.ARM.exidx) refers to rtexit2.o(.ARM.Collect$$rtexit$$00000001) for .ARM.Collect$$rtexit$$00000001
    rtexit2.o(.ARM.exidx) refers to rtexit2.o(.ARM.Collect$$rtexit$$00000003) for .ARM.Collect$$rtexit$$00000003
    rtexit2.o(.ARM.exidx) refers to rtexit2.o(.ARM.Collect$$rtexit$$00000004) for .ARM.Collect$$rtexit$$00000004
    __raise.o(.text) refers to defsig.o(CL$$defsig) for __default_signal_handler
    defsig_general.o(.text) refers to sys_wrch.o(.text) for _ttywrch
    argv_veneer.o(.emb_text) refers to no_argv.o(.text) for __ARM_get_argv
    sys_wrch.o(.text) refers (Special) to use_no_semi.o(.text) for __I$use$semihosting
    sys_wrch.o(.text) refers (Special) to indicate_semi.o(.text) for __semihosting_library_function
    sys_wrch_hlt.o(.text) refers (Special) to use_no_semi.o(.text) for __I$use$semihosting
    sys_wrch_hlt.o(.text) refers (Special) to indicate_semi.o(.text) for __semihosting_library_function
    defsig.o(CL$$defsig) refers to defsig_fpe_inner.o(.text) for __rt_SIGFPE_inner
    defsig.o(CL$$defsig) refers to defsig_rtmem_inner.o(.text) for __rt_SIGRTMEM_inner
    _get_argv_nomalloc.o(.text) refers (Special) to hrguard.o(.text) for __heap_region$guard
    _get_argv_nomalloc.o(.text) refers to defsig_rtmem_outer.o(.text) for __rt_SIGRTMEM
    _get_argv_nomalloc.o(.text) refers to sys_command.o(.text) for _sys_command_string
    libshutdown.o(.ARM.Collect$$libshutdown$$00000000) refers (Special) to libshutdown2.o(.ARM.Collect$$libshutdown$$00000002) for __rt_lib_shutdown_cpp_1
    libshutdown.o(.ARM.Collect$$libshutdown$$00000000) refers (Special) to libshutdown2.o(.ARM.Collect$$libshutdown$$00000007) for __rt_lib_shutdown_fp_trap_1
    libshutdown.o(.ARM.Collect$$libshutdown$$00000000) refers (Special) to libshutdown2.o(.ARM.Collect$$libshutdown$$0000000F) for __rt_lib_shutdown_heap_1
    libshutdown.o(.ARM.Collect$$libshutdown$$00000000) refers (Special) to libshutdown2.o(.ARM.Collect$$libshutdown$$00000010) for __rt_lib_shutdown_return
    libshutdown.o(.ARM.Collect$$libshutdown$$00000000) refers (Special) to libshutdown2.o(.ARM.Collect$$libshutdown$$0000000A) for __rt_lib_shutdown_signal_1
    libshutdown.o(.ARM.Collect$$libshutdown$$00000000) refers (Special) to libshutdown2.o(.ARM.Collect$$libshutdown$$00000004) for __rt_lib_shutdown_stdio_1
    libshutdown.o(.ARM.Collect$$libshutdown$$00000000) refers (Special) to libshutdown2.o(.ARM.Collect$$libshutdown$$0000000C) for __rt_lib_shutdown_user_alloc_1
    sys_command.o(.text) refers (Special) to use_no_semi.o(.text) for __I$use$semihosting
    sys_command.o(.text) refers (Special) to indicate_semi.o(.text) for __semihosting_library_function
    sys_command_hlt.o(.text) refers (Special) to use_no_semi.o(.text) for __I$use$semihosting
    sys_command_hlt.o(.text) refers (Special) to indicate_semi.o(.text) for __semihosting_library_function
    defsig_abrt_inner.o(.text) refers to defsig_general.o(.text) for __default_signal_display
    defsig_rtred_inner.o(.text) refers to defsig_general.o(.text) for __default_signal_display
    defsig_rtmem_inner.o(.text) refers to defsig_general.o(.text) for __default_signal_display
    defsig_rtmem_outer.o(.text) refers to defsig_rtmem_inner.o(.text) for __rt_SIGRTMEM_inner
    defsig_rtmem_outer.o(.text) refers to defsig_exit.o(.text) for __sig_exit
    defsig_rtmem_formal.o(.text) refers to rt_raise.o(.text) for __rt_raise
    defsig_stak_inner.o(.text) refers to defsig_general.o(.text) for __default_signal_display
    defsig_pvfn_inner.o(.text) refers to defsig_general.o(.text) for __default_signal_display
    defsig_cppl_inner.o(.text) refers to defsig_general.o(.text) for __default_signal_display
    defsig_segv_inner.o(.text) refers to defsig_general.o(.text) for __default_signal_display
    defsig_other.o(.text) refers to defsig_general.o(.text) for __default_signal_display


==============================================================================

Removing Unused input sections from the image.

    Removing main.o(.text), (0 bytes).
    Removing main.o(.text.RCC_Config), (52 bytes).
    Removing main.o(.ARM.exidx.text.RCC_Config), (8 bytes).
    Removing main.o(.ARM.exidx.text.GPIO_Config), (8 bytes).
    Removing main.o(.text.ADC_Config), (110 bytes).
    Removing main.o(.ARM.exidx.text.ADC_Config), (8 bytes).
    Removing main.o(.text.DMA_Config), (94 bytes).
    Removing main.o(.ARM.exidx.text.DMA_Config), (8 bytes).
    Removing main.o(.ARM.exidx.text.Voltage_Sensor), (8 bytes).
    Removing main.o(.ARM.exidx.text.Current_Sensor), (8 bytes).
    Removing main.o(.text.Temperature_Sensor), (104 bytes).
    Removing main.o(.ARM.exidx.text.Temperature_Sensor), (8 bytes).
    Removing main.o(.text.SOC_Init), (36 bytes).
    Removing main.o(.ARM.exidx.text.SOC_Init), (8 bytes).
    Removing main.o(.text.CalculateBatteryCapacity), (52 bytes).
    Removing main.o(.ARM.exidx.text.CalculateBatteryCapacity), (8 bytes).
    Removing main.o(.text.CalculateSOH), (20 bytes).
    Removing main.o(.ARM.exidx.text.CalculateSOH), (8 bytes).
    Removing main.o(.text.SOC_Calculate), (136 bytes).
    Removing main.o(.ARM.exidx.text.SOC_Calculate), (8 bytes).
    Removing main.o(.text.SPI1_Init), (50 bytes).
    Removing main.o(.ARM.exidx.text.SPI1_Init), (8 bytes).
    Removing main.o(.text.SPI2_Init), (50 bytes).
    Removing main.o(.ARM.exidx.text.SPI2_Init), (8 bytes).
    Removing main.o(.text.Flash_Erase), (42 bytes).
    Removing main.o(.ARM.exidx.text.Flash_Erase), (8 bytes).
    Removing main.o(.text.Flash_WriteInt), (50 bytes).
    Removing main.o(.ARM.exidx.text.Flash_WriteInt), (8 bytes).
    Removing main.o(.text.Flash_WriteNumByte), (90 bytes).
    Removing main.o(.ARM.exidx.text.Flash_WriteNumByte), (8 bytes).
    Removing main.o(.text.Flash_ReadData), (20 bytes).
    Removing main.o(.ARM.exidx.text.Flash_ReadData), (8 bytes).
    Removing main.o(.ARM.exidx.text.EXTI1_IRQHandler), (8 bytes).
    Removing main.o(.ARM.exidx.text.main), (8 bytes).
    Removing main.o(.bss.SOC_init), (4 bytes).
    Removing main.o(.bss.C_init), (4 bytes).
    Removing main.o(.bss.RxBuf), (40 bytes).
    Removing main.o(.ARM.use_no_argv), (4 bytes).
    Removing adc.o(.text), (0 bytes).
    Removing adc.o(.ARM.exidx.text.ADC_PeripheralClockControl), (8 bytes).
    Removing adc.o(.ARM.exidx.text.ADC_Init), (8 bytes).
    Removing adc.o(.ARM.exidx.text.ADC_Cmd), (8 bytes).
    Removing adc.o(.ARM.exidx.text.ADC_SoftwareStartConvCmd), (8 bytes).
    Removing adc.o(.text.ADC_GetFlagStatus), (10 bytes).
    Removing adc.o(.ARM.exidx.text.ADC_GetFlagStatus), (8 bytes).
    Removing adc.o(.text.ADC_GetConversionValue), (6 bytes).
    Removing adc.o(.ARM.exidx.text.ADC_GetConversionValue), (8 bytes).
    Removing adc.o(.ARM.exidx.text.ADC_RegularChannelConfig), (8 bytes).
    Removing adc.o(.ARM.exidx.text.ADC_DMACmd), (8 bytes).
    Removing delay.o(.text), (0 bytes).
    Removing delay.o(.text.System_Clock_Cfg), (56 bytes).
    Removing delay.o(.ARM.exidx.text.System_Clock_Cfg), (8 bytes).
    Removing delay.o(.ARM.exidx.text.Systick_Initialize), (8 bytes).
    Removing delay.o(.ARM.exidx.text.SysTick_Handler), (8 bytes).
    Removing delay.o(.text.delay_us), (20 bytes).
    Removing delay.o(.ARM.exidx.text.delay_us), (8 bytes).
    Removing delay.o(.ARM.exidx.text.delay_ms), (8 bytes).
    Removing delay.o(.text.micros), (12 bytes).
    Removing delay.o(.ARM.exidx.text.micros), (8 bytes).
    Removing delay.o(.ARM.exidx.text.millis), (8 bytes).
    Removing dma.o(.text), (0 bytes).
    Removing dma.o(.ARM.exidx.text.DMA_PeriClockControl), (8 bytes).
    Removing dma.o(.ARM.exidx.text.DMA_DeInit), (8 bytes).
    Removing dma.o(.ARM.exidx.text.DMA_Init), (8 bytes).
    Removing dma.o(.text.DMA_StructInit), (10 bytes).
    Removing dma.o(.ARM.exidx.text.DMA_StructInit), (8 bytes).
    Removing dma.o(.ARM.exidx.text.DMA_Cmd), (8 bytes).
    Removing flash.o(.text), (0 bytes).
    Removing flash.o(.text.FLASH_GetBank1Status), (42 bytes).
    Removing flash.o(.ARM.exidx.text.FLASH_GetBank1Status), (8 bytes).
    Removing flash.o(.text.FLASH_WaitForLastOperation), (120 bytes).
    Removing flash.o(.ARM.exidx.text.FLASH_WaitForLastOperation), (8 bytes).
    Removing flash.o(.ARM.exidx.text.FLASH_Unlock), (8 bytes).
    Removing flash.o(.ARM.exidx.text.FLASH_Lock), (8 bytes).
    Removing flash.o(.ARM.exidx.text.FLASH_ErasePage), (8 bytes).
    Removing flash.o(.text.FLASH_EraseAllPages), (246 bytes).
    Removing flash.o(.ARM.exidx.text.FLASH_EraseAllPages), (8 bytes).
    Removing flash.o(.ARM.exidx.text.FLASH_GetFlagStatus), (8 bytes).
    Removing flash.o(.ARM.exidx.text.FLASH_ProgramHalfWord), (8 bytes).
    Removing flash.o(.text.FLASH_GetReadOutProtectionStatus), (16 bytes).
    Removing flash.o(.ARM.exidx.text.FLASH_GetReadOutProtectionStatus), (8 bytes).
    Removing gpio.o(.text), (0 bytes).
    Removing gpio.o(.ARM.exidx.text.GPIO_PeriClockControl), (8 bytes).
    Removing gpio.o(.ARM.exidx.text.GPIO_Init), (8 bytes).
    Removing gpio.o(.ARM.exidx.text.GPIO_SetState), (8 bytes).
    Removing gpio.o(.text.GPIO_DeInit), (252 bytes).
    Removing gpio.o(.ARM.exidx.text.GPIO_DeInit), (8 bytes).
    Removing gpio.o(.text.GPIO_ReadFromInputPin), (10 bytes).
    Removing gpio.o(.ARM.exidx.text.GPIO_ReadFromInputPin), (8 bytes).
    Removing gpio.o(.text.GPIO_ReadFromInputPort), (6 bytes).
    Removing gpio.o(.ARM.exidx.text.GPIO_ReadFromInputPort), (8 bytes).
    Removing gpio.o(.text.GPIO_WriteToOutputPin), (22 bytes).
    Removing gpio.o(.ARM.exidx.text.GPIO_WriteToOutputPin), (8 bytes).
    Removing gpio.o(.text.GPIO_WriteToOutputPort), (4 bytes).
    Removing gpio.o(.ARM.exidx.text.GPIO_WriteToOutputPort), (8 bytes).
    Removing gpio.o(.text.GPIO_ToggleOutputPin), (14 bytes).
    Removing gpio.o(.ARM.exidx.text.GPIO_ToggleOutputPin), (8 bytes).
    Removing gpio.o(.ARM.exidx.text.GPIO_IRQInteruptConfig), (8 bytes).
    Removing gpio.o(.text.GPIO_IRQPriorityConfig), (16 bytes).
    Removing gpio.o(.ARM.exidx.text.GPIO_IRQPriorityConfig), (8 bytes).
    Removing gpio.o(.ARM.exidx.text.GPIO_IRQHandling), (8 bytes).
    Removing kalman.o(.text), (0 bytes).
    Removing kalman.o(.ARM.exidx.text.SimpleKalmanFilter), (8 bytes).
    Removing kalman.o(.ARM.exidx.text.updateEstimate), (8 bytes).
    Removing kalman.o(.text.setMeasurementError), (24 bytes).
    Removing kalman.o(.ARM.exidx.text.setMeasurementError), (8 bytes).
    Removing kalman.o(.text.setEstimateError), (24 bytes).
    Removing kalman.o(.ARM.exidx.text.setEstimateError), (8 bytes).
    Removing kalman.o(.text.setProcessNoise), (24 bytes).
    Removing kalman.o(.ARM.exidx.text.setProcessNoise), (8 bytes).
    Removing kalman.o(.text.getKalmanGain), (50 bytes).
    Removing kalman.o(.ARM.exidx.text.getKalmanGain), (8 bytes).
    Removing kalman.o(.text.getEstimateError), (50 bytes).
    Removing kalman.o(.ARM.exidx.text.getEstimateError), (8 bytes).
    Removing kalman.o(.bss.kalmanVoltage_kalman_gain), (4 bytes).
    Removing kalman.o(.bss.kalmanCurrent_kalman_gain), (4 bytes).
    Removing kalman.o(.bss.kalmanTemperature_kalman_gain), (4 bytes).
    Removing kalman.o(.bss.kalmanVoltage_current_estimate), (4 bytes).
    Removing kalman.o(.bss.kalmanCurrent_current_estimate), (4 bytes).
    Removing kalman.o(.bss.kalmanTemperature_current_estimate), (4 bytes).
    Removing spi.o(.text), (0 bytes).
    Removing spi.o(.text.SPI_PeriClockControl), (196 bytes).
    Removing spi.o(.ARM.exidx.text.SPI_PeriClockControl), (8 bytes).
    Removing spi.o(.ARM.exidx.text.SPI_Init), (8 bytes).
    Removing spi.o(.ARM.exidx.text.SPI_GetFlagStatus), (8 bytes).
    Removing spi.o(.ARM.exidx.text.SPI_SendData), (8 bytes).
    Removing spi.o(.text.SPI_ReceiveData), (38 bytes).
    Removing spi.o(.ARM.exidx.text.SPI_ReceiveData), (8 bytes).
    Removing spi.o(.text.SPI_SSIConfig), (18 bytes).
    Removing spi.o(.ARM.exidx.text.SPI_SSIConfig), (8 bytes).
    Removing spi.o(.ARM.exidx.text.SPI_SSOEConfig), (8 bytes).
    Removing spi.o(.ARM.exidx.text.SPI_PeripheralControl), (8 bytes).
    Removing spi.o(.text.SPI_IRQInterruptConfig), (52 bytes).
    Removing spi.o(.ARM.exidx.text.SPI_IRQInterruptConfig), (8 bytes).
    Removing spi.o(.text.SPI_IRQPriorityConfig), (16 bytes).
    Removing spi.o(.ARM.exidx.text.SPI_IRQPriorityConfig), (8 bytes).
    Removing spi.o(.text.SPI_SendDataIT), (30 bytes).
    Removing spi.o(.ARM.exidx.text.SPI_SendDataIT), (8 bytes).
    Removing spi.o(.text.SPI_ReceiveDataIT), (30 bytes).
    Removing spi.o(.ARM.exidx.text.SPI_ReceiveDataIT), (8 bytes).
    Removing spi.o(.text.SPI_IRQHandling), (80 bytes).
    Removing spi.o(.ARM.exidx.text.SPI_IRQHandling), (8 bytes).
    Removing system_stm32f10x.o(.text), (0 bytes).
    Removing system_stm32f10x.o(.ARM.exidx.text.SystemInit), (8 bytes).
    Removing system_stm32f10x.o(.text.SystemCoreClockUpdate), (110 bytes).
    Removing system_stm32f10x.o(.ARM.exidx.text.SystemCoreClockUpdate), (8 bytes).
    Removing system_stm32f10x.o(.data.SystemCoreClock), (4 bytes).
    Removing system_stm32f10x.o(.rodata.AHBPrescTable), (16 bytes).

148 unused section(s) (total 3262 bytes) removed from the image.

==============================================================================

Image Symbol Table

    Local Symbols

    Symbol Name                              Value     Ov Type        Size  Object(Section)

    ../clib/angel/boardlib.s                 0x00000000   Number         0  boardinit1.o ABSOLUTE
    ../clib/angel/boardlib.s                 0x00000000   Number         0  boardinit2.o ABSOLUTE
    ../clib/angel/boardlib.s                 0x00000000   Number         0  boardinit3.o ABSOLUTE
    ../clib/angel/boardlib.s                 0x00000000   Number         0  boardshut.o ABSOLUTE
    ../clib/angel/handlers.s                 0x00000000   Number         0  __scatter_copy.o ABSOLUTE
    ../clib/angel/handlers.s                 0x00000000   Number         0  __scatter_zi.o ABSOLUTE
    ../clib/angel/kernel.s                   0x00000000   Number         0  __rtentry.o ABSOLUTE
    ../clib/angel/kernel.s                   0x00000000   Number         0  __rtentry2.o ABSOLUTE
    ../clib/angel/kernel.s                   0x00000000   Number         0  __rtentry4.o ABSOLUTE
    ../clib/angel/kernel.s                   0x00000000   Number         0  rtexit.o ABSOLUTE
    ../clib/angel/kernel.s                   0x00000000   Number         0  rtexit2.o ABSOLUTE
    ../clib/angel/rt.s                       0x00000000   Number         0  aeabi_ldiv0.o ABSOLUTE
    ../clib/angel/rt.s                       0x00000000   Number         0  aeabi_ldiv0_sigfpe.o ABSOLUTE
    ../clib/angel/rt.s                       0x00000000   Number         0  rt_div0.o ABSOLUTE
    ../clib/angel/rt.s                       0x00000000   Number         0  rt_raise.o ABSOLUTE
    ../clib/angel/scatter.s                  0x00000000   Number         0  __scatter.o ABSOLUTE
    ../clib/angel/startup.s                  0x00000000   Number         0  __main.o ABSOLUTE
    ../clib/angel/sys.s                      0x00000000   Number         0  sys_stackheap_outer.o ABSOLUTE
    ../clib/angel/sys.s                      0x00000000   Number         0  libspace.o ABSOLUTE
    ../clib/angel/sys.s                      0x00000000   Number         0  use_no_semi.o ABSOLUTE
    ../clib/angel/sys.s                      0x00000000   Number         0  indicate_semi.o ABSOLUTE
    ../clib/angel/sysapp.c                   0x00000000   Number         0  sys_exit.o ABSOLUTE
    ../clib/angel/sysapp.c                   0x00000000   Number         0  sys_exit_hlt.o ABSOLUTE
    ../clib/angel/sysapp.c                   0x00000000   Number         0  sys_wrch.o ABSOLUTE
    ../clib/angel/sysapp.c                   0x00000000   Number         0  sys_wrch_hlt.o ABSOLUTE
    ../clib/angel/sysapp.c                   0x00000000   Number         0  sys_command.o ABSOLUTE
    ../clib/angel/sysapp.c                   0x00000000   Number         0  sys_command_hlt.o ABSOLUTE
    ../clib/armsys.c                         0x00000000   Number         0  argv_veneer.o ABSOLUTE
    ../clib/armsys.c                         0x00000000   Number         0  argv_veneer.o ABSOLUTE
    ../clib/armsys.c                         0x00000000   Number         0  _get_argv_nomalloc.o ABSOLUTE
    ../clib/armsys.c                         0x00000000   Number         0  no_argv.o ABSOLUTE
    ../clib/heapalloc.c                      0x00000000   Number         0  hrguard.o ABSOLUTE
    ../clib/heapaux.c                        0x00000000   Number         0  heapauxi.o ABSOLUTE
    ../clib/libinit.s                        0x00000000   Number         0  libinit.o ABSOLUTE
    ../clib/libinit.s                        0x00000000   Number         0  libinit2.o ABSOLUTE
    ../clib/libinit.s                        0x00000000   Number         0  libshutdown.o ABSOLUTE
    ../clib/libinit.s                        0x00000000   Number         0  libshutdown2.o ABSOLUTE
    ../clib/longlong.s                       0x00000000   Number         0  lludivv7m.o ABSOLUTE
    ../clib/memcpset.s                       0x00000000   Number         0  rt_memclr_w.o ABSOLUTE
    ../clib/signal.c                         0x00000000   Number         0  defsig_fpe_outer.o ABSOLUTE
    ../clib/signal.c                         0x00000000   Number         0  defsig_fpe_formal.o ABSOLUTE
    ../clib/signal.c                         0x00000000   Number         0  defsig_exit.o ABSOLUTE
    ../clib/signal.c                         0x00000000   Number         0  defsig_fpe_inner.o ABSOLUTE
    ../clib/signal.c                         0x00000000   Number         0  __raise.o ABSOLUTE
    ../clib/signal.c                         0x00000000   Number         0  defsig_general.o ABSOLUTE
    ../clib/signal.c                         0x00000000   Number         0  defsig_abrt_inner.o ABSOLUTE
    ../clib/signal.c                         0x00000000   Number         0  defsig_rtred_inner.o ABSOLUTE
    ../clib/signal.c                         0x00000000   Number         0  defsig_rtmem_inner.o ABSOLUTE
    ../clib/signal.c                         0x00000000   Number         0  defsig_rtmem_outer.o ABSOLUTE
    ../clib/signal.c                         0x00000000   Number         0  defsig_rtmem_formal.o ABSOLUTE
    ../clib/signal.c                         0x00000000   Number         0  defsig_stak_inner.o ABSOLUTE
    ../clib/signal.c                         0x00000000   Number         0  defsig_pvfn_inner.o ABSOLUTE
    ../clib/signal.c                         0x00000000   Number         0  defsig_cppl_inner.o ABSOLUTE
    ../clib/signal.c                         0x00000000   Number         0  defsig_segv_inner.o ABSOLUTE
    ../clib/signal.c                         0x00000000   Number         0  defsig_other.o ABSOLUTE
    ../clib/signal.s                         0x00000000   Number         0  defsig.o ABSOLUTE
    ../clib/stdlib.c                         0x00000000   Number         0  exit.o ABSOLUTE
    ../fplib/d2f.s                           0x00000000   Number         0  d2f.o ABSOLUTE
    ../fplib/daddsub.s                       0x00000000   Number         0  daddsub_clz.o ABSOLUTE
    ../fplib/ddiv.s                          0x00000000   Number         0  ddiv.o ABSOLUTE
    ../fplib/dfix.s                          0x00000000   Number         0  dfix.o ABSOLUTE
    ../fplib/dflt.s                          0x00000000   Number         0  dflt_clz.o ABSOLUTE
    ../fplib/dmul.s                          0x00000000   Number         0  dmul.o ABSOLUTE
    ../fplib/dnaninf.s                       0x00000000   Number         0  dnaninf.o ABSOLUTE
    ../fplib/dretinf.s                       0x00000000   Number         0  dretinf.o ABSOLUTE
    ../fplib/f2d.s                           0x00000000   Number         0  f2d.o ABSOLUTE
    ../fplib/faddsub.s                       0x00000000   Number         0  faddsub_clz.o ABSOLUTE
    ../fplib/fdiv.s                          0x00000000   Number         0  fdiv.o ABSOLUTE
    ../fplib/ffix.s                          0x00000000   Number         0  ffix.o ABSOLUTE
    ../fplib/fflt.s                          0x00000000   Number         0  fflt_clz.o ABSOLUTE
    ../fplib/fmul.s                          0x00000000   Number         0  fmul.o ABSOLUTE
    ../fplib/fnaninf.s                       0x00000000   Number         0  fnaninf.o ABSOLUTE
    ../fplib/fpinit.s                        0x00000000   Number         0  fpinit.o ABSOLUTE
    ../fplib/fpinit_empty.s                  0x00000000   Number         0  fpinit_empty.o ABSOLUTE
    ../fplib/fretinf.s                       0x00000000   Number         0  fretinf.o ABSOLUTE
    ../fplib/usenofp.s                       0x00000000   Number         0  usenofp.o ABSOLUTE
    RTE/Device/STM32F103C8/startup_stm32f10x_md.s 0x00000000   Number         0  startup_stm32f10x_md.o ABSOLUTE
    adc.c                                    0x00000000   Number         0  adc.o ABSOLUTE
    dc.s                                     0x00000000   Number         0  dc.o ABSOLUTE
    delay.c                                  0x00000000   Number         0  delay.o ABSOLUTE
    dma.c                                    0x00000000   Number         0  dma.o ABSOLUTE
    flash.c                                  0x00000000   Number         0  flash.o ABSOLUTE
    gpio.c                                   0x00000000   Number         0  gpio.o ABSOLUTE
    kalman.c                                 0x00000000   Number         0  kalman.o ABSOLUTE
    main.c                                   0x00000000   Number         0  main.o ABSOLUTE
    spi.c                                    0x00000000   Number         0  spi.o ABSOLUTE
    system_stm32f10x.c                       0x00000000   Number         0  system_stm32f10x.o ABSOLUTE
    RESET                                    0x08000000   Section      236  startup_stm32f10x_md.o(RESET)
    !!!main                                  0x080000ec   Section        8  __main.o(!!!main)
    !!!scatter                               0x080000f4   Section       52  __scatter.o(!!!scatter)
    !!handler_copy                           0x08000128   Section       26  __scatter_copy.o(!!handler_copy)
    !!handler_zi                             0x08000144   Section       28  __scatter_zi.o(!!handler_zi)
    .ARM.Collect$$libinit$$00000000          0x08000160   Section        2  libinit.o(.ARM.Collect$$libinit$$00000000)
    .ARM.Collect$$libinit$$00000002          0x08000162   Section        0  libinit2.o(.ARM.Collect$$libinit$$00000002)
    .ARM.Collect$$libinit$$00000004          0x08000162   Section        0  libinit2.o(.ARM.Collect$$libinit$$00000004)
    .ARM.Collect$$libinit$$00000006          0x08000162   Section        0  libinit2.o(.ARM.Collect$$libinit$$00000006)
    .ARM.Collect$$libinit$$0000000C          0x08000162   Section        0  libinit2.o(.ARM.Collect$$libinit$$0000000C)
    .ARM.Collect$$libinit$$0000000E          0x08000162   Section        0  libinit2.o(.ARM.Collect$$libinit$$0000000E)
    .ARM.Collect$$libinit$$00000010          0x08000162   Section        0  libinit2.o(.ARM.Collect$$libinit$$00000010)
    .ARM.Collect$$libinit$$00000013          0x08000162   Section        0  libinit2.o(.ARM.Collect$$libinit$$00000013)
    .ARM.Collect$$libinit$$00000015          0x08000162   Section        0  libinit2.o(.ARM.Collect$$libinit$$00000015)
    .ARM.Collect$$libinit$$00000017          0x08000162   Section        0  libinit2.o(.ARM.Collect$$libinit$$00000017)
    .ARM.Collect$$libinit$$00000019          0x08000162   Section        0  libinit2.o(.ARM.Collect$$libinit$$00000019)
    .ARM.Collect$$libinit$$0000001B          0x08000162   Section        0  libinit2.o(.ARM.Collect$$libinit$$0000001B)
    .ARM.Collect$$libinit$$0000001D          0x08000162   Section        0  libinit2.o(.ARM.Collect$$libinit$$0000001D)
    .ARM.Collect$$libinit$$0000001F          0x08000162   Section        0  libinit2.o(.ARM.Collect$$libinit$$0000001F)
    .ARM.Collect$$libinit$$00000021          0x08000162   Section        0  libinit2.o(.ARM.Collect$$libinit$$00000021)
    .ARM.Collect$$libinit$$00000023          0x08000162   Section        0  libinit2.o(.ARM.Collect$$libinit$$00000023)
    .ARM.Collect$$libinit$$00000025          0x08000162   Section        0  libinit2.o(.ARM.Collect$$libinit$$00000025)
    .ARM.Collect$$libinit$$00000027          0x08000162   Section        0  libinit2.o(.ARM.Collect$$libinit$$00000027)
    .ARM.Collect$$libinit$$0000002E          0x08000162   Section        0  libinit2.o(.ARM.Collect$$libinit$$0000002E)
    .ARM.Collect$$libinit$$00000030          0x08000162   Section        0  libinit2.o(.ARM.Collect$$libinit$$00000030)
    .ARM.Collect$$libinit$$00000032          0x08000162   Section        0  libinit2.o(.ARM.Collect$$libinit$$00000032)
    .ARM.Collect$$libinit$$00000034          0x08000162   Section        0  libinit2.o(.ARM.Collect$$libinit$$00000034)
    .ARM.Collect$$libinit$$00000035          0x08000162   Section        2  libinit2.o(.ARM.Collect$$libinit$$00000035)
    .ARM.Collect$$libshutdown$$00000000      0x08000164   Section        2  libshutdown.o(.ARM.Collect$$libshutdown$$00000000)
    .ARM.Collect$$libshutdown$$00000002      0x08000166   Section        0  libshutdown2.o(.ARM.Collect$$libshutdown$$00000002)
    .ARM.Collect$$libshutdown$$00000004      0x08000166   Section        0  libshutdown2.o(.ARM.Collect$$libshutdown$$00000004)
    .ARM.Collect$$libshutdown$$00000007      0x08000166   Section        0  libshutdown2.o(.ARM.Collect$$libshutdown$$00000007)
    .ARM.Collect$$libshutdown$$0000000A      0x08000166   Section        0  libshutdown2.o(.ARM.Collect$$libshutdown$$0000000A)
    .ARM.Collect$$libshutdown$$0000000C      0x08000166   Section        0  libshutdown2.o(.ARM.Collect$$libshutdown$$0000000C)
    .ARM.Collect$$libshutdown$$0000000F      0x08000166   Section        0  libshutdown2.o(.ARM.Collect$$libshutdown$$0000000F)
    .ARM.Collect$$libshutdown$$00000010      0x08000166   Section        2  libshutdown2.o(.ARM.Collect$$libshutdown$$00000010)
    .ARM.Collect$$rtentry$$00000000          0x08000168   Section        0  __rtentry.o(.ARM.Collect$$rtentry$$00000000)
    .ARM.Collect$$rtentry$$00000002          0x08000168   Section        0  __rtentry2.o(.ARM.Collect$$rtentry$$00000002)
    .ARM.Collect$$rtentry$$00000004          0x08000168   Section        6  __rtentry4.o(.ARM.Collect$$rtentry$$00000004)
    .ARM.Collect$$rtentry$$00000009          0x0800016e   Section        0  __rtentry2.o(.ARM.Collect$$rtentry$$00000009)
    .ARM.Collect$$rtentry$$0000000A          0x0800016e   Section        4  __rtentry2.o(.ARM.Collect$$rtentry$$0000000A)
    .ARM.Collect$$rtentry$$0000000C          0x08000172   Section        0  __rtentry2.o(.ARM.Collect$$rtentry$$0000000C)
    .ARM.Collect$$rtentry$$0000000D          0x08000172   Section        8  __rtentry2.o(.ARM.Collect$$rtentry$$0000000D)
    .ARM.Collect$$rtexit$$00000000           0x0800017a   Section        2  rtexit.o(.ARM.Collect$$rtexit$$00000000)
    .ARM.Collect$$rtexit$$00000002           0x0800017c   Section        0  rtexit2.o(.ARM.Collect$$rtexit$$00000002)
    .ARM.Collect$$rtexit$$00000003           0x0800017c   Section        4  rtexit2.o(.ARM.Collect$$rtexit$$00000003)
    .ARM.Collect$$rtexit$$00000004           0x08000180   Section        6  rtexit2.o(.ARM.Collect$$rtexit$$00000004)
    .text                                    0x08000188   Section       64  startup_stm32f10x_md.o(.text)
    .text                                    0x080001c8   Section      240  lludivv7m.o(.text)
    .text                                    0x080002b8   Section        0  heapauxi.o(.text)
    .text                                    0x080002be   Section       74  sys_stackheap_outer.o(.text)
    .text                                    0x08000308   Section        0  exit.o(.text)
    .text                                    0x0800031c   Section        8  libspace.o(.text)
    .text                                    0x08000324   Section        0  sys_exit.o(.text)
    .text                                    0x08000330   Section        2  use_no_semi.o(.text)
    .text                                    0x08000332   Section        0  indicate_semi.o(.text)
    [Anonymous Symbol]                       0x08000334   Section        0  adc.o(.text.ADC_Cmd)
    [Anonymous Symbol]                       0x08000344   Section        0  adc.o(.text.ADC_DMACmd)
    [Anonymous Symbol]                       0x08000360   Section        0  adc.o(.text.ADC_Init)
    [Anonymous Symbol]                       0x080003b4   Section        0  adc.o(.text.ADC_PeripheralClockControl)
    [Anonymous Symbol]                       0x0800040c   Section        0  adc.o(.text.ADC_RegularChannelConfig)
    [Anonymous Symbol]                       0x0800046c   Section        0  adc.o(.text.ADC_SoftwareStartConvCmd)
    [Anonymous Symbol]                       0x08000480   Section        0  main.o(.text.Current_Sensor)
    [Anonymous Symbol]                       0x08000534   Section        0  dma.o(.text.DMA_Cmd)
    [Anonymous Symbol]                       0x08000550   Section        0  dma.o(.text.DMA_DeInit)
    [Anonymous Symbol]                       0x08000658   Section        0  dma.o(.text.DMA_Init)
    [Anonymous Symbol]                       0x080006a0   Section        0  dma.o(.text.DMA_PeriClockControl)
    [Anonymous Symbol]                       0x08000720   Section        0  main.o(.text.EXTI1_IRQHandler)
    [Anonymous Symbol]                       0x080007bc   Section        0  flash.o(.text.FLASH_ErasePage)
    [Anonymous Symbol]                       0x080008bc   Section        0  flash.o(.text.FLASH_GetFlagStatus)
    [Anonymous Symbol]                       0x080008dc   Section        0  flash.o(.text.FLASH_Lock)
    [Anonymous Symbol]                       0x080008f0   Section        0  flash.o(.text.FLASH_ProgramHalfWord)
    [Anonymous Symbol]                       0x08000a08   Section        0  flash.o(.text.FLASH_Unlock)
    [Anonymous Symbol]                       0x08000a28   Section        0  main.o(.text.GPIO_Config)
    [Anonymous Symbol]                       0x08000ad8   Section        0  gpio.o(.text.GPIO_IRQHandling)
    [Anonymous Symbol]                       0x08000af0   Section        0  gpio.o(.text.GPIO_IRQInteruptConfig)
    [Anonymous Symbol]                       0x08000b24   Section        0  gpio.o(.text.GPIO_Init)
    [Anonymous Symbol]                       0x08000c6c   Section        0  gpio.o(.text.GPIO_PeriClockControl)
    [Anonymous Symbol]                       0x08000d0c   Section        0  gpio.o(.text.GPIO_SetState)
    [Anonymous Symbol]                       0x08000d20   Section        0  spi.o(.text.SPI_GetFlagStatus)
    [Anonymous Symbol]                       0x08000d2c   Section        0  spi.o(.text.SPI_Init)
    [Anonymous Symbol]                       0x08000dc8   Section        0  spi.o(.text.SPI_PeripheralControl)
    [Anonymous Symbol]                       0x08000dd8   Section        0  spi.o(.text.SPI_SSOEConfig)
    [Anonymous Symbol]                       0x08000de8   Section        0  spi.o(.text.SPI_SendData)
    [Anonymous Symbol]                       0x08000e10   Section        0  kalman.o(.text.SimpleKalmanFilter)
    [Anonymous Symbol]                       0x08000e50   Section        0  delay.o(.text.SysTick_Handler)
    [Anonymous Symbol]                       0x08000e7c   Section        0  system_stm32f10x.o(.text.SystemInit)
    [Anonymous Symbol]                       0x08000f8c   Section        0  delay.o(.text.Systick_Initialize)
    [Anonymous Symbol]                       0x08000fb8   Section        0  main.o(.text.Voltage_Sensor)
    [Anonymous Symbol]                       0x08001078   Section        0  delay.o(.text.delay_ms)
    [Anonymous Symbol]                       0x0800109c   Section        0  main.o(.text.main)
    [Anonymous Symbol]                       0x08001400   Section        0  delay.o(.text.millis)
    [Anonymous Symbol]                       0x08001418   Section        0  kalman.o(.text.updateEstimate)
    x$fpl$d2f                                0x080014d4   Section       98  d2f.o(x$fpl$d2f)
    x$fpl$dadd                               0x08001538   Section      336  daddsub_clz.o(x$fpl$dadd)
    _dadd1                                   0x08001549   Thumb Code     0  daddsub_clz.o(x$fpl$dadd)
    x$fpl$ddiv                               0x08001688   Section      692  ddiv.o(x$fpl$ddiv)
    ddiv_entry                               0x0800168f   Thumb Code     0  ddiv.o(x$fpl$ddiv)
    x$fpl$dfix                               0x0800193c   Section       94  dfix.o(x$fpl$dfix)
    x$fpl$dfltu                              0x0800199a   Section       38  dflt_clz.o(x$fpl$dfltu)
    x$fpl$dmul                               0x080019c0   Section      340  dmul.o(x$fpl$dmul)
    x$fpl$dnaninf                            0x08001b14   Section      156  dnaninf.o(x$fpl$dnaninf)
    x$fpl$dretinf                            0x08001bb0   Section       12  dretinf.o(x$fpl$dretinf)
    x$fpl$dsub                               0x08001bbc   Section      476  daddsub_clz.o(x$fpl$dsub)
    _dsub1                                   0x08001bcd   Thumb Code     0  daddsub_clz.o(x$fpl$dsub)
    x$fpl$f2d                                0x08001d98   Section       86  f2d.o(x$fpl$f2d)
    x$fpl$fadd                               0x08001df0   Section      196  faddsub_clz.o(x$fpl$fadd)
    _fadd1                                   0x08001dff   Thumb Code     0  faddsub_clz.o(x$fpl$fadd)
    _fdiv1                                   0x08001eb5   Thumb Code     0  fdiv.o(x$fpl$fdiv)
    x$fpl$fdiv                               0x08001eb4   Section      388  fdiv.o(x$fpl$fdiv)
    x$fpl$ffix                               0x08002038   Section       54  ffix.o(x$fpl$ffix)
    x$fpl$fflt                               0x08002070   Section       48  fflt_clz.o(x$fpl$fflt)
    x$fpl$ffltu                              0x080020a0   Section       38  fflt_clz.o(x$fpl$ffltu)
    x$fpl$fmul                               0x080020c8   Section      258  fmul.o(x$fpl$fmul)
    x$fpl$fnaninf                            0x080021ca   Section      140  fnaninf.o(x$fpl$fnaninf)
    x$fpl$fretinf                            0x08002256   Section       10  fretinf.o(x$fpl$fretinf)
    x$fpl$fsub                               0x08002260   Section      234  faddsub_clz.o(x$fpl$fsub)
    _fsub1                                   0x0800226f   Thumb Code     0  faddsub_clz.o(x$fpl$fsub)
    x$fpl$usenofp                            0x0800234a   Section        0  usenofp.o(x$fpl$usenofp)
    .Lswitch.table.setEstimateError          0x0800234c   Data          12  kalman.o(.rodata..Lswitch.table.setEstimateError)
    .Lswitch.table.setMeasurementError       0x08002358   Data          12  kalman.o(.rodata..Lswitch.table.setMeasurementError)
    .Lswitch.table.setProcessNoise           0x08002364   Data          12  kalman.o(.rodata..Lswitch.table.setProcessNoise)
    .bss                                     0x20000008   Section       96  libspace.o(.bss)
    usTicks                                  0x200000d0   Data           4  delay.o(.bss.usTicks)
    [Anonymous Symbol]                       0x200000d0   Section        0  delay.o(.bss.usTicks)
    usTimeElapsed                            0x200000d8   Data           8  delay.o(.bss.usTimeElapsed)
    [Anonymous Symbol]                       0x200000d8   Section        0  delay.o(.bss.usTimeElapsed)
    Heap_Mem                                 0x200000f8   Data         512  startup_stm32f10x_md.o(HEAP)
    HEAP                                     0x200000f8   Section      512  startup_stm32f10x_md.o(HEAP)
    Stack_Mem                                0x200002f8   Data        1024  startup_stm32f10x_md.o(STACK)
    STACK                                    0x200002f8   Section     1024  startup_stm32f10x_md.o(STACK)
    __initial_sp                             0x200006f8   Data           0  startup_stm32f10x_md.o(STACK)

    Global Symbols

    Symbol Name                              Value     Ov Type        Size  Object(Section)

    BuildAttributes$$THM_ISAv4$P$D$K$B$S$PE$A:L22UL41UL21$X:L11$S22US41US21$IEEE1$IW$~IW$USESV6$~STKCKD$USESV7$~SHL$OTIME$ROPI$EBA8$UX$STANDARDLIB$REQ8$PRES8$EABIv2 0x00000000   Number         0  anon$$obj.o ABSOLUTE
    __fp_init_empty                          0x00000000   Number         0  fpinit_empty.o ABSOLUTE
    __ARM_exceptions_init                     - Undefined Weak Reference
    __alloca_initialize                       - Undefined Weak Reference
    __arm_preinit_                            - Undefined Weak Reference
    __arm_relocate_pie_                       - Undefined Weak Reference
    __cpp_initialize__aeabi_                  - Undefined Weak Reference
    __cxa_finalize                            - Undefined Weak Reference
    __rt_locale                               - Undefined Weak Reference
    __sigvec_lookup                           - Undefined Weak Reference
    _atexit_init                              - Undefined Weak Reference
    _call_atexit_fns                          - Undefined Weak Reference
    _clock_init                               - Undefined Weak Reference
    _fp_trap_init                             - Undefined Weak Reference
    _fp_trap_shutdown                         - Undefined Weak Reference
    _get_lc_collate                           - Undefined Weak Reference
    _get_lc_ctype                             - Undefined Weak Reference
    _get_lc_monetary                          - Undefined Weak Reference
    _get_lc_numeric                           - Undefined Weak Reference
    _get_lc_time                              - Undefined Weak Reference
    _getenv_init                              - Undefined Weak Reference
    _handle_redirection                       - Undefined Weak Reference
    _init_alloc                               - Undefined Weak Reference
    _init_user_alloc                          - Undefined Weak Reference
    _initio                                   - Undefined Weak Reference
    _rand_init                                - Undefined Weak Reference
    _signal_finish                            - Undefined Weak Reference
    _signal_init                              - Undefined Weak Reference
    _terminate_alloc                          - Undefined Weak Reference
    _terminate_user_alloc                     - Undefined Weak Reference
    _terminateio                              - Undefined Weak Reference
    __Vectors_Size                           0x000000ec   Number         0  startup_stm32f10x_md.o ABSOLUTE
    __Vectors                                0x08000000   Data           4  startup_stm32f10x_md.o(RESET)
    __Vectors_End                            0x080000ec   Data           0  startup_stm32f10x_md.o(RESET)
    __main                                   0x080000ed   Thumb Code     8  __main.o(!!!main)
    __scatterload                            0x080000f5   Thumb Code     0  __scatter.o(!!!scatter)
    __scatterload_rt2                        0x080000f5   Thumb Code    44  __scatter.o(!!!scatter)
    __scatterload_rt2_thumb_only             0x080000f5   Thumb Code     0  __scatter.o(!!!scatter)
    __scatterload_null                       0x08000103   Thumb Code     0  __scatter.o(!!!scatter)
    __scatterload_copy                       0x08000129   Thumb Code    26  __scatter_copy.o(!!handler_copy)
    __scatterload_zeroinit                   0x08000145   Thumb Code    28  __scatter_zi.o(!!handler_zi)
    __rt_lib_init                            0x08000161   Thumb Code     0  libinit.o(.ARM.Collect$$libinit$$00000000)
    __rt_lib_init_alloca_1                   0x08000163   Thumb Code     0  libinit2.o(.ARM.Collect$$libinit$$00000030)
    __rt_lib_init_argv_1                     0x08000163   Thumb Code     0  libinit2.o(.ARM.Collect$$libinit$$0000002E)
    __rt_lib_init_atexit_1                   0x08000163   Thumb Code     0  libinit2.o(.ARM.Collect$$libinit$$0000001D)
    __rt_lib_init_clock_1                    0x08000163   Thumb Code     0  libinit2.o(.ARM.Collect$$libinit$$00000023)
    __rt_lib_init_cpp_1                      0x08000163   Thumb Code     0  libinit2.o(.ARM.Collect$$libinit$$00000034)
    __rt_lib_init_exceptions_1               0x08000163   Thumb Code     0  libinit2.o(.ARM.Collect$$libinit$$00000032)
    __rt_lib_init_fp_1                       0x08000163   Thumb Code     0  libinit2.o(.ARM.Collect$$libinit$$00000002)
    __rt_lib_init_fp_trap_1                  0x08000163   Thumb Code     0  libinit2.o(.ARM.Collect$$libinit$$00000021)
    __rt_lib_init_getenv_1                   0x08000163   Thumb Code     0  libinit2.o(.ARM.Collect$$libinit$$00000025)
    __rt_lib_init_heap_1                     0x08000163   Thumb Code     0  libinit2.o(.ARM.Collect$$libinit$$0000000C)
    __rt_lib_init_lc_collate_1               0x08000163   Thumb Code     0  libinit2.o(.ARM.Collect$$libinit$$00000013)
    __rt_lib_init_lc_ctype_1                 0x08000163   Thumb Code     0  libinit2.o(.ARM.Collect$$libinit$$00000015)
    __rt_lib_init_lc_monetary_1              0x08000163   Thumb Code     0  libinit2.o(.ARM.Collect$$libinit$$00000017)
    __rt_lib_init_lc_numeric_1               0x08000163   Thumb Code     0  libinit2.o(.ARM.Collect$$libinit$$00000019)
    __rt_lib_init_lc_time_1                  0x08000163   Thumb Code     0  libinit2.o(.ARM.Collect$$libinit$$0000001B)
    __rt_lib_init_preinit_1                  0x08000163   Thumb Code     0  libinit2.o(.ARM.Collect$$libinit$$00000006)
    __rt_lib_init_rand_1                     0x08000163   Thumb Code     0  libinit2.o(.ARM.Collect$$libinit$$00000010)
    __rt_lib_init_relocate_pie_1             0x08000163   Thumb Code     0  libinit2.o(.ARM.Collect$$libinit$$00000004)
    __rt_lib_init_return                     0x08000163   Thumb Code     0  libinit2.o(.ARM.Collect$$libinit$$00000035)
    __rt_lib_init_signal_1                   0x08000163   Thumb Code     0  libinit2.o(.ARM.Collect$$libinit$$0000001F)
    __rt_lib_init_stdio_1                    0x08000163   Thumb Code     0  libinit2.o(.ARM.Collect$$libinit$$00000027)
    __rt_lib_init_user_alloc_1               0x08000163   Thumb Code     0  libinit2.o(.ARM.Collect$$libinit$$0000000E)
    __rt_lib_shutdown                        0x08000165   Thumb Code     0  libshutdown.o(.ARM.Collect$$libshutdown$$00000000)
    __rt_lib_shutdown_cpp_1                  0x08000167   Thumb Code     0  libshutdown2.o(.ARM.Collect$$libshutdown$$00000002)
    __rt_lib_shutdown_fp_trap_1              0x08000167   Thumb Code     0  libshutdown2.o(.ARM.Collect$$libshutdown$$00000007)
    __rt_lib_shutdown_heap_1                 0x08000167   Thumb Code     0  libshutdown2.o(.ARM.Collect$$libshutdown$$0000000F)
    __rt_lib_shutdown_return                 0x08000167   Thumb Code     0  libshutdown2.o(.ARM.Collect$$libshutdown$$00000010)
    __rt_lib_shutdown_signal_1               0x08000167   Thumb Code     0  libshutdown2.o(.ARM.Collect$$libshutdown$$0000000A)
    __rt_lib_shutdown_stdio_1                0x08000167   Thumb Code     0  libshutdown2.o(.ARM.Collect$$libshutdown$$00000004)
    __rt_lib_shutdown_user_alloc_1           0x08000167   Thumb Code     0  libshutdown2.o(.ARM.Collect$$libshutdown$$0000000C)
    __rt_entry                               0x08000169   Thumb Code     0  __rtentry.o(.ARM.Collect$$rtentry$$00000000)
    __rt_entry_presh_1                       0x08000169   Thumb Code     0  __rtentry2.o(.ARM.Collect$$rtentry$$00000002)
    __rt_entry_sh                            0x08000169   Thumb Code     0  __rtentry4.o(.ARM.Collect$$rtentry$$00000004)
    __rt_entry_li                            0x0800016f   Thumb Code     0  __rtentry2.o(.ARM.Collect$$rtentry$$0000000A)
    __rt_entry_postsh_1                      0x0800016f   Thumb Code     0  __rtentry2.o(.ARM.Collect$$rtentry$$00000009)
    __rt_entry_main                          0x08000173   Thumb Code     0  __rtentry2.o(.ARM.Collect$$rtentry$$0000000D)
    __rt_entry_postli_1                      0x08000173   Thumb Code     0  __rtentry2.o(.ARM.Collect$$rtentry$$0000000C)
    __rt_exit                                0x0800017b   Thumb Code     0  rtexit.o(.ARM.Collect$$rtexit$$00000000)
    __rt_exit_ls                             0x0800017d   Thumb Code     0  rtexit2.o(.ARM.Collect$$rtexit$$00000003)
    __rt_exit_prels_1                        0x0800017d   Thumb Code     0  rtexit2.o(.ARM.Collect$$rtexit$$00000002)
    __rt_exit_exit                           0x08000181   Thumb Code     0  rtexit2.o(.ARM.Collect$$rtexit$$00000004)
    Reset_Handler                            0x08000189   Thumb Code     8  startup_stm32f10x_md.o(.text)
    NMI_Handler                              0x08000191   Thumb Code     2  startup_stm32f10x_md.o(.text)
    HardFault_Handler                        0x08000193   Thumb Code     2  startup_stm32f10x_md.o(.text)
    MemManage_Handler                        0x08000195   Thumb Code     2  startup_stm32f10x_md.o(.text)
    BusFault_Handler                         0x08000197   Thumb Code     2  startup_stm32f10x_md.o(.text)
    UsageFault_Handler                       0x08000199   Thumb Code     2  startup_stm32f10x_md.o(.text)
    SVC_Handler                              0x0800019b   Thumb Code     2  startup_stm32f10x_md.o(.text)
    DebugMon_Handler                         0x0800019d   Thumb Code     2  startup_stm32f10x_md.o(.text)
    PendSV_Handler                           0x0800019f   Thumb Code     2  startup_stm32f10x_md.o(.text)
    ADC1_2_IRQHandler                        0x080001a3   Thumb Code     0  startup_stm32f10x_md.o(.text)
    CAN1_RX1_IRQHandler                      0x080001a3   Thumb Code     0  startup_stm32f10x_md.o(.text)
    CAN1_SCE_IRQHandler                      0x080001a3   Thumb Code     0  startup_stm32f10x_md.o(.text)
    DMA1_Channel1_IRQHandler                 0x080001a3   Thumb Code     0  startup_stm32f10x_md.o(.text)
    DMA1_Channel2_IRQHandler                 0x080001a3   Thumb Code     0  startup_stm32f10x_md.o(.text)
    DMA1_Channel3_IRQHandler                 0x080001a3   Thumb Code     0  startup_stm32f10x_md.o(.text)
    DMA1_Channel4_IRQHandler                 0x080001a3   Thumb Code     0  startup_stm32f10x_md.o(.text)
    DMA1_Channel5_IRQHandler                 0x080001a3   Thumb Code     0  startup_stm32f10x_md.o(.text)
    DMA1_Channel6_IRQHandler                 0x080001a3   Thumb Code     0  startup_stm32f10x_md.o(.text)
    DMA1_Channel7_IRQHandler                 0x080001a3   Thumb Code     0  startup_stm32f10x_md.o(.text)
    EXTI0_IRQHandler                         0x080001a3   Thumb Code     0  startup_stm32f10x_md.o(.text)
    EXTI15_10_IRQHandler                     0x080001a3   Thumb Code     0  startup_stm32f10x_md.o(.text)
    EXTI2_IRQHandler                         0x080001a3   Thumb Code     0  startup_stm32f10x_md.o(.text)
    EXTI3_IRQHandler                         0x080001a3   Thumb Code     0  startup_stm32f10x_md.o(.text)
    EXTI4_IRQHandler                         0x080001a3   Thumb Code     0  startup_stm32f10x_md.o(.text)
    EXTI9_5_IRQHandler                       0x080001a3   Thumb Code     0  startup_stm32f10x_md.o(.text)
    FLASH_IRQHandler                         0x080001a3   Thumb Code     0  startup_stm32f10x_md.o(.text)
    I2C1_ER_IRQHandler                       0x080001a3   Thumb Code     0  startup_stm32f10x_md.o(.text)
    I2C1_EV_IRQHandler                       0x080001a3   Thumb Code     0  startup_stm32f10x_md.o(.text)
    I2C2_ER_IRQHandler                       0x080001a3   Thumb Code     0  startup_stm32f10x_md.o(.text)
    I2C2_EV_IRQHandler                       0x080001a3   Thumb Code     0  startup_stm32f10x_md.o(.text)
    PVD_IRQHandler                           0x080001a3   Thumb Code     0  startup_stm32f10x_md.o(.text)
    RCC_IRQHandler                           0x080001a3   Thumb Code     0  startup_stm32f10x_md.o(.text)
    RTCAlarm_IRQHandler                      0x080001a3   Thumb Code     0  startup_stm32f10x_md.o(.text)
    RTC_IRQHandler                           0x080001a3   Thumb Code     0  startup_stm32f10x_md.o(.text)
    SPI1_IRQHandler                          0x080001a3   Thumb Code     0  startup_stm32f10x_md.o(.text)
    SPI2_IRQHandler                          0x080001a3   Thumb Code     0  startup_stm32f10x_md.o(.text)
    TAMPER_IRQHandler                        0x080001a3   Thumb Code     0  startup_stm32f10x_md.o(.text)
    TIM1_BRK_IRQHandler                      0x080001a3   Thumb Code     0  startup_stm32f10x_md.o(.text)
    TIM1_CC_IRQHandler                       0x080001a3   Thumb Code     0  startup_stm32f10x_md.o(.text)
    TIM1_TRG_COM_IRQHandler                  0x080001a3   Thumb Code     0  startup_stm32f10x_md.o(.text)
    TIM1_UP_IRQHandler                       0x080001a3   Thumb Code     0  startup_stm32f10x_md.o(.text)
    TIM2_IRQHandler                          0x080001a3   Thumb Code     0  startup_stm32f10x_md.o(.text)
    TIM3_IRQHandler                          0x080001a3   Thumb Code     0  startup_stm32f10x_md.o(.text)
    TIM4_IRQHandler                          0x080001a3   Thumb Code     0  startup_stm32f10x_md.o(.text)
    USART1_IRQHandler                        0x080001a3   Thumb Code     0  startup_stm32f10x_md.o(.text)
    USART2_IRQHandler                        0x080001a3   Thumb Code     0  startup_stm32f10x_md.o(.text)
    USART3_IRQHandler                        0x080001a3   Thumb Code     0  startup_stm32f10x_md.o(.text)
    USBWakeUp_IRQHandler                     0x080001a3   Thumb Code     0  startup_stm32f10x_md.o(.text)
    USB_HP_CAN1_TX_IRQHandler                0x080001a3   Thumb Code     0  startup_stm32f10x_md.o(.text)
    USB_LP_CAN1_RX0_IRQHandler               0x080001a3   Thumb Code     0  startup_stm32f10x_md.o(.text)
    WWDG_IRQHandler                          0x080001a3   Thumb Code     0  startup_stm32f10x_md.o(.text)
    __user_initial_stackheap                 0x080001a5   Thumb Code     0  startup_stm32f10x_md.o(.text)
    __aeabi_uldivmod                         0x080001c9   Thumb Code     0  lludivv7m.o(.text)
    _ll_udiv                                 0x080001c9   Thumb Code   240  lludivv7m.o(.text)
    __use_two_region_memory                  0x080002b9   Thumb Code     2  heapauxi.o(.text)
    __rt_heap_escrow$2region                 0x080002bb   Thumb Code     2  heapauxi.o(.text)
    __rt_heap_expand$2region                 0x080002bd   Thumb Code     2  heapauxi.o(.text)
    __user_setup_stackheap                   0x080002bf   Thumb Code    74  sys_stackheap_outer.o(.text)
    exit                                     0x08000309   Thumb Code    18  exit.o(.text)
    __user_libspace                          0x0800031d   Thumb Code     8  libspace.o(.text)
    __user_perproc_libspace                  0x0800031d   Thumb Code     0  libspace.o(.text)
    __user_perthread_libspace                0x0800031d   Thumb Code     0  libspace.o(.text)
    _sys_exit                                0x08000325   Thumb Code     8  sys_exit.o(.text)
    __I$use$semihosting                      0x08000331   Thumb Code     0  use_no_semi.o(.text)
    __use_no_semihosting_swi                 0x08000331   Thumb Code     2  use_no_semi.o(.text)
    __semihosting_library_function           0x08000333   Thumb Code     0  indicate_semi.o(.text)
    ADC_Cmd                                  0x08000335   Thumb Code    16  adc.o(.text.ADC_Cmd)
    ADC_DMACmd                               0x08000345   Thumb Code    28  adc.o(.text.ADC_DMACmd)
    ADC_Init                                 0x08000361   Thumb Code    84  adc.o(.text.ADC_Init)
    ADC_PeripheralClockControl               0x080003b5   Thumb Code    88  adc.o(.text.ADC_PeripheralClockControl)
    ADC_RegularChannelConfig                 0x0800040d   Thumb Code    96  adc.o(.text.ADC_RegularChannelConfig)
    ADC_SoftwareStartConvCmd                 0x0800046d   Thumb Code    18  adc.o(.text.ADC_SoftwareStartConvCmd)
    Current_Sensor                           0x08000481   Thumb Code   180  main.o(.text.Current_Sensor)
    DMA_Cmd                                  0x08000535   Thumb Code    28  dma.o(.text.DMA_Cmd)
    DMA_DeInit                               0x08000551   Thumb Code   264  dma.o(.text.DMA_DeInit)
    DMA_Init                                 0x08000659   Thumb Code    72  dma.o(.text.DMA_Init)
    DMA_PeriClockControl                     0x080006a1   Thumb Code   126  dma.o(.text.DMA_PeriClockControl)
    EXTI1_IRQHandler                         0x08000721   Thumb Code   156  main.o(.text.EXTI1_IRQHandler)
    FLASH_ErasePage                          0x080007bd   Thumb Code   254  flash.o(.text.FLASH_ErasePage)
    FLASH_GetFlagStatus                      0x080008bd   Thumb Code    30  flash.o(.text.FLASH_GetFlagStatus)
    FLASH_Lock                               0x080008dd   Thumb Code    18  flash.o(.text.FLASH_Lock)
    FLASH_ProgramHalfWord                    0x080008f1   Thumb Code   278  flash.o(.text.FLASH_ProgramHalfWord)
    FLASH_Unlock                             0x08000a09   Thumb Code    30  flash.o(.text.FLASH_Unlock)
    GPIO_Config                              0x08000a29   Thumb Code   176  main.o(.text.GPIO_Config)
    GPIO_IRQHandling                         0x08000ad9   Thumb Code    22  gpio.o(.text.GPIO_IRQHandling)
    GPIO_IRQInteruptConfig                   0x08000af1   Thumb Code    52  gpio.o(.text.GPIO_IRQInteruptConfig)
    GPIO_Init                                0x08000b25   Thumb Code   308  gpio.o(.text.GPIO_Init)
    GPIO_PeriClockControl                    0x08000c6d   Thumb Code   158  gpio.o(.text.GPIO_PeriClockControl)
    GPIO_SetState                            0x08000d0d   Thumb Code    18  gpio.o(.text.GPIO_SetState)
    SPI_GetFlagStatus                        0x08000d21   Thumb Code    10  spi.o(.text.SPI_GetFlagStatus)
    SPI_Init                                 0x08000d2d   Thumb Code   156  spi.o(.text.SPI_Init)
    SPI_PeripheralControl                    0x08000dc9   Thumb Code    16  spi.o(.text.SPI_PeripheralControl)
    SPI_SSOEConfig                           0x08000dd9   Thumb Code    16  spi.o(.text.SPI_SSOEConfig)
    SPI_SendData                             0x08000de9   Thumb Code    40  spi.o(.text.SPI_SendData)
    SimpleKalmanFilter                       0x08000e11   Thumb Code    64  kalman.o(.text.SimpleKalmanFilter)
    SysTick_Handler                          0x08000e51   Thumb Code    42  delay.o(.text.SysTick_Handler)
    SystemInit                               0x08000e7d   Thumb Code   272  system_stm32f10x.o(.text.SystemInit)
    Systick_Initialize                       0x08000f8d   Thumb Code    44  delay.o(.text.Systick_Initialize)
    Voltage_Sensor                           0x08000fb9   Thumb Code   192  main.o(.text.Voltage_Sensor)
    delay_ms                                 0x08001079   Thumb Code    34  delay.o(.text.delay_ms)
    main                                     0x0800109d   Thumb Code   868  main.o(.text.main)
    millis                                   0x08001401   Thumb Code    24  delay.o(.text.millis)
    updateEstimate                           0x08001419   Thumb Code   186  kalman.o(.text.updateEstimate)
    __aeabi_d2f                              0x080014d5   Thumb Code     0  d2f.o(x$fpl$d2f)
    _d2f                                     0x080014d5   Thumb Code    98  d2f.o(x$fpl$d2f)
    __aeabi_dadd                             0x08001539   Thumb Code     0  daddsub_clz.o(x$fpl$dadd)
    _dadd                                    0x08001539   Thumb Code   332  daddsub_clz.o(x$fpl$dadd)
    __aeabi_ddiv                             0x08001689   Thumb Code     0  ddiv.o(x$fpl$ddiv)
    _ddiv                                    0x08001689   Thumb Code   556  ddiv.o(x$fpl$ddiv)
    __aeabi_d2iz                             0x0800193d   Thumb Code     0  dfix.o(x$fpl$dfix)
    _dfix                                    0x0800193d   Thumb Code    94  dfix.o(x$fpl$dfix)
    __aeabi_ui2d                             0x0800199b   Thumb Code     0  dflt_clz.o(x$fpl$dfltu)
    _dfltu                                   0x0800199b   Thumb Code    38  dflt_clz.o(x$fpl$dfltu)
    __aeabi_dmul                             0x080019c1   Thumb Code     0  dmul.o(x$fpl$dmul)
    _dmul                                    0x080019c1   Thumb Code   332  dmul.o(x$fpl$dmul)
    __fpl_dnaninf                            0x08001b15   Thumb Code   156  dnaninf.o(x$fpl$dnaninf)
    __fpl_dretinf                            0x08001bb1   Thumb Code    12  dretinf.o(x$fpl$dretinf)
    __aeabi_dsub                             0x08001bbd   Thumb Code     0  daddsub_clz.o(x$fpl$dsub)
    _dsub                                    0x08001bbd   Thumb Code   472  daddsub_clz.o(x$fpl$dsub)
    __aeabi_f2d                              0x08001d99   Thumb Code     0  f2d.o(x$fpl$f2d)
    _f2d                                     0x08001d99   Thumb Code    86  f2d.o(x$fpl$f2d)
    __aeabi_fadd                             0x08001df1   Thumb Code     0  faddsub_clz.o(x$fpl$fadd)
    _fadd                                    0x08001df1   Thumb Code   196  faddsub_clz.o(x$fpl$fadd)
    __aeabi_fdiv                             0x08001eb5   Thumb Code     0  fdiv.o(x$fpl$fdiv)
    _fdiv                                    0x08001eb5   Thumb Code   384  fdiv.o(x$fpl$fdiv)
    __aeabi_f2iz                             0x08002039   Thumb Code     0  ffix.o(x$fpl$ffix)
    _ffix                                    0x08002039   Thumb Code    54  ffix.o(x$fpl$ffix)
    __aeabi_i2f                              0x08002071   Thumb Code     0  fflt_clz.o(x$fpl$fflt)
    _fflt                                    0x08002071   Thumb Code    48  fflt_clz.o(x$fpl$fflt)
    __aeabi_ui2f                             0x080020a1   Thumb Code     0  fflt_clz.o(x$fpl$ffltu)
    _ffltu                                   0x080020a1   Thumb Code    38  fflt_clz.o(x$fpl$ffltu)
    __aeabi_fmul                             0x080020c9   Thumb Code     0  fmul.o(x$fpl$fmul)
    _fmul                                    0x080020c9   Thumb Code   258  fmul.o(x$fpl$fmul)
    __fpl_fnaninf                            0x080021cb   Thumb Code   140  fnaninf.o(x$fpl$fnaninf)
    __fpl_fretinf                            0x08002257   Thumb Code    10  fretinf.o(x$fpl$fretinf)
    __aeabi_fsub                             0x08002261   Thumb Code     0  faddsub_clz.o(x$fpl$fsub)
    _fsub                                    0x08002261   Thumb Code   234  faddsub_clz.o(x$fpl$fsub)
    __I$use$fp                               0x0800234a   Number         0  usenofp.o(x$fpl$usenofp)
    Region$$Table$$Base                      0x08002370   Number         0  anon$$obj.o(Region$$Table)
    Region$$Table$$Limit                     0x08002390   Number         0  anon$$obj.o(Region$$Table)
    r1                                       0x20000000   Data           4  main.o(.data.r1)
    r2                                       0x20000004   Data           4  main.o(.data.r2)
    __libspace_start                         0x20000008   Data          96  libspace.o(.bss)
    I                                        0x20000068   Data           4  main.o(.bss.I)
    __temporary_stack_top$libspace           0x20000068   Data           0  libspace.o(.bss)
    Vs                                       0x2000006c   Data           4  main.o(.bss.Vs)
    adc_buffer                               0x20000070   Data           6  main.o(.bss.adc_buffer)
    current                                  0x20000078   Data           4  main.o(.bss.current)
    currentC                                 0x2000007c   Data           4  main.o(.bss.currentC)
    currentSOC                               0x20000080   Data           4  main.o(.bss.currentSOC)
    currentTime                              0x20000084   Data           4  main.o(.bss.currentTime)
    data_SOC                                 0x20000088   Data           1  main.o(.bss.data_SOC)
    data_SOH                                 0x20000089   Data           1  main.o(.bss.data_SOH)
    kal_current                              0x2000008a   Data           2  main.o(.bss.kal_current)
    kal_temperature                          0x2000008c   Data           2  main.o(.bss.kal_temperature)
    kal_voltage                              0x2000008e   Data           2  main.o(.bss.kal_voltage)
    kalmanCurrent_err_estimate               0x20000090   Data           4  kalman.o(.bss.kalmanCurrent_err_estimate)
    kalmanCurrent_err_measure                0x20000094   Data           4  kalman.o(.bss.kalmanCurrent_err_measure)
    kalmanCurrent_last_estimate              0x20000098   Data           4  kalman.o(.bss.kalmanCurrent_last_estimate)
    kalmanCurrent_q                          0x2000009c   Data           4  kalman.o(.bss.kalmanCurrent_q)
    kalmanTemperature_err_estimate           0x200000a0   Data           4  kalman.o(.bss.kalmanTemperature_err_estimate)
    kalmanTemperature_err_measure            0x200000a4   Data           4  kalman.o(.bss.kalmanTemperature_err_measure)
    kalmanTemperature_last_estimate          0x200000a8   Data           4  kalman.o(.bss.kalmanTemperature_last_estimate)
    kalmanTemperature_q                      0x200000ac   Data           4  kalman.o(.bss.kalmanTemperature_q)
    kalmanVoltage_err_estimate               0x200000b0   Data           4  kalman.o(.bss.kalmanVoltage_err_estimate)
    kalmanVoltage_err_measure                0x200000b4   Data           4  kalman.o(.bss.kalmanVoltage_err_measure)
    kalmanVoltage_last_estimate              0x200000b8   Data           4  kalman.o(.bss.kalmanVoltage_last_estimate)
    kalmanVoltage_q                          0x200000bc   Data           4  kalman.o(.bss.kalmanVoltage_q)
    previousC                                0x200000c0   Data           4  main.o(.bss.previousC)
    previousSOC                              0x200000c4   Data           4  main.o(.bss.previousSOC)
    previousTime                             0x200000c8   Data           4  main.o(.bss.previousTime)
    temperature                              0x200000cc   Data           4  main.o(.bss.temperature)
    v1_in                                    0x200000e0   Data           4  main.o(.bss.v1_in)
    v1_out                                   0x200000e4   Data           4  main.o(.bss.v1_out)
    v2_in                                    0x200000e8   Data           4  main.o(.bss.v2_in)
    v2_out                                   0x200000ec   Data           4  main.o(.bss.v2_out)
    v3                                       0x200000f0   Data           4  main.o(.bss.v3)



==============================================================================

Memory Map of the image

  Image Entry point : 0x080000ed

  Load Region LR_IROM1 (Base: 0x08000000, Size: 0x00002398, Max: 0x00010000, ABSOLUTE)

    Execution Region ER_IROM1 (Exec base: 0x08000000, Load base: 0x08000000, Size: 0x00002390, Max: 0x00010000, ABSOLUTE)

    Exec Addr    Load Addr    Size         Type   Attr      Idx    E Section Name        Object

    0x08000000   0x08000000   0x000000ec   Data   RO          277    RESET               startup_stm32f10x_md.o
    0x080000ec   0x080000ec   0x00000008   Code   RO          306  * !!!main             c_w.l(__main.o)
    0x080000f4   0x080000f4   0x00000034   Code   RO          538    !!!scatter          c_w.l(__scatter.o)
    0x08000128   0x08000128   0x0000001a   Code   RO          540    !!handler_copy      c_w.l(__scatter_copy.o)
    0x08000142   0x08000142   0x00000002   PAD
    0x08000144   0x08000144   0x0000001c   Code   RO          542    !!handler_zi        c_w.l(__scatter_zi.o)
    0x08000160   0x08000160   0x00000002   Code   RO          400    .ARM.Collect$$libinit$$00000000  c_w.l(libinit.o)
    0x08000162   0x08000162   0x00000000   Code   RO          413    .ARM.Collect$$libinit$$00000002  c_w.l(libinit2.o)
    0x08000162   0x08000162   0x00000000   Code   RO          415    .ARM.Collect$$libinit$$00000004  c_w.l(libinit2.o)
    0x08000162   0x08000162   0x00000000   Code   RO          417    .ARM.Collect$$libinit$$00000006  c_w.l(libinit2.o)
    0x08000162   0x08000162   0x00000000   Code   RO          420    .ARM.Collect$$libinit$$0000000C  c_w.l(libinit2.o)
    0x08000162   0x08000162   0x00000000   Code   RO          422    .ARM.Collect$$libinit$$0000000E  c_w.l(libinit2.o)
    0x08000162   0x08000162   0x00000000   Code   RO          424    .ARM.Collect$$libinit$$00000010  c_w.l(libinit2.o)
    0x08000162   0x08000162   0x00000000   Code   RO          427    .ARM.Collect$$libinit$$00000013  c_w.l(libinit2.o)
    0x08000162   0x08000162   0x00000000   Code   RO          429    .ARM.Collect$$libinit$$00000015  c_w.l(libinit2.o)
    0x08000162   0x08000162   0x00000000   Code   RO          431    .ARM.Collect$$libinit$$00000017  c_w.l(libinit2.o)
    0x08000162   0x08000162   0x00000000   Code   RO          433    .ARM.Collect$$libinit$$00000019  c_w.l(libinit2.o)
    0x08000162   0x08000162   0x00000000   Code   RO          435    .ARM.Collect$$libinit$$0000001B  c_w.l(libinit2.o)
    0x08000162   0x08000162   0x00000000   Code   RO          437    .ARM.Collect$$libinit$$0000001D  c_w.l(libinit2.o)
    0x08000162   0x08000162   0x00000000   Code   RO          439    .ARM.Collect$$libinit$$0000001F  c_w.l(libinit2.o)
    0x08000162   0x08000162   0x00000000   Code   RO          441    .ARM.Collect$$libinit$$00000021  c_w.l(libinit2.o)
    0x08000162   0x08000162   0x00000000   Code   RO          443    .ARM.Collect$$libinit$$00000023  c_w.l(libinit2.o)
    0x08000162   0x08000162   0x00000000   Code   RO          445    .ARM.Collect$$libinit$$00000025  c_w.l(libinit2.o)
    0x08000162   0x08000162   0x00000000   Code   RO          447    .ARM.Collect$$libinit$$00000027  c_w.l(libinit2.o)
    0x08000162   0x08000162   0x00000000   Code   RO          451    .ARM.Collect$$libinit$$0000002E  c_w.l(libinit2.o)
    0x08000162   0x08000162   0x00000000   Code   RO          453    .ARM.Collect$$libinit$$00000030  c_w.l(libinit2.o)
    0x08000162   0x08000162   0x00000000   Code   RO          455    .ARM.Collect$$libinit$$00000032  c_w.l(libinit2.o)
    0x08000162   0x08000162   0x00000000   Code   RO          457    .ARM.Collect$$libinit$$00000034  c_w.l(libinit2.o)
    0x08000162   0x08000162   0x00000002   Code   RO          458    .ARM.Collect$$libinit$$00000035  c_w.l(libinit2.o)
    0x08000164   0x08000164   0x00000002   Code   RO          493    .ARM.Collect$$libshutdown$$00000000  c_w.l(libshutdown.o)
    0x08000166   0x08000166   0x00000000   Code   RO          521    .ARM.Collect$$libshutdown$$00000002  c_w.l(libshutdown2.o)
    0x08000166   0x08000166   0x00000000   Code   RO          523    .ARM.Collect$$libshutdown$$00000004  c_w.l(libshutdown2.o)
    0x08000166   0x08000166   0x00000000   Code   RO          526    .ARM.Collect$$libshutdown$$00000007  c_w.l(libshutdown2.o)
    0x08000166   0x08000166   0x00000000   Code   RO          529    .ARM.Collect$$libshutdown$$0000000A  c_w.l(libshutdown2.o)
    0x08000166   0x08000166   0x00000000   Code   RO          531    .ARM.Collect$$libshutdown$$0000000C  c_w.l(libshutdown2.o)
    0x08000166   0x08000166   0x00000000   Code   RO          534    .ARM.Collect$$libshutdown$$0000000F  c_w.l(libshutdown2.o)
    0x08000166   0x08000166   0x00000002   Code   RO          535    .ARM.Collect$$libshutdown$$00000010  c_w.l(libshutdown2.o)
    0x08000168   0x08000168   0x00000000   Code   RO          356    .ARM.Collect$$rtentry$$00000000  c_w.l(__rtentry.o)
    0x08000168   0x08000168   0x00000000   Code   RO          371    .ARM.Collect$$rtentry$$00000002  c_w.l(__rtentry2.o)
    0x08000168   0x08000168   0x00000006   Code   RO          383    .ARM.Collect$$rtentry$$00000004  c_w.l(__rtentry4.o)
    0x0800016e   0x0800016e   0x00000000   Code   RO          373    .ARM.Collect$$rtentry$$00000009  c_w.l(__rtentry2.o)
    0x0800016e   0x0800016e   0x00000004   Code   RO          374    .ARM.Collect$$rtentry$$0000000A  c_w.l(__rtentry2.o)
    0x08000172   0x08000172   0x00000000   Code   RO          376    .ARM.Collect$$rtentry$$0000000C  c_w.l(__rtentry2.o)
    0x08000172   0x08000172   0x00000008   Code   RO          377    .ARM.Collect$$rtentry$$0000000D  c_w.l(__rtentry2.o)
    0x0800017a   0x0800017a   0x00000002   Code   RO          404    .ARM.Collect$$rtexit$$00000000  c_w.l(rtexit.o)
    0x0800017c   0x0800017c   0x00000000   Code   RO          464    .ARM.Collect$$rtexit$$00000002  c_w.l(rtexit2.o)
    0x0800017c   0x0800017c   0x00000004   Code   RO          465    .ARM.Collect$$rtexit$$00000003  c_w.l(rtexit2.o)
    0x08000180   0x08000180   0x00000006   Code   RO          466    .ARM.Collect$$rtexit$$00000004  c_w.l(rtexit2.o)
    0x08000186   0x08000186   0x00000002   PAD
    0x08000188   0x08000188   0x00000040   Code   RO          278    .text               startup_stm32f10x_md.o
    0x080001c8   0x080001c8   0x000000f0   Code   RO          300    .text               c_w.l(lludivv7m.o)
    0x080002b8   0x080002b8   0x00000006   Code   RO          304    .text               c_w.l(heapauxi.o)
    0x080002be   0x080002be   0x0000004a   Code   RO          387    .text               c_w.l(sys_stackheap_outer.o)
    0x08000308   0x08000308   0x00000012   Code   RO          389    .text               c_w.l(exit.o)
    0x0800031a   0x0800031a   0x00000002   PAD
    0x0800031c   0x0800031c   0x00000008   Code   RO          401    .text               c_w.l(libspace.o)
    0x08000324   0x08000324   0x0000000c   Code   RO          459    .text               c_w.l(sys_exit.o)
    0x08000330   0x08000330   0x00000002   Code   RO          482    .text               c_w.l(use_no_semi.o)
    0x08000332   0x08000332   0x00000000   Code   RO          484    .text               c_w.l(indicate_semi.o)
    0x08000332   0x08000332   0x00000002   PAD
    0x08000334   0x08000334   0x00000010   Code   RO           79    .text.ADC_Cmd       adc.o
    0x08000344   0x08000344   0x0000001c   Code   RO           89    .text.ADC_DMACmd    adc.o
    0x08000360   0x08000360   0x00000054   Code   RO           77    .text.ADC_Init      adc.o
    0x080003b4   0x080003b4   0x00000058   Code   RO           75    .text.ADC_PeripheralClockControl  adc.o
    0x0800040c   0x0800040c   0x00000060   Code   RO           87    .text.ADC_RegularChannelConfig  adc.o
    0x0800046c   0x0800046c   0x00000012   Code   RO           81    .text.ADC_SoftwareStartConvCmd  adc.o
    0x0800047e   0x0800047e   0x00000002   PAD
    0x08000480   0x08000480   0x000000b4   Code   RO           12    .text.Current_Sensor  main.o
    0x08000534   0x08000534   0x0000001c   Code   RO          131    .text.DMA_Cmd       dma.o
    0x08000550   0x08000550   0x00000108   Code   RO          125    .text.DMA_DeInit    dma.o
    0x08000658   0x08000658   0x00000048   Code   RO          127    .text.DMA_Init      dma.o
    0x080006a0   0x080006a0   0x0000007e   Code   RO          123    .text.DMA_PeriClockControl  dma.o
    0x0800071e   0x0800071e   0x00000002   PAD
    0x08000720   0x08000720   0x0000009c   Code   RO           36    .text.EXTI1_IRQHandler  main.o
    0x080007bc   0x080007bc   0x000000fe   Code   RO          149    .text.FLASH_ErasePage  flash.o
    0x080008ba   0x080008ba   0x00000002   PAD
    0x080008bc   0x080008bc   0x0000001e   Code   RO          153    .text.FLASH_GetFlagStatus  flash.o
    0x080008da   0x080008da   0x00000002   PAD
    0x080008dc   0x080008dc   0x00000012   Code   RO          147    .text.FLASH_Lock    flash.o
    0x080008ee   0x080008ee   0x00000002   PAD
    0x080008f0   0x080008f0   0x00000116   Code   RO          155    .text.FLASH_ProgramHalfWord  flash.o
    0x08000a06   0x08000a06   0x00000002   PAD
    0x08000a08   0x08000a08   0x0000001e   Code   RO          145    .text.FLASH_Unlock  flash.o
    0x08000a26   0x08000a26   0x00000002   PAD
    0x08000a28   0x08000a28   0x000000b0   Code   RO            4    .text.GPIO_Config   main.o
    0x08000ad8   0x08000ad8   0x00000016   Code   RO          189    .text.GPIO_IRQHandling  gpio.o
    0x08000aee   0x08000aee   0x00000002   PAD
    0x08000af0   0x08000af0   0x00000034   Code   RO          185    .text.GPIO_IRQInteruptConfig  gpio.o
    0x08000b24   0x08000b24   0x00000148   Code   RO          169    .text.GPIO_Init     gpio.o
    0x08000c6c   0x08000c6c   0x0000009e   Code   RO          167    .text.GPIO_PeriClockControl  gpio.o
    0x08000d0a   0x08000d0a   0x00000002   PAD
    0x08000d0c   0x08000d0c   0x00000012   Code   RO          171    .text.GPIO_SetState  gpio.o
    0x08000d1e   0x08000d1e   0x00000002   PAD
    0x08000d20   0x08000d20   0x0000000a   Code   RO          246    .text.SPI_GetFlagStatus  spi.o
    0x08000d2a   0x08000d2a   0x00000002   PAD
    0x08000d2c   0x08000d2c   0x0000009c   Code   RO          244    .text.SPI_Init      spi.o
    0x08000dc8   0x08000dc8   0x00000010   Code   RO          256    .text.SPI_PeripheralControl  spi.o
    0x08000dd8   0x08000dd8   0x00000010   Code   RO          254    .text.SPI_SSOEConfig  spi.o
    0x08000de8   0x08000de8   0x00000028   Code   RO          248    .text.SPI_SendData  spi.o
    0x08000e10   0x08000e10   0x00000040   Code   RO          199    .text.SimpleKalmanFilter  kalman.o
    0x08000e50   0x08000e50   0x0000002a   Code   RO          103    .text.SysTick_Handler  delay.o
    0x08000e7a   0x08000e7a   0x00000002   PAD
    0x08000e7c   0x08000e7c   0x00000110   Code   RO          285    .text.SystemInit    system_stm32f10x.o
    0x08000f8c   0x08000f8c   0x0000002c   Code   RO          101    .text.Systick_Initialize  delay.o
    0x08000fb8   0x08000fb8   0x000000c0   Code   RO           10    .text.Voltage_Sensor  main.o
    0x08001078   0x08001078   0x00000022   Code   RO          107    .text.delay_ms      delay.o
    0x0800109a   0x0800109a   0x00000002   PAD
    0x0800109c   0x0800109c   0x00000364   Code   RO           38    .text.main          main.o
    0x08001400   0x08001400   0x00000018   Code   RO          111    .text.millis        delay.o
    0x08001418   0x08001418   0x000000ba   Code   RO          201    .text.updateEstimate  kalman.o
    0x080014d2   0x080014d2   0x00000002   PAD
    0x080014d4   0x080014d4   0x00000062   Code   RO          308    x$fpl$d2f           fz_ws.l(d2f.o)
    0x08001536   0x08001536   0x00000002   PAD
    0x08001538   0x08001538   0x00000150   Code   RO          310    x$fpl$dadd          fz_ws.l(daddsub_clz.o)
    0x08001688   0x08001688   0x000002b4   Code   RO          317    x$fpl$ddiv          fz_ws.l(ddiv.o)
    0x0800193c   0x0800193c   0x0000005e   Code   RO          320    x$fpl$dfix          fz_ws.l(dfix.o)
    0x0800199a   0x0800199a   0x00000026   Code   RO          324    x$fpl$dfltu         fz_ws.l(dflt_clz.o)
    0x080019c0   0x080019c0   0x00000154   Code   RO          330    x$fpl$dmul          fz_ws.l(dmul.o)
    0x08001b14   0x08001b14   0x0000009c   Code   RO          361    x$fpl$dnaninf       fz_ws.l(dnaninf.o)
    0x08001bb0   0x08001bb0   0x0000000c   Code   RO          363    x$fpl$dretinf       fz_ws.l(dretinf.o)
    0x08001bbc   0x08001bbc   0x000001dc   Code   RO          312    x$fpl$dsub          fz_ws.l(daddsub_clz.o)
    0x08001d98   0x08001d98   0x00000056   Code   RO          332    x$fpl$f2d           fz_ws.l(f2d.o)
    0x08001dee   0x08001dee   0x00000002   PAD
    0x08001df0   0x08001df0   0x000000c4   Code   RO          334    x$fpl$fadd          fz_ws.l(faddsub_clz.o)
    0x08001eb4   0x08001eb4   0x00000184   Code   RO          341    x$fpl$fdiv          fz_ws.l(fdiv.o)
    0x08002038   0x08002038   0x00000036   Code   RO          344    x$fpl$ffix          fz_ws.l(ffix.o)
    0x0800206e   0x0800206e   0x00000002   PAD
    0x08002070   0x08002070   0x00000030   Code   RO          349    x$fpl$fflt          fz_ws.l(fflt_clz.o)
    0x080020a0   0x080020a0   0x00000026   Code   RO          348    x$fpl$ffltu         fz_ws.l(fflt_clz.o)
    0x080020c6   0x080020c6   0x00000002   PAD
    0x080020c8   0x080020c8   0x00000102   Code   RO          354    x$fpl$fmul          fz_ws.l(fmul.o)
    0x080021ca   0x080021ca   0x0000008c   Code   RO          365    x$fpl$fnaninf       fz_ws.l(fnaninf.o)
    0x08002256   0x08002256   0x0000000a   Code   RO          367    x$fpl$fretinf       fz_ws.l(fretinf.o)
    0x08002260   0x08002260   0x000000ea   Code   RO          336    x$fpl$fsub          fz_ws.l(faddsub_clz.o)
    0x0800234a   0x0800234a   0x00000000   Code   RO          369    x$fpl$usenofp       fz_ws.l(usenofp.o)
    0x0800234a   0x0800234a   0x00000002   PAD
    0x0800234c   0x0800234c   0x0000000c   Data   RO          232    .rodata..Lswitch.table.setEstimateError  kalman.o
    0x08002358   0x08002358   0x0000000c   Data   RO          231    .rodata..Lswitch.table.setMeasurementError  kalman.o
    0x08002364   0x08002364   0x0000000c   Data   RO          233    .rodata..Lswitch.table.setProcessNoise  kalman.o
    0x08002370   0x08002370   0x00000020   Data   RO          537    Region$$Table       anon$$obj.o


    Execution Region RW_IRAM1 (Exec base: 0x20000000, Load base: 0x08002390, Size: 0x000006f8, Max: 0x00005000, ABSOLUTE)

    Exec Addr    Load Addr    Size         Type   Attr      Idx    E Section Name        Object

    0x20000000   0x08002390   0x00000004   Data   RW           43    .data.r1            main.o
    0x20000004   0x08002394   0x00000004   Data   RW           44    .data.r2            main.o
    0x20000008        -       0x00000060   Zero   RW          402    .bss                c_w.l(libspace.o)
    0x20000068        -       0x00000004   Zero   RW           61    .bss.I              main.o
    0x2000006c        -       0x00000004   Zero   RW           51    .bss.Vs             main.o
    0x20000070        -       0x00000006   Zero   RW           48    .bss.adc_buffer     main.o
    0x20000076   0x08002398   0x00000002   PAD
    0x20000078        -       0x00000004   Zero   RW           46    .bss.current        main.o
    0x2000007c        -       0x00000004   Zero   RW           59    .bss.currentC       main.o
    0x20000080        -       0x00000004   Zero   RW           58    .bss.currentSOC     main.o
    0x20000084        -       0x00000004   Zero   RW           57    .bss.currentTime    main.o
    0x20000088        -       0x00000001   Zero   RW           40    .bss.data_SOC       main.o
    0x20000089        -       0x00000001   Zero   RW           41    .bss.data_SOH       main.o
    0x2000008a        -       0x00000002   Zero   RW           45    .bss.kal_current    main.o
    0x2000008c        -       0x00000002   Zero   RW           47    .bss.kal_temperature  main.o
    0x2000008e        -       0x00000002   Zero   RW           42    .bss.kal_voltage    main.o
    0x20000090        -       0x00000004   Zero   RW          217    .bss.kalmanCurrent_err_estimate  kalman.o
    0x20000094        -       0x00000004   Zero   RW          216    .bss.kalmanCurrent_err_measure  kalman.o
    0x20000098        -       0x00000004   Zero   RW          223    .bss.kalmanCurrent_last_estimate  kalman.o
    0x2000009c        -       0x00000004   Zero   RW          218    .bss.kalmanCurrent_q  kalman.o
    0x200000a0        -       0x00000004   Zero   RW          220    .bss.kalmanTemperature_err_estimate  kalman.o
    0x200000a4        -       0x00000004   Zero   RW          219    .bss.kalmanTemperature_err_measure  kalman.o
    0x200000a8        -       0x00000004   Zero   RW          224    .bss.kalmanTemperature_last_estimate  kalman.o
    0x200000ac        -       0x00000004   Zero   RW          221    .bss.kalmanTemperature_q  kalman.o
    0x200000b0        -       0x00000004   Zero   RW          214    .bss.kalmanVoltage_err_estimate  kalman.o
    0x200000b4        -       0x00000004   Zero   RW          213    .bss.kalmanVoltage_err_measure  kalman.o
    0x200000b8        -       0x00000004   Zero   RW          222    .bss.kalmanVoltage_last_estimate  kalman.o
    0x200000bc        -       0x00000004   Zero   RW          215    .bss.kalmanVoltage_q  kalman.o
    0x200000c0        -       0x00000004   Zero   RW           62    .bss.previousC      main.o
    0x200000c4        -       0x00000004   Zero   RW           60    .bss.previousSOC    main.o
    0x200000c8        -       0x00000004   Zero   RW           56    .bss.previousTime   main.o
    0x200000cc        -       0x00000004   Zero   RW           55    .bss.temperature    main.o
    0x200000d0        -       0x00000004   Zero   RW          113    .bss.usTicks        delay.o
    0x200000d4   0x08002398   0x00000004   PAD
    0x200000d8        -       0x00000008   Zero   RW          114    .bss.usTimeElapsed  delay.o
    0x200000e0        -       0x00000004   Zero   RW           50    .bss.v1_in          main.o
    0x200000e4        -       0x00000004   Zero   RW           49    .bss.v1_out         main.o
    0x200000e8        -       0x00000004   Zero   RW           53    .bss.v2_in          main.o
    0x200000ec        -       0x00000004   Zero   RW           52    .bss.v2_out         main.o
    0x200000f0        -       0x00000004   Zero   RW           54    .bss.v3             main.o
    0x200000f4   0x08002398   0x00000004   PAD
    0x200000f8        -       0x00000200   Zero   RW          276    HEAP                startup_stm32f10x_md.o
    0x200002f8        -       0x00000400   Zero   RW          275    STACK               startup_stm32f10x_md.o


==============================================================================

Image component sizes


      Code (inc. data)   RO Data    RW Data    ZI Data      Debug   Object Name

       330          0          0          0          0       3757   adc.o
       144          0          0          0         12       2134   delay.o
       490          0          0          0          0       2874   dma.o
       610          0          0          0          0       5305   flash.o
       578         32          0          0          0       5517   gpio.o
       250          0         36          0         48       2840   kalman.o
      1572          0          0          8         74       9190   main.o
       238          0          0          0          0       5684   spi.o
        64         26        236          0       1536        812   startup_stm32f10x_md.o
       272          0          0          0          0       2758   system_stm32f10x.o

    ----------------------------------------------------------------------
      4576         58        304          8       1680      40871   Object Totals
         0          0         32          0          0          0   (incl. Generated)
        28          0          0          0         10          0   (incl. Padding)

    ----------------------------------------------------------------------

      Code (inc. data)   RO Data    RW Data    ZI Data      Debug   Library Member Name

         8          0          0          0          0         68   __main.o
         0          0          0          0          0          0   __rtentry.o
        12          0          0          0          0          0   __rtentry2.o
         6          0          0          0          0          0   __rtentry4.o
        52          8          0          0          0          0   __scatter.o
        26          0          0          0          0          0   __scatter_copy.o
        28          0          0          0          0          0   __scatter_zi.o
        18          0          0          0          0         80   exit.o
         6          0          0          0          0        152   heapauxi.o
         0          0          0          0          0          0   indicate_semi.o
         2          0          0          0          0          0   libinit.o
         2          0          0          0          0          0   libinit2.o
         2          0          0          0          0          0   libshutdown.o
         2          0          0          0          0          0   libshutdown2.o
         8          4          0          0         96         68   libspace.o
       240          0          0          0          0        100   lludivv7m.o
         2          0          0          0          0          0   rtexit.o
        10          0          0          0          0          0   rtexit2.o
        12          4          0          0          0         68   sys_exit.o
        74          0          0          0          0         80   sys_stackheap_outer.o
         2          0          0          0          0         68   use_no_semi.o
        98          4          0          0          0         92   d2f.o
       812         16          0          0          0        296   daddsub_clz.o
       692        140          0          0          0        216   ddiv.o
        94          4          0          0          0         92   dfix.o
        38          0          0          0          0         68   dflt_clz.o
       340         12          0          0          0        104   dmul.o
       156          4          0          0          0         92   dnaninf.o
        12          0          0          0          0         68   dretinf.o
        86          4          0          0          0         84   f2d.o
       430          8          0          0          0        168   faddsub_clz.o
       388         76          0          0          0         96   fdiv.o
        54          4          0          0          0         84   ffix.o
        86          0          0          0          0        136   fflt_clz.o
       258          4          0          0          0         84   fmul.o
       140          4          0          0          0         84   fnaninf.o
        10          0          0          0          0         68   fretinf.o
         0          0          0          0          0          0   usenofp.o

    ----------------------------------------------------------------------
      4224        296          0          0         96       2516   Library Totals
        18          0          0          0          0          0   (incl. Padding)

    ----------------------------------------------------------------------

      Code (inc. data)   RO Data    RW Data    ZI Data      Debug   Library Name

       512         16          0          0         96        684   c_w.l
      3694        280          0          0          0       1832   fz_ws.l

    ----------------------------------------------------------------------
      4224        296          0          0         96       2516   Library Totals

    ----------------------------------------------------------------------

==============================================================================


      Code (inc. data)   RO Data    RW Data    ZI Data      Debug   

      8800        354        304          8       1776      42079   Grand Totals
      8800        354        304          8       1776      42079   ELF Image Totals
      8800        354        304          8          0          0   ROM Totals

==============================================================================

    Total RO  Size (Code + RO Data)                 9104 (   8.89kB)
    Total RW  Size (RW Data + ZI Data)              1784 (   1.74kB)
    Total ROM Size (Code + RO Data + RW Data)       9112 (   8.90kB)

==============================================================================

